Archive member included to satisfy reference by file (symbol)

f:/embedded/eclipse arm/imt_sdk_win_64/winarm/armgcc/bin/../lib/gcc/arm-none-eabi/7.2.1/../../../../arm-none-eabi/lib/thumb/v7e-m/fpv4-sp/softfp\libg_nano.a(lib_a-errno.o)
                              ./system/src/newlib/_sbrk.o (__errno)
f:/embedded/eclipse arm/imt_sdk_win_64/winarm/armgcc/bin/../lib/gcc/arm-none-eabi/7.2.1/../../../../arm-none-eabi/lib/thumb/v7e-m/fpv4-sp/softfp\libg_nano.a(lib_a-impure.o)
                              f:/embedded/eclipse arm/imt_sdk_win_64/winarm/armgcc/bin/../lib/gcc/arm-none-eabi/7.2.1/../../../../arm-none-eabi/lib/thumb/v7e-m/fpv4-sp/softfp\libg_nano.a(lib_a-errno.o) (_impure_ptr)
f:/embedded/eclipse arm/imt_sdk_win_64/winarm/armgcc/bin/../lib/gcc/arm-none-eabi/7.2.1/../../../../arm-none-eabi/lib/thumb/v7e-m/fpv4-sp/softfp\libg_nano.a(lib_a-memcpy-stub.o)
                              ./src/queue.o (memcpy)
f:/embedded/eclipse arm/imt_sdk_win_64/winarm/armgcc/bin/../lib/gcc/arm-none-eabi/7.2.1/../../../../arm-none-eabi/lib/thumb/v7e-m/fpv4-sp/softfp\libg_nano.a(lib_a-memset.o)
                              ./src/stream_buffer.o (memset)

Allocating common symbols
Common symbol       size              file

errno               0x4               ./system/src/newlib/_syscalls.o
uwTick              0x4               ./system/src/stm32f4-hal/stm32f4xx_hal.o
pFlash              0x20              ./system/src/stm32f4-hal/stm32f4xx_hal_flash.o

Discarded input sections

 .text          0x00000000        0x0 ./system/src/stm32f4-hal/stm32f4xx_hal.o
 .data          0x00000000        0x0 ./system/src/stm32f4-hal/stm32f4xx_hal.o
 .bss           0x00000000        0x0 ./system/src/stm32f4-hal/stm32f4xx_hal.o
 .text.HAL_MspInit
                0x00000000        0x2 ./system/src/stm32f4-hal/stm32f4xx_hal.o
 .text.HAL_MspDeInit
                0x00000000        0x2 ./system/src/stm32f4-hal/stm32f4xx_hal.o
 .text.HAL_DeInit
                0x00000000       0x2c ./system/src/stm32f4-hal/stm32f4xx_hal.o
 .text.HAL_IncTick
                0x00000000       0x10 ./system/src/stm32f4-hal/stm32f4xx_hal.o
 .text.HAL_Delay
                0x00000000       0x1a ./system/src/stm32f4-hal/stm32f4xx_hal.o
 .text.HAL_SuspendTick
                0x00000000       0x10 ./system/src/stm32f4-hal/stm32f4xx_hal.o
 .text.HAL_ResumeTick
                0x00000000       0x10 ./system/src/stm32f4-hal/stm32f4xx_hal.o
 .text.HAL_GetHalVersion
                0x00000000        0x8 ./system/src/stm32f4-hal/stm32f4xx_hal.o
 .text.HAL_GetREVID
                0x00000000        0xc ./system/src/stm32f4-hal/stm32f4xx_hal.o
 .text.HAL_GetDEVID
                0x00000000       0x10 ./system/src/stm32f4-hal/stm32f4xx_hal.o
 .text.HAL_DBGMCU_EnableDBGSleepMode
                0x00000000       0x10 ./system/src/stm32f4-hal/stm32f4xx_hal.o
 .text.HAL_DBGMCU_DisableDBGSleepMode
                0x00000000       0x10 ./system/src/stm32f4-hal/stm32f4xx_hal.o
 .text.HAL_DBGMCU_EnableDBGStopMode
                0x00000000       0x10 ./system/src/stm32f4-hal/stm32f4xx_hal.o
 .text.HAL_DBGMCU_DisableDBGStopMode
                0x00000000       0x10 ./system/src/stm32f4-hal/stm32f4xx_hal.o
 .text.HAL_DBGMCU_EnableDBGStandbyMode
                0x00000000       0x10 ./system/src/stm32f4-hal/stm32f4xx_hal.o
 .text.HAL_DBGMCU_DisableDBGStandbyMode
                0x00000000       0x10 ./system/src/stm32f4-hal/stm32f4xx_hal.o
 .text.HAL_EnableCompensationCell
                0x00000000       0x18 ./system/src/stm32f4-hal/stm32f4xx_hal.o
 .text.HAL_DisableCompensationCell
                0x00000000       0x1c ./system/src/stm32f4-hal/stm32f4xx_hal.o
 .text          0x00000000        0x0 ./system/src/stm32f4-hal/stm32f4xx_hal_cortex.o
 .data          0x00000000        0x0 ./system/src/stm32f4-hal/stm32f4xx_hal_cortex.o
 .bss           0x00000000        0x0 ./system/src/stm32f4-hal/stm32f4xx_hal_cortex.o
 .text.HAL_NVIC_EnableIRQ
                0x00000000       0x18 ./system/src/stm32f4-hal/stm32f4xx_hal_cortex.o
 .text.HAL_NVIC_DisableIRQ
                0x00000000       0x1c ./system/src/stm32f4-hal/stm32f4xx_hal_cortex.o
 .text.HAL_NVIC_SystemReset
                0x00000000       0x24 ./system/src/stm32f4-hal/stm32f4xx_hal_cortex.o
 .text.HAL_MPU_ConfigRegion
                0x00000000       0x50 ./system/src/stm32f4-hal/stm32f4xx_hal_cortex.o
 .text.HAL_NVIC_GetPriorityGrouping
                0x00000000       0x10 ./system/src/stm32f4-hal/stm32f4xx_hal_cortex.o
 .text.HAL_NVIC_GetPriority
                0x00000000       0x5c ./system/src/stm32f4-hal/stm32f4xx_hal_cortex.o
 .text.HAL_NVIC_SetPendingIRQ
                0x00000000       0x1c ./system/src/stm32f4-hal/stm32f4xx_hal_cortex.o
 .text.HAL_NVIC_GetPendingIRQ
                0x00000000       0x1c ./system/src/stm32f4-hal/stm32f4xx_hal_cortex.o
 .text.HAL_NVIC_ClearPendingIRQ
                0x00000000       0x1c ./system/src/stm32f4-hal/stm32f4xx_hal_cortex.o
 .text.HAL_NVIC_GetActive
                0x00000000       0x1c ./system/src/stm32f4-hal/stm32f4xx_hal_cortex.o
 .text.HAL_SYSTICK_Callback
                0x00000000        0x2 ./system/src/stm32f4-hal/stm32f4xx_hal_cortex.o
 .text.HAL_SYSTICK_IRQHandler
                0x00000000        0x8 ./system/src/stm32f4-hal/stm32f4xx_hal_cortex.o
 .text          0x00000000        0x0 ./system/src/stm32f4-hal/stm32f4xx_hal_dfsdm.o
 .data          0x00000000        0x0 ./system/src/stm32f4-hal/stm32f4xx_hal_dfsdm.o
 .bss           0x00000000        0x0 ./system/src/stm32f4-hal/stm32f4xx_hal_dfsdm.o
 .debug_info    0x00000000      0x8bf ./system/src/stm32f4-hal/stm32f4xx_hal_dfsdm.o
 .debug_abbrev  0x00000000      0x192 ./system/src/stm32f4-hal/stm32f4xx_hal_dfsdm.o
 .debug_aranges
                0x00000000       0x18 ./system/src/stm32f4-hal/stm32f4xx_hal_dfsdm.o
 .debug_line    0x00000000      0x13e ./system/src/stm32f4-hal/stm32f4xx_hal_dfsdm.o
 .debug_str     0x00000000      0x5f3 ./system/src/stm32f4-hal/stm32f4xx_hal_dfsdm.o
 .comment       0x00000000       0x7f ./system/src/stm32f4-hal/stm32f4xx_hal_dfsdm.o
 .ARM.attributes
                0x00000000       0x37 ./system/src/stm32f4-hal/stm32f4xx_hal_dfsdm.o
 .text          0x00000000        0x0 ./system/src/stm32f4-hal/stm32f4xx_hal_flash.o
 .data          0x00000000        0x0 ./system/src/stm32f4-hal/stm32f4xx_hal_flash.o
 .bss           0x00000000        0x0 ./system/src/stm32f4-hal/stm32f4xx_hal_flash.o
 .text.FLASH_Program_Word
                0x00000000       0x24 ./system/src/stm32f4-hal/stm32f4xx_hal_flash.o
 .text.FLASH_Program_HalfWord
                0x00000000       0x24 ./system/src/stm32f4-hal/stm32f4xx_hal_flash.o
 .text.FLASH_SetErrorCode
                0x00000000       0x8c ./system/src/stm32f4-hal/stm32f4xx_hal_flash.o
 .text.HAL_FLASH_Program_IT
                0x00000000       0x90 ./system/src/stm32f4-hal/stm32f4xx_hal_flash.o
 .text.HAL_FLASH_EndOfOperationCallback
                0x00000000        0x2 ./system/src/stm32f4-hal/stm32f4xx_hal_flash.o
 .text.HAL_FLASH_OperationErrorCallback
                0x00000000        0x2 ./system/src/stm32f4-hal/stm32f4xx_hal_flash.o
 .text.HAL_FLASH_IRQHandler
                0x00000000       0xc8 ./system/src/stm32f4-hal/stm32f4xx_hal_flash.o
 .text.HAL_FLASH_Unlock
                0x00000000       0x24 ./system/src/stm32f4-hal/stm32f4xx_hal_flash.o
 .text.HAL_FLASH_Lock
                0x00000000       0x14 ./system/src/stm32f4-hal/stm32f4xx_hal_flash.o
 .text.HAL_FLASH_OB_Unlock
                0x00000000       0x24 ./system/src/stm32f4-hal/stm32f4xx_hal_flash.o
 .text.HAL_FLASH_OB_Lock
                0x00000000       0x14 ./system/src/stm32f4-hal/stm32f4xx_hal_flash.o
 .text.HAL_FLASH_GetError
                0x00000000        0xc ./system/src/stm32f4-hal/stm32f4xx_hal_flash.o
 .text.FLASH_WaitForLastOperation
                0x00000000       0x5c ./system/src/stm32f4-hal/stm32f4xx_hal_flash.o
 .text.HAL_FLASH_Program
                0x00000000       0xa8 ./system/src/stm32f4-hal/stm32f4xx_hal_flash.o
 .text.HAL_FLASH_OB_Launch
                0x00000000       0x18 ./system/src/stm32f4-hal/stm32f4xx_hal_flash.o
 .debug_info    0x00000000      0xef6 ./system/src/stm32f4-hal/stm32f4xx_hal_flash.o
 .debug_abbrev  0x00000000      0x3c5 ./system/src/stm32f4-hal/stm32f4xx_hal_flash.o
 .debug_loc     0x00000000      0x2ac ./system/src/stm32f4-hal/stm32f4xx_hal_flash.o
 .debug_aranges
                0x00000000       0x88 ./system/src/stm32f4-hal/stm32f4xx_hal_flash.o
 .debug_ranges  0x00000000       0xa8 ./system/src/stm32f4-hal/stm32f4xx_hal_flash.o
 .debug_line    0x00000000      0x40c ./system/src/stm32f4-hal/stm32f4xx_hal_flash.o
 .debug_str     0x00000000      0x951 ./system/src/stm32f4-hal/stm32f4xx_hal_flash.o
 .comment       0x00000000       0x7f ./system/src/stm32f4-hal/stm32f4xx_hal_flash.o
 .debug_frame   0x00000000      0x13c ./system/src/stm32f4-hal/stm32f4xx_hal_flash.o
 .ARM.attributes
                0x00000000       0x37 ./system/src/stm32f4-hal/stm32f4xx_hal_flash.o
 COMMON         0x00000000       0x20 ./system/src/stm32f4-hal/stm32f4xx_hal_flash.o
 .text          0x00000000        0x0 ./system/src/stm32f4-hal/stm32f4xx_hal_gpio.o
 .data          0x00000000        0x0 ./system/src/stm32f4-hal/stm32f4xx_hal_gpio.o
 .bss           0x00000000        0x0 ./system/src/stm32f4-hal/stm32f4xx_hal_gpio.o
 .text.HAL_GPIO_Init
                0x00000000      0x1ac ./system/src/stm32f4-hal/stm32f4xx_hal_gpio.o
 .text.HAL_GPIO_DeInit
                0x00000000       0xec ./system/src/stm32f4-hal/stm32f4xx_hal_gpio.o
 .text.HAL_GPIO_ReadPin
                0x00000000        0xc ./system/src/stm32f4-hal/stm32f4xx_hal_gpio.o
 .text.HAL_GPIO_WritePin
                0x00000000        0xa ./system/src/stm32f4-hal/stm32f4xx_hal_gpio.o
 .text.HAL_GPIO_TogglePin
                0x00000000        0x8 ./system/src/stm32f4-hal/stm32f4xx_hal_gpio.o
 .text.HAL_GPIO_LockPin
                0x00000000       0x2a ./system/src/stm32f4-hal/stm32f4xx_hal_gpio.o
 .text.HAL_GPIO_EXTI_Callback
                0x00000000        0x2 ./system/src/stm32f4-hal/stm32f4xx_hal_gpio.o
 .text.HAL_GPIO_EXTI_IRQHandler
                0x00000000       0x18 ./system/src/stm32f4-hal/stm32f4xx_hal_gpio.o
 .debug_info    0x00000000      0xf4d ./system/src/stm32f4-hal/stm32f4xx_hal_gpio.o
 .debug_abbrev  0x00000000      0x2a2 ./system/src/stm32f4-hal/stm32f4xx_hal_gpio.o
 .debug_loc     0x00000000      0x381 ./system/src/stm32f4-hal/stm32f4xx_hal_gpio.o
 .debug_aranges
                0x00000000       0x58 ./system/src/stm32f4-hal/stm32f4xx_hal_gpio.o
 .debug_ranges  0x00000000       0x68 ./system/src/stm32f4-hal/stm32f4xx_hal_gpio.o
 .debug_line    0x00000000      0x38d ./system/src/stm32f4-hal/stm32f4xx_hal_gpio.o
 .debug_str     0x00000000      0x90a ./system/src/stm32f4-hal/stm32f4xx_hal_gpio.o
 .comment       0x00000000       0x7f ./system/src/stm32f4-hal/stm32f4xx_hal_gpio.o
 .debug_frame   0x00000000       0xd8 ./system/src/stm32f4-hal/stm32f4xx_hal_gpio.o
 .ARM.attributes
                0x00000000       0x37 ./system/src/stm32f4-hal/stm32f4xx_hal_gpio.o
 .text          0x00000000        0x0 ./system/src/stm32f4-hal/stm32f4xx_hal_iwdg.o
 .data          0x00000000        0x0 ./system/src/stm32f4-hal/stm32f4xx_hal_iwdg.o
 .bss           0x00000000        0x0 ./system/src/stm32f4-hal/stm32f4xx_hal_iwdg.o
 .text.HAL_IWDG_Init
                0x00000000       0x42 ./system/src/stm32f4-hal/stm32f4xx_hal_iwdg.o
 .text.HAL_IWDG_Refresh
                0x00000000        0xc ./system/src/stm32f4-hal/stm32f4xx_hal_iwdg.o
 .debug_info    0x00000000      0xa40 ./system/src/stm32f4-hal/stm32f4xx_hal_iwdg.o
 .debug_abbrev  0x00000000      0x21e ./system/src/stm32f4-hal/stm32f4xx_hal_iwdg.o
 .debug_loc     0x00000000       0x73 ./system/src/stm32f4-hal/stm32f4xx_hal_iwdg.o
 .debug_aranges
                0x00000000       0x28 ./system/src/stm32f4-hal/stm32f4xx_hal_iwdg.o
 .debug_ranges  0x00000000       0x18 ./system/src/stm32f4-hal/stm32f4xx_hal_iwdg.o
 .debug_line    0x00000000      0x226 ./system/src/stm32f4-hal/stm32f4xx_hal_iwdg.o
 .debug_str     0x00000000      0x6bb ./system/src/stm32f4-hal/stm32f4xx_hal_iwdg.o
 .comment       0x00000000       0x7f ./system/src/stm32f4-hal/stm32f4xx_hal_iwdg.o
 .debug_frame   0x00000000       0x3c ./system/src/stm32f4-hal/stm32f4xx_hal_iwdg.o
 .ARM.attributes
                0x00000000       0x37 ./system/src/stm32f4-hal/stm32f4xx_hal_iwdg.o
 .text          0x00000000        0x0 ./system/src/stm32f4-hal/stm32f4xx_hal_pwr.o
 .data          0x00000000        0x0 ./system/src/stm32f4-hal/stm32f4xx_hal_pwr.o
 .bss           0x00000000        0x0 ./system/src/stm32f4-hal/stm32f4xx_hal_pwr.o
 .text.HAL_PWR_DeInit
                0x00000000       0x18 ./system/src/stm32f4-hal/stm32f4xx_hal_pwr.o
 .text.HAL_PWR_EnableBkUpAccess
                0x00000000       0x1c ./system/src/stm32f4-hal/stm32f4xx_hal_pwr.o
 .text.HAL_PWR_DisableBkUpAccess
                0x00000000       0x1c ./system/src/stm32f4-hal/stm32f4xx_hal_pwr.o
 .text.HAL_PWR_ConfigPVD
                0x00000000       0x70 ./system/src/stm32f4-hal/stm32f4xx_hal_pwr.o
 .text.HAL_PWR_EnablePVD
                0x00000000       0x1a ./system/src/stm32f4-hal/stm32f4xx_hal_pwr.o
 .text.HAL_PWR_DisablePVD
                0x00000000       0x1a ./system/src/stm32f4-hal/stm32f4xx_hal_pwr.o
 .text.HAL_PWR_EnableWakeUpPin
                0x00000000       0x10 ./system/src/stm32f4-hal/stm32f4xx_hal_pwr.o
 .text.HAL_PWR_DisableWakeUpPin
                0x00000000       0x10 ./system/src/stm32f4-hal/stm32f4xx_hal_pwr.o
 .text.HAL_PWR_EnterSLEEPMode
                0x00000000       0x20 ./system/src/stm32f4-hal/stm32f4xx_hal_pwr.o
 .text.HAL_PWR_EnterSTOPMode
                0x00000000       0x38 ./system/src/stm32f4-hal/stm32f4xx_hal_pwr.o
 .text.HAL_PWR_EnterSTANDBYMode
                0x00000000       0x20 ./system/src/stm32f4-hal/stm32f4xx_hal_pwr.o
 .text.HAL_PWR_PVDCallback
                0x00000000        0x2 ./system/src/stm32f4-hal/stm32f4xx_hal_pwr.o
 .text.HAL_PWR_PVD_IRQHandler
                0x00000000       0x1c ./system/src/stm32f4-hal/stm32f4xx_hal_pwr.o
 .text.HAL_PWR_EnableSleepOnExit
                0x00000000       0x10 ./system/src/stm32f4-hal/stm32f4xx_hal_pwr.o
 .text.HAL_PWR_DisableSleepOnExit
                0x00000000       0x10 ./system/src/stm32f4-hal/stm32f4xx_hal_pwr.o
 .text.HAL_PWR_EnableSEVOnPend
                0x00000000       0x10 ./system/src/stm32f4-hal/stm32f4xx_hal_pwr.o
 .text.HAL_PWR_DisableSEVOnPend
                0x00000000       0x10 ./system/src/stm32f4-hal/stm32f4xx_hal_pwr.o
 .debug_info    0x00000000     0x1098 ./system/src/stm32f4-hal/stm32f4xx_hal_pwr.o
 .debug_abbrev  0x00000000      0x2d7 ./system/src/stm32f4-hal/stm32f4xx_hal_pwr.o
 .debug_loc     0x00000000       0xd8 ./system/src/stm32f4-hal/stm32f4xx_hal_pwr.o
 .debug_aranges
                0x00000000       0xa0 ./system/src/stm32f4-hal/stm32f4xx_hal_pwr.o
 .debug_ranges  0x00000000       0x90 ./system/src/stm32f4-hal/stm32f4xx_hal_pwr.o
 .debug_line    0x00000000      0x376 ./system/src/stm32f4-hal/stm32f4xx_hal_pwr.o
 .debug_str     0x00000000      0x992 ./system/src/stm32f4-hal/stm32f4xx_hal_pwr.o
 .comment       0x00000000       0x7f ./system/src/stm32f4-hal/stm32f4xx_hal_pwr.o
 .debug_frame   0x00000000      0x128 ./system/src/stm32f4-hal/stm32f4xx_hal_pwr.o
 .ARM.attributes
                0x00000000       0x37 ./system/src/stm32f4-hal/stm32f4xx_hal_pwr.o
 .text          0x00000000        0x0 ./system/src/stm32f4-hal/stm32f4xx_hal_rcc.o
 .data          0x00000000        0x0 ./system/src/stm32f4-hal/stm32f4xx_hal_rcc.o
 .bss           0x00000000        0x0 ./system/src/stm32f4-hal/stm32f4xx_hal_rcc.o
 .text.HAL_RCC_DeInit
                0x00000000        0x2 ./system/src/stm32f4-hal/stm32f4xx_hal_rcc.o
 .text.HAL_RCC_MCOConfig
                0x00000000       0x94 ./system/src/stm32f4-hal/stm32f4xx_hal_rcc.o
 .text.HAL_RCC_EnableCSS
                0x00000000        0xc ./system/src/stm32f4-hal/stm32f4xx_hal_rcc.o
 .text.HAL_RCC_DisableCSS
                0x00000000        0xc ./system/src/stm32f4-hal/stm32f4xx_hal_rcc.o
 .text.HAL_RCC_GetPCLK1Freq
                0x00000000       0x30 ./system/src/stm32f4-hal/stm32f4xx_hal_rcc.o
 .text.HAL_RCC_GetPCLK2Freq
                0x00000000       0x30 ./system/src/stm32f4-hal/stm32f4xx_hal_rcc.o
 .text.HAL_RCC_GetOscConfig
                0x00000000       0xcc ./system/src/stm32f4-hal/stm32f4xx_hal_rcc.o
 .text.HAL_RCC_GetClockConfig
                0x00000000       0x3c ./system/src/stm32f4-hal/stm32f4xx_hal_rcc.o
 .text.HAL_RCC_CSSCallback
                0x00000000        0x2 ./system/src/stm32f4-hal/stm32f4xx_hal_rcc.o
 .text.HAL_RCC_NMI_IRQHandler
                0x00000000       0x20 ./system/src/stm32f4-hal/stm32f4xx_hal_rcc.o
 .text          0x00000000        0x0 ./system/src/newlib/_cxx.o
 .data          0x00000000        0x0 ./system/src/newlib/_cxx.o
 .bss           0x00000000        0x0 ./system/src/newlib/_cxx.o
 .text._ZN9__gnu_cxx27__verbose_terminate_handlerEv
                0x00000000        0x6 ./system/src/newlib/_cxx.o
 .text.__cxa_pure_virtual
                0x00000000        0x6 ./system/src/newlib/_cxx.o
 .debug_info    0x00000000      0xf94 ./system/src/newlib/_cxx.o
 .debug_abbrev  0x00000000      0x300 ./system/src/newlib/_cxx.o
 .debug_aranges
                0x00000000       0x20 ./system/src/newlib/_cxx.o
 .debug_ranges  0x00000000       0x10 ./system/src/newlib/_cxx.o
 .debug_line    0x00000000      0x30f ./system/src/newlib/_cxx.o
 .debug_str     0x00000000      0x837 ./system/src/newlib/_cxx.o
 .comment       0x00000000       0x7f ./system/src/newlib/_cxx.o
 .debug_frame   0x00000000       0x40 ./system/src/newlib/_cxx.o
 .ARM.attributes
                0x00000000       0x37 ./system/src/newlib/_cxx.o
 .text          0x00000000        0x0 ./system/src/newlib/_exit.o
 .data          0x00000000        0x0 ./system/src/newlib/_exit.o
 .bss           0x00000000        0x0 ./system/src/newlib/_exit.o
 .text.abort    0x00000000        0x8 ./system/src/newlib/_exit.o
 .text          0x00000000        0x0 ./system/src/newlib/_sbrk.o
 .data          0x00000000        0x0 ./system/src/newlib/_sbrk.o
 .bss           0x00000000        0x0 ./system/src/newlib/_sbrk.o
 .text._sbrk    0x00000000       0x3c ./system/src/newlib/_sbrk.o
 .bss.current_heap_end.5236
                0x00000000        0x4 ./system/src/newlib/_sbrk.o
 .debug_info    0x00000000      0x93e ./system/src/newlib/_sbrk.o
 .debug_abbrev  0x00000000      0x1f9 ./system/src/newlib/_sbrk.o
 .debug_loc     0x00000000       0x6a ./system/src/newlib/_sbrk.o
 .debug_aranges
                0x00000000       0x20 ./system/src/newlib/_sbrk.o
 .debug_ranges  0x00000000       0x10 ./system/src/newlib/_sbrk.o
 .debug_line    0x00000000      0x149 ./system/src/newlib/_sbrk.o
 .debug_str     0x00000000      0x623 ./system/src/newlib/_sbrk.o
 .comment       0x00000000       0x7f ./system/src/newlib/_sbrk.o
 .debug_frame   0x00000000       0x28 ./system/src/newlib/_sbrk.o
 .ARM.attributes
                0x00000000       0x37 ./system/src/newlib/_sbrk.o
 .text          0x00000000        0x0 ./system/src/newlib/_startup.o
 .data          0x00000000        0x0 ./system/src/newlib/_startup.o
 .bss           0x00000000        0x0 ./system/src/newlib/_startup.o
 .text.__initialize_data
                0x00000000       0x10 ./system/src/newlib/_startup.o
 .text.__initialize_bss
                0x00000000        0xe ./system/src/newlib/_startup.o
 .text.__run_init_array
                0x00000000       0x44 ./system/src/newlib/_startup.o
 .text.__run_fini_array
                0x00000000       0x24 ./system/src/newlib/_startup.o
 .text          0x00000000        0x0 ./system/src/newlib/_syscalls.o
 .data          0x00000000        0x0 ./system/src/newlib/_syscalls.o
 .bss           0x00000000        0x0 ./system/src/newlib/_syscalls.o
 .text.raise    0x00000000       0x10 ./system/src/newlib/_syscalls.o
 .text.kill     0x00000000       0x10 ./system/src/newlib/_syscalls.o
 .bss.__dso_handle
                0x00000000        0x4 ./system/src/newlib/_syscalls.o
 COMMON         0x00000000        0x4 ./system/src/newlib/_syscalls.o
 .text          0x00000000        0x0 ./system/src/newlib/assert.o
 .data          0x00000000        0x0 ./system/src/newlib/assert.o
 .bss           0x00000000        0x0 ./system/src/newlib/assert.o
 .text.__assert_func
                0x00000000        0x6 ./system/src/newlib/assert.o
 .debug_info    0x00000000      0x96b ./system/src/newlib/assert.o
 .debug_abbrev  0x00000000      0x1fe ./system/src/newlib/assert.o
 .debug_loc     0x00000000       0x84 ./system/src/newlib/assert.o
 .debug_aranges
                0x00000000       0x20 ./system/src/newlib/assert.o
 .debug_ranges  0x00000000       0x10 ./system/src/newlib/assert.o
 .debug_line    0x00000000      0x1b4 ./system/src/newlib/assert.o
 .debug_str     0x00000000      0x62c ./system/src/newlib/assert.o
 .comment       0x00000000       0x7f ./system/src/newlib/assert.o
 .debug_frame   0x00000000       0x28 ./system/src/newlib/assert.o
 .ARM.attributes
                0x00000000       0x37 ./system/src/newlib/assert.o
 .text          0x00000000        0x0 ./system/src/diag/Trace.o
 .data          0x00000000        0x0 ./system/src/diag/Trace.o
 .bss           0x00000000        0x0 ./system/src/diag/Trace.o
 .debug_line    0x00000000        0x0 ./system/src/diag/Trace.o
 .debug_str     0x00000000      0x13f ./system/src/diag/Trace.o
 .comment       0x00000000       0x7f ./system/src/diag/Trace.o
 .ARM.attributes
                0x00000000       0x37 ./system/src/diag/Trace.o
 .text          0x00000000        0x0 ./system/src/diag/trace_impl.o
 .data          0x00000000        0x0 ./system/src/diag/trace_impl.o
 .bss           0x00000000        0x0 ./system/src/diag/trace_impl.o
 .debug_line    0x00000000        0x0 ./system/src/diag/trace_impl.o
 .debug_str     0x00000000      0x144 ./system/src/diag/trace_impl.o
 .comment       0x00000000       0x7f ./system/src/diag/trace_impl.o
 .ARM.attributes
                0x00000000       0x37 ./system/src/diag/trace_impl.o
 .text          0x00000000        0x0 ./system/src/cortexm/_initialize_hardware.o
 .data          0x00000000        0x0 ./system/src/cortexm/_initialize_hardware.o
 .bss           0x00000000        0x0 ./system/src/cortexm/_initialize_hardware.o
 .text.__initialize_hardware
                0x00000000        0x4 ./system/src/cortexm/_initialize_hardware.o
 .text          0x00000000        0x0 ./system/src/cortexm/_reset_hardware.o
 .data          0x00000000        0x0 ./system/src/cortexm/_reset_hardware.o
 .bss           0x00000000        0x0 ./system/src/cortexm/_reset_hardware.o
 .text          0x00000000        0x0 ./system/src/cortexm/exception_handlers.o
 .data          0x00000000        0x0 ./system/src/cortexm/exception_handlers.o
 .bss           0x00000000        0x0 ./system/src/cortexm/exception_handlers.o
 .text          0x00000000        0x0 ./system/src/cmsis/system_stm32f4xx.o
 .data          0x00000000        0x0 ./system/src/cmsis/system_stm32f4xx.o
 .bss           0x00000000        0x0 ./system/src/cmsis/system_stm32f4xx.o
 .text          0x00000000        0x0 ./system/src/cmsis/vectors_stm32f401xc.o
 .data          0x00000000        0x0 ./system/src/cmsis/vectors_stm32f401xc.o
 .bss           0x00000000        0x0 ./system/src/cmsis/vectors_stm32f401xc.o
 .text          0x00000000        0x0 ./src/MCAL/RCC/RCC_prg.o
 .data          0x00000000        0x0 ./src/MCAL/RCC/RCC_prg.o
 .bss           0x00000000        0x0 ./src/MCAL/RCC/RCC_prg.o
 .text.MRCC_vDisableClock
                0x00000000       0x58 ./src/MCAL/RCC/RCC_prg.o
 .text          0x00000000        0x0 ./src/MCAL/GPIO/GPIO_prg.o
 .data          0x00000000        0x0 ./src/MCAL/GPIO/GPIO_prg.o
 .bss           0x00000000        0x0 ./src/MCAL/GPIO/GPIO_prg.o
 .text.MGPIO_vSetPinInputPull
                0x00000000       0x44 ./src/MCAL/GPIO/GPIO_prg.o
 .text.MGPIO_u8GetPinValue
                0x00000000       0x34 ./src/MCAL/GPIO/GPIO_prg.o
 .text.MGPIO_vSetAlternativeFunction
                0x00000000       0xd4 ./src/MCAL/GPIO/GPIO_prg.o
 .text.MGPIO_vInit
                0x00000000       0x3a ./src/MCAL/GPIO/GPIO_prg.o
 .text          0x00000000        0x0 ./src/_initialize_hardware.o
 .data          0x00000000        0x0 ./src/_initialize_hardware.o
 .bss           0x00000000        0x0 ./src/_initialize_hardware.o
 .text          0x00000000        0x0 ./src/croutine.o
 .data          0x00000000        0x0 ./src/croutine.o
 .bss           0x00000000        0x0 ./src/croutine.o
 .debug_info    0x00000000       0x72 ./src/croutine.o
 .debug_abbrev  0x00000000       0x26 ./src/croutine.o
 .debug_aranges
                0x00000000       0x18 ./src/croutine.o
 .debug_line    0x00000000       0x1d ./src/croutine.o
 .debug_str     0x00000000      0x1cb ./src/croutine.o
 .comment       0x00000000       0x7f ./src/croutine.o
 .ARM.attributes
                0x00000000       0x37 ./src/croutine.o
 .text          0x00000000        0x0 ./src/event_groups.o
 .data          0x00000000        0x0 ./src/event_groups.o
 .bss           0x00000000        0x0 ./src/event_groups.o
 .text.xEventGroupCreate
                0x00000000       0x1a ./src/event_groups.o
 .text.xEventGroupWaitBits
                0x00000000      0x114 ./src/event_groups.o
 .text.xEventGroupClearBits
                0x00000000       0x46 ./src/event_groups.o
 .text.xEventGroupGetBitsFromISR
                0x00000000       0x1c ./src/event_groups.o
 .text.xEventGroupSetBits
                0x00000000       0x86 ./src/event_groups.o
 .text.xEventGroupSync
                0x00000000       0xd0 ./src/event_groups.o
 .text.vEventGroupDelete
                0x00000000       0x54 ./src/event_groups.o
 .text.vEventGroupSetBitsCallback
                0x00000000        0x4 ./src/event_groups.o
 .text.vEventGroupClearBitsCallback
                0x00000000        0x4 ./src/event_groups.o
 .debug_info    0x00000000     0x1402 ./src/event_groups.o
 .debug_abbrev  0x00000000      0x3dc ./src/event_groups.o
 .debug_loc     0x00000000      0x841 ./src/event_groups.o
 .debug_aranges
                0x00000000       0x60 ./src/event_groups.o
 .debug_ranges  0x00000000       0xb8 ./src/event_groups.o
 .debug_line    0x00000000      0x3b0 ./src/event_groups.o
 .debug_str     0x00000000      0xa50 ./src/event_groups.o
 .comment       0x00000000       0x7f ./src/event_groups.o
 .debug_frame   0x00000000      0x100 ./src/event_groups.o
 .ARM.attributes
                0x00000000       0x37 ./src/event_groups.o
 .text          0x00000000        0x0 ./src/heap_4.o
 .data          0x00000000        0x0 ./src/heap_4.o
 .bss           0x00000000        0x0 ./src/heap_4.o
 .text.unlikely.prvInsertBlockIntoFreeList
                0x00000000       0x48 ./src/heap_4.o
 .text.pvPortMalloc
                0x00000000      0x130 ./src/heap_4.o
 .text.vPortFree
                0x00000000       0x7c ./src/heap_4.o
 .text.xPortGetFreeHeapSize
                0x00000000        0xc ./src/heap_4.o
 .text.xPortGetMinimumEverFreeHeapSize
                0x00000000        0xc ./src/heap_4.o
 .text.vPortInitialiseBlocks
                0x00000000        0x2 ./src/heap_4.o
 .text.vPortGetHeapStats
                0x00000000       0x84 ./src/heap_4.o
 .bss.pxEnd     0x00000000        0x4 ./src/heap_4.o
 .bss.ucHeap    0x00000000     0x5000 ./src/heap_4.o
 .bss.xBlockAllocatedBit
                0x00000000        0x4 ./src/heap_4.o
 .bss.xFreeBytesRemaining
                0x00000000        0x4 ./src/heap_4.o
 .bss.xMinimumEverFreeBytesRemaining
                0x00000000        0x4 ./src/heap_4.o
 .bss.xNumberOfSuccessfulAllocations
                0x00000000        0x4 ./src/heap_4.o
 .bss.xNumberOfSuccessfulFrees
                0x00000000        0x4 ./src/heap_4.o
 .bss.xStart    0x00000000        0x8 ./src/heap_4.o
 .debug_info    0x00000000      0xd7b ./src/heap_4.o
 .debug_abbrev  0x00000000      0x35b ./src/heap_4.o
 .debug_loc     0x00000000      0x3c2 ./src/heap_4.o
 .debug_aranges
                0x00000000       0x50 ./src/heap_4.o
 .debug_ranges  0x00000000       0x40 ./src/heap_4.o
 .debug_line    0x00000000      0x2fb ./src/heap_4.o
 .debug_str     0x00000000      0x8e8 ./src/heap_4.o
 .comment       0x00000000       0x7f ./src/heap_4.o
 .debug_frame   0x00000000       0xc8 ./src/heap_4.o
 .ARM.attributes
                0x00000000       0x37 ./src/heap_4.o
 .text          0x00000000        0x0 ./src/list.o
 .data          0x00000000        0x0 ./src/list.o
 .bss           0x00000000        0x0 ./src/list.o
 .text.vListInitialise
                0x00000000       0x16 ./src/list.o
 .text.vListInitialiseItem
                0x00000000        0x6 ./src/list.o
 .text.vListInsertEnd
                0x00000000       0x18 ./src/list.o
 .text.vListInsert
                0x00000000       0x2e ./src/list.o
 .text.uxListRemove
                0x00000000       0x22 ./src/list.o
 .debug_info    0x00000000      0xabe ./src/list.o
 .debug_abbrev  0x00000000      0x220 ./src/list.o
 .debug_loc     0x00000000       0x94 ./src/list.o
 .debug_aranges
                0x00000000       0x40 ./src/list.o
 .debug_ranges  0x00000000       0x30 ./src/list.o
 .debug_line    0x00000000      0x20e ./src/list.o
 .debug_str     0x00000000      0x6f5 ./src/list.o
 .comment       0x00000000       0x7f ./src/list.o
 .debug_frame   0x00000000       0x6c ./src/list.o
 .ARM.attributes
                0x00000000       0x37 ./src/list.o
 .text          0x00000000        0x0 ./src/main.o
 .data          0x00000000        0x0 ./src/main.o
 .bss           0x00000000        0x0 ./src/main.o
 .text          0x00000000        0x0 ./src/port.o
 .data          0x00000000        0x0 ./src/port.o
 .bss           0x00000000        0x0 ./src/port.o
 .text.prvTaskExitError
                0x00000000       0x40 ./src/port.o
 .text.unlikely.prvPortStartFirstTask
                0x00000000       0x28 ./src/port.o
 .text.unlikely.vPortEnableVFP
                0x00000000       0x14 ./src/port.o
 .text.pxPortInitialiseStack
                0x00000000       0x2c ./src/port.o
 .text.vPortEndScheduler
                0x00000000       0x24 ./src/port.o
 .text.vPortEnterCritical
                0x00000000       0x44 ./src/port.o
 .text.vPortExitCritical
                0x00000000       0x28 ./src/port.o
 .text.vPortSetupTimerInterrupt
                0x00000000       0x24 ./src/port.o
 .text.xPortStartScheduler
                0x00000000      0x10c ./src/port.o
 .text.vPortValidateInterruptPriority
                0x00000000       0x5c ./src/port.o
 .bss.ucMaxSysCallPriority
                0x00000000        0x1 ./src/port.o
 .bss.ulMaxPRIGROUPValue
                0x00000000        0x4 ./src/port.o
 .data.uxCriticalNesting
                0x00000000        0x4 ./src/port.o
 .text          0x00000000        0x0 ./src/queue.o
 .data          0x00000000        0x0 ./src/queue.o
 .bss           0x00000000        0x0 ./src/queue.o
 .text.prvIsQueueEmpty
                0x00000000       0x16 ./src/queue.o
 .text.prvCopyDataToQueue
                0x00000000       0x66 ./src/queue.o
 .text.prvCopyDataFromQueue
                0x00000000       0x2a ./src/queue.o
 .text.prvUnlockQueue
                0x00000000       0x70 ./src/queue.o
 .text.xQueueGenericReset
                0x00000000       0x9c ./src/queue.o
 .text.xQueueGenericCreate
                0x00000000       0x4c ./src/queue.o
 .text.xQueueGenericSend
                0x00000000      0x164 ./src/queue.o
 .text.xQueueCreateMutex
                0x00000000       0x24 ./src/queue.o
 .text.xQueueGenericSendFromISR
                0x00000000       0xda ./src/queue.o
 .text.xQueueGiveFromISR
                0x00000000       0xbe ./src/queue.o
 .text.xQueueReceive
                0x00000000      0x140 ./src/queue.o
 .text.xQueueSemaphoreTake
                0x00000000      0x184 ./src/queue.o
 .text.xQueuePeek
                0x00000000      0x140 ./src/queue.o
 .text.xQueueReceiveFromISR
                0x00000000       0xb4 ./src/queue.o
 .text.xQueuePeekFromISR
                0x00000000       0x76 ./src/queue.o
 .text.uxQueueMessagesWaiting
                0x00000000       0x26 ./src/queue.o
 .text.uxQueueSpacesAvailable
                0x00000000       0x2a ./src/queue.o
 .text.uxQueueMessagesWaitingFromISR
                0x00000000       0x18 ./src/queue.o
 .text.vQueueDelete
                0x00000000       0x18 ./src/queue.o
 .text.xQueueIsQueueEmptyFromISR
                0x00000000       0x1e ./src/queue.o
 .text.xQueueIsQueueFullFromISR
                0x00000000       0x20 ./src/queue.o
 .text.vQueueWaitForMessageRestricted
                0x00000000       0x46 ./src/queue.o
 .debug_info    0x00000000     0x2563 ./src/queue.o
 .debug_abbrev  0x00000000      0x3d1 ./src/queue.o
 .debug_loc     0x00000000      0xe9f ./src/queue.o
 .debug_aranges
                0x00000000       0xc8 ./src/queue.o
 .debug_ranges  0x00000000      0x1e8 ./src/queue.o
 .debug_line    0x00000000      0x7b6 ./src/queue.o
 .debug_str     0x00000000      0xdd6 ./src/queue.o
 .comment       0x00000000       0x7f ./src/queue.o
 .debug_frame   0x00000000      0x2a8 ./src/queue.o
 .ARM.attributes
                0x00000000       0x37 ./src/queue.o
 .text          0x00000000        0x0 ./src/stm32f4xx_hal_msp.o
 .data          0x00000000        0x0 ./src/stm32f4xx_hal_msp.o
 .bss           0x00000000        0x0 ./src/stm32f4xx_hal_msp.o
 .text.HAL_MspDeInit
                0x00000000        0x2 ./src/stm32f4xx_hal_msp.o
 .text.HAL_PPP_MspInit
                0x00000000        0x2 ./src/stm32f4xx_hal_msp.o
 .text.HAL_PPP_MspDeInit
                0x00000000        0x2 ./src/stm32f4xx_hal_msp.o
 .text          0x00000000        0x0 ./src/stream_buffer.o
 .data          0x00000000        0x0 ./src/stream_buffer.o
 .bss           0x00000000        0x0 ./src/stream_buffer.o
 .text.prvBytesInBuffer
                0x00000000       0x12 ./src/stream_buffer.o
 .text.unlikely.prvInitialiseNewStreamBuffer
                0x00000000       0x46 ./src/stream_buffer.o
 .text.prvWriteBytesToBuffer
                0x00000000       0x82 ./src/stream_buffer.o
 .text.prvWriteMessageToBuffer
                0x00000000       0x48 ./src/stream_buffer.o
 .text.prvReadBytesFromBuffer
                0x00000000       0x82 ./src/stream_buffer.o
 .text.prvReadMessageFromBuffer
                0x00000000       0x44 ./src/stream_buffer.o
 .text.xStreamBufferGenericCreate
                0x00000000       0x80 ./src/stream_buffer.o
 .text.vStreamBufferDelete
                0x00000000       0x26 ./src/stream_buffer.o
 .text.xStreamBufferReset
                0x00000000       0x48 ./src/stream_buffer.o
 .text.xStreamBufferSetTriggerLevel
                0x00000000       0x28 ./src/stream_buffer.o
 .text.xStreamBufferSpacesAvailable
                0x00000000       0x32 ./src/stream_buffer.o
 .text.xStreamBufferBytesAvailable
                0x00000000       0x18 ./src/stream_buffer.o
 .text.xStreamBufferSend
                0x00000000      0x126 ./src/stream_buffer.o
 .text.xStreamBufferSendFromISR
                0x00000000       0x9a ./src/stream_buffer.o
 .text.xStreamBufferReceive
                0x00000000       0xde ./src/stream_buffer.o
 .text.xStreamBufferNextMessageLengthBytes
                0x00000000       0x52 ./src/stream_buffer.o
 .text.xStreamBufferReceiveFromISR
                0x00000000       0x8e ./src/stream_buffer.o
 .text.xStreamBufferIsEmpty
                0x00000000       0x20 ./src/stream_buffer.o
 .text.xStreamBufferIsFull
                0x00000000       0x30 ./src/stream_buffer.o
 .text.xStreamBufferSendCompletedFromISR
                0x00000000       0x4e ./src/stream_buffer.o
 .text.xStreamBufferReceiveCompletedFromISR
                0x00000000       0x4e ./src/stream_buffer.o
 .debug_info    0x00000000     0x1f33 ./src/stream_buffer.o
 .debug_abbrev  0x00000000      0x411 ./src/stream_buffer.o
 .debug_loc     0x00000000      0xfad ./src/stream_buffer.o
 .debug_aranges
                0x00000000       0xc0 ./src/stream_buffer.o
 .debug_ranges  0x00000000       0xc8 ./src/stream_buffer.o
 .debug_line    0x00000000      0x62e ./src/stream_buffer.o
 .debug_str     0x00000000      0xc6e ./src/stream_buffer.o
 .comment       0x00000000       0x7f ./src/stream_buffer.o
 .debug_frame   0x00000000      0x278 ./src/stream_buffer.o
 .ARM.attributes
                0x00000000       0x37 ./src/stream_buffer.o
 .text          0x00000000        0x0 ./src/tasks.o
 .data          0x00000000        0x0 ./src/tasks.o
 .bss           0x00000000        0x0 ./src/tasks.o
 .text.prvIdleTask
                0x00000000       0x24 ./src/tasks.o
 .text.prvAddCurrentTaskToDelayedList.isra.2
                0x00000000       0x70 ./src/tasks.o
 .text.xTaskCreate
                0x00000000      0x1e4 ./src/tasks.o
 .text.vTaskStartScheduler
                0x00000000       0x80 ./src/tasks.o
 .text.vTaskEndScheduler
                0x00000000       0x20 ./src/tasks.o
 .text.vTaskSuspendAll
                0x00000000       0x10 ./src/tasks.o
 .text.xTaskGetTickCount
                0x00000000        0xc ./src/tasks.o
 .text.xTaskGetTickCountFromISR
                0x00000000       0x10 ./src/tasks.o
 .text.uxTaskGetNumberOfTasks
                0x00000000        0xc ./src/tasks.o
 .text.pcTaskGetName
                0x00000000       0x24 ./src/tasks.o
 .text.xTaskResumeAll
                0x00000000      0x144 ./src/tasks.o
 .text.vTaskDelay
                0x00000000       0x48 ./src/tasks.o
 .text.xTaskCatchUpTicks
                0x00000000       0x38 ./src/tasks.o
 .text.vTaskPlaceOnEventList
                0x00000000       0x30 ./src/tasks.o
 .text.vTaskPlaceOnUnorderedEventList
                0x00000000       0x6c ./src/tasks.o
 .text.vTaskPlaceOnEventListRestricted
                0x00000000       0x54 ./src/tasks.o
 .text.xTaskRemoveFromEventList
                0x00000000       0xd4 ./src/tasks.o
 .text.vTaskRemoveFromUnorderedEventList
                0x00000000       0xc8 ./src/tasks.o
 .text.vTaskSetTimeOutState
                0x00000000       0x38 ./src/tasks.o
 .text.vTaskInternalSetTimeOutState
                0x00000000       0x18 ./src/tasks.o
 .text.xTaskCheckForTimeOut
                0x00000000       0x74 ./src/tasks.o
 .text.vTaskMissedYield
                0x00000000        0xc ./src/tasks.o
 .text.xTaskGetCurrentTaskHandle
                0x00000000        0xc ./src/tasks.o
 .text.xTaskGetSchedulerState
                0x00000000       0x20 ./src/tasks.o
 .text.xTaskPriorityInherit
                0x00000000       0xa4 ./src/tasks.o
 .text.xTaskPriorityDisinherit
                0x00000000       0xa8 ./src/tasks.o
 .text.vTaskPriorityDisinheritAfterTimeout
                0x00000000       0xb8 ./src/tasks.o
 .text.uxTaskResetEventItemValue
                0x00000000       0x18 ./src/tasks.o
 .text.pvTaskIncrementMutexHeldCount
                0x00000000       0x18 ./src/tasks.o
 .text.ulTaskGenericNotifyTake
                0x00000000       0x78 ./src/tasks.o
 .text.xTaskGenericNotifyWait
                0x00000000       0xa0 ./src/tasks.o
 .text.xTaskGenericNotify
                0x00000000      0x128 ./src/tasks.o
 .text.xTaskGenericNotifyFromISR
                0x00000000      0x178 ./src/tasks.o
 .text.vTaskGenericNotifyGiveFromISR
                0x00000000      0x118 ./src/tasks.o
 .text.xTaskGenericNotifyStateClear
                0x00000000       0x40 ./src/tasks.o
 .text.ulTaskGenericNotifyValueClear
                0x00000000       0x2c ./src/tasks.o
 .bss.uxCurrentNumberOfTasks
                0x00000000        0x4 ./src/tasks.o
 .bss.uxTaskNumber
                0x00000000        0x4 ./src/tasks.o
 .bss.xDelayedTaskList1
                0x00000000       0x14 ./src/tasks.o
 .bss.xDelayedTaskList2
                0x00000000       0x14 ./src/tasks.o
 .bss.xIdleTaskHandle
                0x00000000        0x4 ./src/tasks.o
 .bss.xPendingReadyList
                0x00000000       0x14 ./src/tasks.o
 .bss.xSchedulerRunning
                0x00000000        0x4 ./src/tasks.o
 .data.uxTopUsedPriority
                0x00000000        0x4 ./src/tasks.o
 .rodata.vTaskStartScheduler.str1.1
                0x00000000        0x5 ./src/tasks.o
 .text          0x00000000        0x0 ./src/timers.o
 .data          0x00000000        0x0 ./src/timers.o
 .bss           0x00000000        0x0 ./src/timers.o
 .text.prvCheckForValidListAndQueue
                0x00000000       0x4c ./src/timers.o
 .text.prvInsertTimerInActiveList
                0x00000000       0x3c ./src/timers.o
 .text.prvReloadTimer
                0x00000000       0x26 ./src/timers.o
 .text.prvProcessExpiredTimer
                0x00000000       0x40 ./src/timers.o
 .text.prvSwitchTimerLists
                0x00000000       0x2c ./src/timers.o
 .text.prvTimerTask
                0x00000000      0x180 ./src/timers.o
 .text.xTimerCreateTimerTask
                0x00000000       0x4c ./src/timers.o
 .text.xTimerCreate
                0x00000000       0x5a ./src/timers.o
 .text.xTimerGenericCommand
                0x00000000       0x58 ./src/timers.o
 .text.xTimerGetTimerDaemonTaskHandle
                0x00000000       0x20 ./src/timers.o
 .text.xTimerGetPeriod
                0x00000000       0x18 ./src/timers.o
 .text.vTimerSetReloadMode
                0x00000000       0x3a ./src/timers.o
 .text.uxTimerGetReloadMode
                0x00000000       0x2c ./src/timers.o
 .text.xTimerGetExpiryTime
                0x00000000       0x18 ./src/timers.o
 .text.pcTimerGetName
                0x00000000       0x18 ./src/timers.o
 .text.xTimerIsTimerActive
                0x00000000       0x2c ./src/timers.o
 .text.pvTimerGetTimerID
                0x00000000       0x26 ./src/timers.o
 .text.vTimerSetTimerID
                0x00000000       0x28 ./src/timers.o
 .bss.pxCurrentTimerList
                0x00000000        0x4 ./src/timers.o
 .bss.pxOverflowTimerList
                0x00000000        0x4 ./src/timers.o
 .bss.xActiveTimerList1
                0x00000000       0x14 ./src/timers.o
 .bss.xActiveTimerList2
                0x00000000       0x14 ./src/timers.o
 .bss.xLastTime.6257
                0x00000000        0x4 ./src/timers.o
 .bss.xTimerQueue
                0x00000000        0x4 ./src/timers.o
 .bss.xTimerTaskHandle
                0x00000000        0x4 ./src/timers.o
 .rodata.xTimerCreateTimerTask.str1.1
                0x00000000        0x8 ./src/timers.o
 .debug_info    0x00000000     0x190b ./src/timers.o
 .debug_abbrev  0x00000000      0x3d6 ./src/timers.o
 .debug_loc     0x00000000      0x9cd ./src/timers.o
 .debug_aranges
                0x00000000       0xa8 ./src/timers.o
 .debug_ranges  0x00000000      0x128 ./src/timers.o
 .debug_line    0x00000000      0x491 ./src/timers.o
 .debug_str     0x00000000      0xcb4 ./src/timers.o
 .comment       0x00000000       0x7f ./src/timers.o
 .debug_frame   0x00000000      0x200 ./src/timers.o
 .ARM.attributes
                0x00000000       0x37 ./src/timers.o
 .text          0x00000000        0x0 f:/embedded/eclipse arm/imt_sdk_win_64/winarm/armgcc/bin/../lib/gcc/arm-none-eabi/7.2.1/../../../../arm-none-eabi/lib/thumb/v7e-m/fpv4-sp/softfp\libg_nano.a(lib_a-errno.o)
 .data          0x00000000        0x0 f:/embedded/eclipse arm/imt_sdk_win_64/winarm/armgcc/bin/../lib/gcc/arm-none-eabi/7.2.1/../../../../arm-none-eabi/lib/thumb/v7e-m/fpv4-sp/softfp\libg_nano.a(lib_a-errno.o)
 .bss           0x00000000        0x0 f:/embedded/eclipse arm/imt_sdk_win_64/winarm/armgcc/bin/../lib/gcc/arm-none-eabi/7.2.1/../../../../arm-none-eabi/lib/thumb/v7e-m/fpv4-sp/softfp\libg_nano.a(lib_a-errno.o)
 .text.__errno  0x00000000        0xc f:/embedded/eclipse arm/imt_sdk_win_64/winarm/armgcc/bin/../lib/gcc/arm-none-eabi/7.2.1/../../../../arm-none-eabi/lib/thumb/v7e-m/fpv4-sp/softfp\libg_nano.a(lib_a-errno.o)
 .debug_frame   0x00000000       0x20 f:/embedded/eclipse arm/imt_sdk_win_64/winarm/armgcc/bin/../lib/gcc/arm-none-eabi/7.2.1/../../../../arm-none-eabi/lib/thumb/v7e-m/fpv4-sp/softfp\libg_nano.a(lib_a-errno.o)
 .ARM.attributes
                0x00000000       0x32 f:/embedded/eclipse arm/imt_sdk_win_64/winarm/armgcc/bin/../lib/gcc/arm-none-eabi/7.2.1/../../../../arm-none-eabi/lib/thumb/v7e-m/fpv4-sp/softfp\libg_nano.a(lib_a-errno.o)
 .text          0x00000000        0x0 f:/embedded/eclipse arm/imt_sdk_win_64/winarm/armgcc/bin/../lib/gcc/arm-none-eabi/7.2.1/../../../../arm-none-eabi/lib/thumb/v7e-m/fpv4-sp/softfp\libg_nano.a(lib_a-impure.o)
 .data          0x00000000        0x0 f:/embedded/eclipse arm/imt_sdk_win_64/winarm/armgcc/bin/../lib/gcc/arm-none-eabi/7.2.1/../../../../arm-none-eabi/lib/thumb/v7e-m/fpv4-sp/softfp\libg_nano.a(lib_a-impure.o)
 .bss           0x00000000        0x0 f:/embedded/eclipse arm/imt_sdk_win_64/winarm/armgcc/bin/../lib/gcc/arm-none-eabi/7.2.1/../../../../arm-none-eabi/lib/thumb/v7e-m/fpv4-sp/softfp\libg_nano.a(lib_a-impure.o)
 .data._impure_ptr
                0x00000000        0x4 f:/embedded/eclipse arm/imt_sdk_win_64/winarm/armgcc/bin/../lib/gcc/arm-none-eabi/7.2.1/../../../../arm-none-eabi/lib/thumb/v7e-m/fpv4-sp/softfp\libg_nano.a(lib_a-impure.o)
 .data.impure_data
                0x00000000       0x60 f:/embedded/eclipse arm/imt_sdk_win_64/winarm/armgcc/bin/../lib/gcc/arm-none-eabi/7.2.1/../../../../arm-none-eabi/lib/thumb/v7e-m/fpv4-sp/softfp\libg_nano.a(lib_a-impure.o)
 .rodata._global_impure_ptr
                0x00000000        0x4 f:/embedded/eclipse arm/imt_sdk_win_64/winarm/armgcc/bin/../lib/gcc/arm-none-eabi/7.2.1/../../../../arm-none-eabi/lib/thumb/v7e-m/fpv4-sp/softfp\libg_nano.a(lib_a-impure.o)
 .ARM.attributes
                0x00000000       0x32 f:/embedded/eclipse arm/imt_sdk_win_64/winarm/armgcc/bin/../lib/gcc/arm-none-eabi/7.2.1/../../../../arm-none-eabi/lib/thumb/v7e-m/fpv4-sp/softfp\libg_nano.a(lib_a-impure.o)
 .text          0x00000000        0x0 f:/embedded/eclipse arm/imt_sdk_win_64/winarm/armgcc/bin/../lib/gcc/arm-none-eabi/7.2.1/../../../../arm-none-eabi/lib/thumb/v7e-m/fpv4-sp/softfp\libg_nano.a(lib_a-memcpy-stub.o)
 .data          0x00000000        0x0 f:/embedded/eclipse arm/imt_sdk_win_64/winarm/armgcc/bin/../lib/gcc/arm-none-eabi/7.2.1/../../../../arm-none-eabi/lib/thumb/v7e-m/fpv4-sp/softfp\libg_nano.a(lib_a-memcpy-stub.o)
 .bss           0x00000000        0x0 f:/embedded/eclipse arm/imt_sdk_win_64/winarm/armgcc/bin/../lib/gcc/arm-none-eabi/7.2.1/../../../../arm-none-eabi/lib/thumb/v7e-m/fpv4-sp/softfp\libg_nano.a(lib_a-memcpy-stub.o)
 .text.memcpy   0x00000000       0x16 f:/embedded/eclipse arm/imt_sdk_win_64/winarm/armgcc/bin/../lib/gcc/arm-none-eabi/7.2.1/../../../../arm-none-eabi/lib/thumb/v7e-m/fpv4-sp/softfp\libg_nano.a(lib_a-memcpy-stub.o)
 .debug_frame   0x00000000       0x28 f:/embedded/eclipse arm/imt_sdk_win_64/winarm/armgcc/bin/../lib/gcc/arm-none-eabi/7.2.1/../../../../arm-none-eabi/lib/thumb/v7e-m/fpv4-sp/softfp\libg_nano.a(lib_a-memcpy-stub.o)
 .ARM.attributes
                0x00000000       0x32 f:/embedded/eclipse arm/imt_sdk_win_64/winarm/armgcc/bin/../lib/gcc/arm-none-eabi/7.2.1/../../../../arm-none-eabi/lib/thumb/v7e-m/fpv4-sp/softfp\libg_nano.a(lib_a-memcpy-stub.o)
 .text          0x00000000        0x0 f:/embedded/eclipse arm/imt_sdk_win_64/winarm/armgcc/bin/../lib/gcc/arm-none-eabi/7.2.1/../../../../arm-none-eabi/lib/thumb/v7e-m/fpv4-sp/softfp\libg_nano.a(lib_a-memset.o)
 .data          0x00000000        0x0 f:/embedded/eclipse arm/imt_sdk_win_64/winarm/armgcc/bin/../lib/gcc/arm-none-eabi/7.2.1/../../../../arm-none-eabi/lib/thumb/v7e-m/fpv4-sp/softfp\libg_nano.a(lib_a-memset.o)
 .bss           0x00000000        0x0 f:/embedded/eclipse arm/imt_sdk_win_64/winarm/armgcc/bin/../lib/gcc/arm-none-eabi/7.2.1/../../../../arm-none-eabi/lib/thumb/v7e-m/fpv4-sp/softfp\libg_nano.a(lib_a-memset.o)
 .text.memset   0x00000000       0x10 f:/embedded/eclipse arm/imt_sdk_win_64/winarm/armgcc/bin/../lib/gcc/arm-none-eabi/7.2.1/../../../../arm-none-eabi/lib/thumb/v7e-m/fpv4-sp/softfp\libg_nano.a(lib_a-memset.o)
 .debug_frame   0x00000000       0x20 f:/embedded/eclipse arm/imt_sdk_win_64/winarm/armgcc/bin/../lib/gcc/arm-none-eabi/7.2.1/../../../../arm-none-eabi/lib/thumb/v7e-m/fpv4-sp/softfp\libg_nano.a(lib_a-memset.o)
 .ARM.attributes
                0x00000000       0x32 f:/embedded/eclipse arm/imt_sdk_win_64/winarm/armgcc/bin/../lib/gcc/arm-none-eabi/7.2.1/../../../../arm-none-eabi/lib/thumb/v7e-m/fpv4-sp/softfp\libg_nano.a(lib_a-memset.o)

Memory Configuration

Name             Origin             Length             Attributes
RAM              0x20000000         0x00010000         xrw
CCMRAM           0x10000000         0x00000000         xrw
FLASH            0x08000000         0x00040000         xr
FLASHB1          0x00000000         0x00000000         xr
EXTMEMB0         0x00000000         0x00000000         xr
EXTMEMB1         0x00000000         0x00000000         xr
EXTMEMB2         0x00000000         0x00000000         xr
EXTMEMB3         0x00000000         0x00000000         xr
*default*        0x00000000         0xffffffff

Linker script and memory map

LOAD ./system/src/stm32f4-hal/stm32f4xx_hal.o
LOAD ./system/src/stm32f4-hal/stm32f4xx_hal_cortex.o
LOAD ./system/src/stm32f4-hal/stm32f4xx_hal_dfsdm.o
LOAD ./system/src/stm32f4-hal/stm32f4xx_hal_flash.o
LOAD ./system/src/stm32f4-hal/stm32f4xx_hal_gpio.o
LOAD ./system/src/stm32f4-hal/stm32f4xx_hal_iwdg.o
LOAD ./system/src/stm32f4-hal/stm32f4xx_hal_pwr.o
LOAD ./system/src/stm32f4-hal/stm32f4xx_hal_rcc.o
LOAD ./system/src/newlib/_cxx.o
LOAD ./system/src/newlib/_exit.o
LOAD ./system/src/newlib/_sbrk.o
LOAD ./system/src/newlib/_startup.o
LOAD ./system/src/newlib/_syscalls.o
LOAD ./system/src/newlib/assert.o
LOAD ./system/src/diag/Trace.o
LOAD ./system/src/diag/trace_impl.o
LOAD ./system/src/cortexm/_initialize_hardware.o
LOAD ./system/src/cortexm/_reset_hardware.o
LOAD ./system/src/cortexm/exception_handlers.o
LOAD ./system/src/cmsis/system_stm32f4xx.o
LOAD ./system/src/cmsis/vectors_stm32f401xc.o
LOAD ./src/MCAL/RCC/RCC_prg.o
LOAD ./src/MCAL/GPIO/GPIO_prg.o
LOAD ./src/_initialize_hardware.o
LOAD ./src/croutine.o
LOAD ./src/event_groups.o
LOAD ./src/heap_4.o
LOAD ./src/list.o
LOAD ./src/main.o
LOAD ./src/port.o
LOAD ./src/queue.o
LOAD ./src/stm32f4xx_hal_msp.o
LOAD ./src/stream_buffer.o
LOAD ./src/tasks.o
LOAD ./src/timers.o
LOAD f:/embedded/eclipse arm/imt_sdk_win_64/winarm/armgcc/bin/../lib/gcc/arm-none-eabi/7.2.1/../../../../arm-none-eabi/lib/thumb/v7e-m/fpv4-sp/softfp\libstdc++_nano.a
LOAD f:/embedded/eclipse arm/imt_sdk_win_64/winarm/armgcc/bin/../lib/gcc/arm-none-eabi/7.2.1/../../../../arm-none-eabi/lib/thumb/v7e-m/fpv4-sp/softfp\libm.a
START GROUP
LOAD f:/embedded/eclipse arm/imt_sdk_win_64/winarm/armgcc/bin/../lib/gcc/arm-none-eabi/7.2.1/thumb/v7e-m/fpv4-sp/softfp\libgcc.a
LOAD f:/embedded/eclipse arm/imt_sdk_win_64/winarm/armgcc/bin/../lib/gcc/arm-none-eabi/7.2.1/../../../../arm-none-eabi/lib/thumb/v7e-m/fpv4-sp/softfp\libg_nano.a
LOAD f:/embedded/eclipse arm/imt_sdk_win_64/winarm/armgcc/bin/../lib/gcc/arm-none-eabi/7.2.1/../../../../arm-none-eabi/lib/thumb/v7e-m/fpv4-sp/softfp\libc_nano.a
END GROUP
START GROUP
LOAD f:/embedded/eclipse arm/imt_sdk_win_64/winarm/armgcc/bin/../lib/gcc/arm-none-eabi/7.2.1/thumb/v7e-m/fpv4-sp/softfp\libgcc.a
LOAD f:/embedded/eclipse arm/imt_sdk_win_64/winarm/armgcc/bin/../lib/gcc/arm-none-eabi/7.2.1/../../../../arm-none-eabi/lib/thumb/v7e-m/fpv4-sp/softfp\libc_nano.a
END GROUP
                0x20010000                __stack = (ORIGIN (RAM) + LENGTH (RAM))
                0x20010000                _estack = __stack
                0x00000400                __Main_Stack_Size = 0x400
                [!provide]                PROVIDE (_Main_Stack_Size, __Main_Stack_Size)
                0x2000fc00                __Main_Stack_Limit = (__stack - __Main_Stack_Size)
                [!provide]                PROVIDE (_Main_Stack_Limit, __Main_Stack_Limit)
                0x00000100                _Minimum_Stack_Size = 0x100
                0x200000a0                PROVIDE (_Heap_Begin, _end_noinit)
                0x2000fc00                PROVIDE (_Heap_Limit, (__stack - __Main_Stack_Size))

.isr_vector     0x08000000      0x2c6
 FILL mask 0xff
                0x08000000                __vectors_start = ABSOLUTE (.)
                0x08000000                __vectors_start__ = ABSOLUTE (.)
 *(.isr_vector)
 .isr_vector    0x08000000      0x194 ./system/src/cmsis/vectors_stm32f401xc.o
                0x08000000                __isr_vectors
 *(.cfmconfig)
 *(.after_vectors .after_vectors.*)
 .after_vectors
                0x08000194       0xcc ./system/src/newlib/_startup.o
                0x08000194                _start
 .after_vectors
                0x08000260       0x64 ./system/src/cortexm/exception_handlers.o
                0x08000260                Reset_Handler
                0x08000264                NMI_Handler
                0x08000266                HardFault_Handler
                0x0800027a                HardFault_Handler_C
                0x0800027c                MemManage_Handler
                0x0800027e                BusFault_Handler
                0x08000292                BusFault_Handler_C
                0x08000294                UsageFault_Handler
                0x080002a8                UsageFault_Handler_C
                0x080002ac                DebugMon_Handler
 .after_vectors
                0x080002c4        0x2 ./system/src/cmsis/vectors_stm32f401xc.o
                0x080002c4                RTC_Alarm_IRQHandler
                0x080002c4                EXTI2_IRQHandler
                0x080002c4                SPI4_IRQHandler
                0x080002c4                TIM1_CC_IRQHandler
                0x080002c4                DMA2_Stream5_IRQHandler
                0x080002c4                DMA1_Stream5_IRQHandler
                0x080002c4                PVD_IRQHandler
                0x080002c4                SDIO_IRQHandler
                0x080002c4                TAMP_STAMP_IRQHandler
                0x080002c4                EXTI3_IRQHandler
                0x080002c4                TIM1_UP_TIM10_IRQHandler
                0x080002c4                I2C3_ER_IRQHandler
                0x080002c4                EXTI0_IRQHandler
                0x080002c4                I2C2_EV_IRQHandler
                0x080002c4                DMA1_Stream2_IRQHandler
                0x080002c4                FPU_IRQHandler
                0x080002c4                DMA2_Stream2_IRQHandler
                0x080002c4                SPI1_IRQHandler
                0x080002c4                TIM1_BRK_TIM9_IRQHandler
                0x080002c4                DMA2_Stream3_IRQHandler
                0x080002c4                USART6_IRQHandler
                0x080002c4                DMA2_Stream0_IRQHandler
                0x080002c4                TIM4_IRQHandler
                0x080002c4                I2C1_EV_IRQHandler
                0x080002c4                DMA1_Stream6_IRQHandler
                0x080002c4                DMA1_Stream1_IRQHandler
                0x080002c4                TIM3_IRQHandler
                0x080002c4                RCC_IRQHandler
                0x080002c4                Default_Handler
                0x080002c4                EXTI15_10_IRQHandler
                0x080002c4                ADC_IRQHandler
                0x080002c4                DMA1_Stream7_IRQHandler
                0x080002c4                TIM5_IRQHandler
                0x080002c4                DMA2_Stream7_IRQHandler
                0x080002c4                I2C3_EV_IRQHandler
                0x080002c4                EXTI9_5_IRQHandler
                0x080002c4                RTC_WKUP_IRQHandler
                0x080002c4                SPI2_IRQHandler
                0x080002c4                DMA1_Stream0_IRQHandler
                0x080002c4                EXTI4_IRQHandler
                0x080002c4                WWDG_IRQHandler
                0x080002c4                TIM2_IRQHandler
                0x080002c4                OTG_FS_WKUP_IRQHandler
                0x080002c4                TIM1_TRG_COM_TIM11_IRQHandler
                0x080002c4                EXTI1_IRQHandler
                0x080002c4                USART2_IRQHandler
                0x080002c4                I2C2_ER_IRQHandler
                0x080002c4                DMA2_Stream1_IRQHandler
                0x080002c4                FLASH_IRQHandler
                0x080002c4                DMA2_Stream4_IRQHandler
                0x080002c4                USART1_IRQHandler
                0x080002c4                OTG_FS_IRQHandler
                0x080002c4                SPI3_IRQHandler
                0x080002c4                DMA1_Stream4_IRQHandler
                0x080002c4                I2C1_ER_IRQHandler
                0x080002c4                DMA2_Stream6_IRQHandler
                0x080002c4                DMA1_Stream3_IRQHandler

.inits          0x080002c8       0x28
                0x080002c8                __data_regions_array_start = .
                0x080002c8        0x4 LONG 0x8000fc8 LOADADDR (.data)
                0x080002cc        0x4 LONG 0x20000000 ADDR (.data)
                0x080002d0        0x4 LONG 0x2000000c (ADDR (.data) + SIZEOF (.data))
                0x080002d4        0x4 LONG 0x8000fc8 LOADADDR (.data_CCMRAM)
                0x080002d8        0x4 LONG 0x10000000 ADDR (.data_CCMRAM)
                0x080002dc        0x4 LONG 0x10000000 (ADDR (.data_CCMRAM) + SIZEOF (.data_CCMRAM))
                0x080002e0                __data_regions_array_end = .
                0x080002e0                __bss_regions_array_start = .
                0x080002e0        0x4 LONG 0x2000000c ADDR (.bss)
                0x080002e4        0x4 LONG 0x200000a0 (ADDR (.bss) + SIZEOF (.bss))
                0x080002e8        0x4 LONG 0x10000000 ADDR (.bss_CCMRAM)
                0x080002ec        0x4 LONG 0x10000000 (ADDR (.bss_CCMRAM) + SIZEOF (.bss_CCMRAM))
                0x080002f0                __bss_regions_array_end = .
 *(.init)
 *(.fini)
                0x080002f0                . = ALIGN (0x4)
                0x080002f0                PROVIDE (__preinit_array_start, .)
 *(.preinit_array_sysinit .preinit_array_sysinit.*)
 *(.preinit_array_platform .preinit_array_platform.*)
 *(.preinit_array .preinit_array.*)
                0x080002f0                PROVIDE (__preinit_array_end, .)
                0x080002f0                . = ALIGN (0x4)
                0x080002f0                PROVIDE (__init_array_start, .)
 *(SORT_BY_NAME(.init_array.*))
 *(.init_array)
                0x080002f0                PROVIDE (__init_array_end, .)
                0x080002f0                . = ALIGN (0x4)
                0x080002f0                PROVIDE (__fini_array_start, .)
 *(SORT_BY_NAME(.fini_array.*))
 *(.fini_array)
                0x080002f0                PROVIDE (__fini_array_end, .)

.flashtext
 *(.flashtext .flashtext.*)

.text           0x080002f0      0xcd8
 *(.text .text.*)
 .text.HAL_InitTick
                0x080002f0       0x28 ./system/src/stm32f4-hal/stm32f4xx_hal.o
                0x080002f0                HAL_InitTick
 .text.HAL_Init
                0x08000318       0x34 ./system/src/stm32f4-hal/stm32f4xx_hal.o
                0x08000318                HAL_Init
 .text.HAL_GetTick
                0x0800034c        0xc ./system/src/stm32f4-hal/stm32f4xx_hal.o
                0x0800034c                HAL_GetTick
 .text.HAL_NVIC_SetPriorityGrouping
                0x08000358       0x24 ./system/src/stm32f4-hal/stm32f4xx_hal_cortex.o
                0x08000358                HAL_NVIC_SetPriorityGrouping
 .text.HAL_NVIC_SetPriority
                0x0800037c       0x68 ./system/src/stm32f4-hal/stm32f4xx_hal_cortex.o
                0x0800037c                HAL_NVIC_SetPriority
 .text.HAL_SYSTICK_Config
                0x080003e4       0x2c ./system/src/stm32f4-hal/stm32f4xx_hal_cortex.o
                0x080003e4                HAL_SYSTICK_Config
 .text.HAL_SYSTICK_CLKSourceConfig
                0x08000410       0x18 ./system/src/stm32f4-hal/stm32f4xx_hal_cortex.o
                0x08000410                HAL_SYSTICK_CLKSourceConfig
 .text.HAL_RCC_OscConfig
                0x08000428      0x2d8 ./system/src/stm32f4-hal/stm32f4xx_hal_rcc.o
                0x08000428                HAL_RCC_OscConfig
 .text.HAL_RCC_GetSysClockFreq
                0x08000700       0x74 ./system/src/stm32f4-hal/stm32f4xx_hal_rcc.o
                0x08000700                HAL_RCC_GetSysClockFreq
 .text.HAL_RCC_ClockConfig
                0x08000774      0x168 ./system/src/stm32f4-hal/stm32f4xx_hal_rcc.o
                0x08000774                HAL_RCC_ClockConfig
 .text.HAL_RCC_GetHCLKFreq
                0x080008dc        0xc ./system/src/stm32f4-hal/stm32f4xx_hal_rcc.o
                0x080008dc                HAL_RCC_GetHCLKFreq
 .text._exit    0x080008e8        0x6 ./system/src/newlib/_exit.o
                0x080008e8                _exit
 *fill*         0x080008ee        0x2 
 .text.__initialize_args
                0x080008f0       0x10 ./system/src/newlib/_syscalls.o
                0x080008f0                __initialize_args
 .text.__initialize_hardware_early
                0x08000900       0x24 ./system/src/cortexm/_initialize_hardware.o
                0x08000900                __initialize_hardware_early
 .text.__reset_hardware
                0x08000924       0x24 ./system/src/cortexm/_reset_hardware.o
                0x08000924                __reset_hardware
 .text.SystemInit
                0x08000948       0x4c ./system/src/cmsis/system_stm32f4xx.o
                0x08000948                SystemInit
 .text.SystemCoreClockUpdate
                0x08000994       0x74 ./system/src/cmsis/system_stm32f4xx.o
                0x08000994                SystemCoreClockUpdate
 .text.MRCC_vInit
                0x08000a08       0x30 ./src/MCAL/RCC/RCC_prg.o
                0x08000a08                MRCC_vInit
 .text.MRCC_vEnableClock
                0x08000a38       0x50 ./src/MCAL/RCC/RCC_prg.o
                0x08000a38                MRCC_vEnableClock
 .text.MGPIO_vSetPinMode
                0x08000a88       0x44 ./src/MCAL/GPIO/GPIO_prg.o
                0x08000a88                MGPIO_vSetPinMode
 .text.MGPIO_vSetPinOutputType
                0x08000acc       0x6c ./src/MCAL/GPIO/GPIO_prg.o
                0x08000acc                MGPIO_vSetPinOutputType
 .text.MGPIO_vSetPinOutputSpeed
                0x08000b38       0x44 ./src/MCAL/GPIO/GPIO_prg.o
                0x08000b38                MGPIO_vSetPinOutputSpeed
 .text.MGPIO_vSetPinVal
                0x08000b7c       0x6c ./src/MCAL/GPIO/GPIO_prg.o
                0x08000b7c                MGPIO_vSetPinVal
 .text.SystemClock_Config
                0x08000be8       0x94 ./src/_initialize_hardware.o
                0x08000be8                SystemClock_Config
 .text.__initialize_hardware
                0x08000c7c       0x12 ./src/_initialize_hardware.o
                0x08000c7c                __initialize_hardware
 .text.startup.main
                0x08000c8e       0x38 ./src/main.o
                0x08000c8e                main
 *fill*         0x08000cc6        0xa 
 .text.SVC_Handler
                0x08000cd0       0x24 ./src/port.o
                0x08000cd0                SVC_Handler
 *fill*         0x08000cf4        0xc 
 .text.PendSV_Handler
                0x08000d00       0x64 ./src/port.o
                0x08000d00                PendSV_Handler
 .text.SysTick_Handler
                0x08000d64       0x2c ./src/port.o
                0x08000d64                SysTick_Handler
 .text.HAL_MspInit
                0x08000d90        0x2 ./src/stm32f4xx_hal_msp.o
                0x08000d90                HAL_MspInit
 *fill*         0x08000d92        0x2 
 .text.unlikely.prvResetNextTaskUnblockTime
                0x08000d94       0x24 ./src/tasks.o
 .text.xTaskIncrementTick
                0x08000db8      0x17c ./src/tasks.o
                0x08000db8                xTaskIncrementTick
 .text.vTaskSwitchContext
                0x08000f34       0x74 ./src/tasks.o
                0x08000f34                vTaskSwitchContext
 *(.rodata .rodata.* .constdata .constdata.*)
 .rodata.APBAHBPrescTable
                0x08000fa8       0x10 ./system/src/stm32f4-hal/stm32f4xx_hal_rcc.o
                0x08000fa8                APBAHBPrescTable
 .rodata.AHBPrescTable
                0x08000fb8       0x10 ./system/src/cmsis/system_stm32f4xx.o
                0x08000fb8                AHBPrescTable
 *(vtable)
 *(.eh_frame*)
 *(.glue_7)
 .glue_7        0x08000fc8        0x0 linker stubs
 *(.glue_7t)
 .glue_7t       0x08000fc8        0x0 linker stubs

.vfp11_veneer   0x08000fc8        0x0
 .vfp11_veneer  0x08000fc8        0x0 linker stubs

.v4_bx          0x08000fc8        0x0
 .v4_bx         0x08000fc8        0x0 linker stubs

.iplt           0x08000fc8        0x0
 .iplt          0x08000fc8        0x0 ./system/src/stm32f4-hal/stm32f4xx_hal.o

.rel.dyn        0x08000fc8        0x0
 .rel.iplt      0x08000fc8        0x0 ./system/src/stm32f4-hal/stm32f4xx_hal.o

.ARM.extab
 *(.ARM.extab* .gnu.linkonce.armextab.*)
                0x08000fc8                . = ALIGN (0x4)
                0x08000fc8                __exidx_start = .

.ARM.exidx
 *(.ARM.exidx* .gnu.linkonce.armexidx.*)
                0x08000fc8                __exidx_end = .
                0x08000fc8                . = ALIGN (0x4)
                0x08000fc8                _etext = .
                0x08000fc8                __etext = .

.data_CCMRAM    0x10000000        0x0 load address 0x08000fc8
 FILL mask 0xff
 *(.data.CCMRAM .data.CCMRAM.*)
                0x10000000                . = ALIGN (0x4)
                0x08000fc8                _sidata = LOADADDR (.data)

.data           0x20000000        0xc load address 0x08000fc8
 FILL mask 0xff
                0x20000000                _sdata = .
                0x20000000                __data_start__ = .
 *(.data_begin .data_begin.*)
 *(.data .data.*)
 .data.argv.5585
                0x20000000        0x8 ./system/src/newlib/_syscalls.o
 .data.SystemCoreClock
                0x20000008        0x4 ./system/src/cmsis/system_stm32f4xx.o
                0x20000008                SystemCoreClock
 *(.data_end .data_end.*)
                0x2000000c                . = ALIGN (0x4)
                0x2000000c                _edata = .
                0x2000000c                __data_end__ = .

.igot.plt       0x2000000c        0x0 load address 0x08000fd4
 .igot.plt      0x2000000c        0x0 ./system/src/stm32f4-hal/stm32f4xx_hal.o

.bss_CCMRAM     0x10000000        0x0
 *(.bss.CCMRAM .bss.CCMRAM.*)

.bss            0x2000000c       0x94
                0x2000000c                __bss_start__ = .
                0x2000000c                _sbss = .
 *(.bss_begin .bss_begin.*)
 *(.bss .bss.*)
 .bss.name.5584
                0x2000000c        0x1 ./system/src/newlib/_syscalls.o
 *fill*         0x2000000d        0x3 
 .bss.pxCurrentTCB
                0x20000010        0x4 ./src/tasks.o
                0x20000010                pxCurrentTCB
 .bss.pxDelayedTaskList
                0x20000014        0x4 ./src/tasks.o
 .bss.pxOverflowDelayedTaskList
                0x20000018        0x4 ./src/tasks.o
 .bss.pxReadyTasksLists
                0x2000001c       0x64 ./src/tasks.o
 .bss.uxSchedulerSuspended
                0x20000080        0x4 ./src/tasks.o
 .bss.uxTopReadyPriority
                0x20000084        0x4 ./src/tasks.o
 .bss.xNextTaskUnblockTime
                0x20000088        0x4 ./src/tasks.o
 .bss.xNumOfOverflows
                0x2000008c        0x4 ./src/tasks.o
 .bss.xPendedTicks
                0x20000090        0x4 ./src/tasks.o
 .bss.xTickCount
                0x20000094        0x4 ./src/tasks.o
 .bss.xYieldPending
                0x20000098        0x4 ./src/tasks.o
 *(COMMON)
 COMMON         0x2000009c        0x4 ./system/src/stm32f4-hal/stm32f4xx_hal.o
                0x2000009c                uwTick
 *(.bss_end .bss_end.*)
                0x200000a0                . = ALIGN (0x4)
                0x200000a0                __bss_end__ = .
                0x200000a0                _ebss = .

.noinit_CCMRAM
 *(.noinit.CCMRAM .noinit.CCMRAM.*)

.noinit         0x200000a0        0x0
                0x200000a0                _noinit = .
 *(.noinit .noinit.*)
                0x200000a0                . = ALIGN (0x4)
                0x200000a0                _end_noinit = .
                [!provide]                PROVIDE (end, _end_noinit)
                [!provide]                PROVIDE (_end, _end_noinit)
                [!provide]                PROVIDE (__end, _end_noinit)
                [!provide]                PROVIDE (__end__, _end_noinit)

._check_stack   0x200000a0      0x100
                0x200001a0                . = (. + _Minimum_Stack_Size)
 *fill*         0x200000a0      0x100 

.b1text
 *(.b1text)
 *(.b1rodata)
 *(.b1rodata.*)

.eb0text
 *(.eb0text)
 *(.eb0rodata)
 *(.eb0rodata.*)

.eb1text
 *(.eb1text)
 *(.eb1rodata)
 *(.eb1rodata.*)

.eb2text
 *(.eb2text)
 *(.eb2rodata)
 *(.eb2rodata.*)

.eb3text
 *(.eb3text)
 *(.eb3rodata)
 *(.eb3rodata.*)

.stab
 *(.stab)

.stabstr
 *(.stabstr)

.stab.excl
 *(.stab.excl)

.stab.exclstr
 *(.stab.exclstr)

.stab.index
 *(.stab.index)

.stab.indexstr
 *(.stab.indexstr)

.comment        0x00000000       0x7e
 *(.comment)
 .comment       0x00000000       0x7e ./system/src/stm32f4-hal/stm32f4xx_hal.o
                                 0x7f (size before relaxing)
 .comment       0x0000007e       0x7f ./system/src/stm32f4-hal/stm32f4xx_hal_cortex.o
 .comment       0x0000007e       0x7f ./system/src/stm32f4-hal/stm32f4xx_hal_rcc.o
 .comment       0x0000007e       0x7f ./system/src/newlib/_exit.o
 .comment       0x0000007e       0x7f ./system/src/newlib/_startup.o
 .comment       0x0000007e       0x7f ./system/src/newlib/_syscalls.o
 .comment       0x0000007e       0x7f ./system/src/cortexm/_initialize_hardware.o
 .comment       0x0000007e       0x7f ./system/src/cortexm/_reset_hardware.o
 .comment       0x0000007e       0x7f ./system/src/cortexm/exception_handlers.o
 .comment       0x0000007e       0x7f ./system/src/cmsis/system_stm32f4xx.o
 .comment       0x0000007e       0x7f ./system/src/cmsis/vectors_stm32f401xc.o
 .comment       0x0000007e       0x7f ./src/MCAL/RCC/RCC_prg.o
 .comment       0x0000007e       0x7f ./src/MCAL/GPIO/GPIO_prg.o
 .comment       0x0000007e       0x7f ./src/_initialize_hardware.o
 .comment       0x0000007e       0x7f ./src/main.o
 .comment       0x0000007e       0x7f ./src/port.o
 .comment       0x0000007e       0x7f ./src/stm32f4xx_hal_msp.o
 .comment       0x0000007e       0x7f ./src/tasks.o

.ARM.attributes
                0x00000000       0x37
 .ARM.attributes
                0x00000000       0x37 ./system/src/stm32f4-hal/stm32f4xx_hal.o
 .ARM.attributes
                0x00000037       0x37 ./system/src/stm32f4-hal/stm32f4xx_hal_cortex.o
 .ARM.attributes
                0x0000006e       0x37 ./system/src/stm32f4-hal/stm32f4xx_hal_rcc.o
 .ARM.attributes
                0x000000a5       0x37 ./system/src/newlib/_exit.o
 .ARM.attributes
                0x000000dc       0x37 ./system/src/newlib/_startup.o
 .ARM.attributes
                0x00000113       0x37 ./system/src/newlib/_syscalls.o
 .ARM.attributes
                0x0000014a       0x37 ./system/src/cortexm/_initialize_hardware.o
 .ARM.attributes
                0x00000181       0x37 ./system/src/cortexm/_reset_hardware.o
 .ARM.attributes
                0x000001b8       0x37 ./system/src/cortexm/exception_handlers.o
 .ARM.attributes
                0x000001ef       0x37 ./system/src/cmsis/system_stm32f4xx.o
 .ARM.attributes
                0x00000226       0x37 ./system/src/cmsis/vectors_stm32f401xc.o
 .ARM.attributes
                0x0000025d       0x37 ./src/MCAL/RCC/RCC_prg.o
 .ARM.attributes
                0x00000294       0x37 ./src/MCAL/GPIO/GPIO_prg.o
 .ARM.attributes
                0x000002cb       0x37 ./src/_initialize_hardware.o
 .ARM.attributes
                0x00000302       0x37 ./src/main.o
 .ARM.attributes
                0x00000339       0x37 ./src/port.o
 .ARM.attributes
                0x00000370       0x37 ./src/stm32f4xx_hal_msp.o
 .ARM.attributes
                0x000003a7       0x37 ./src/tasks.o

.debug
 *(.debug)

.line
 *(.line)

.debug_srcinfo
 *(.debug_srcinfo)

.debug_sfnames
 *(.debug_sfnames)

.debug_aranges  0x00000000      0x638
 *(.debug_aranges)
 .debug_aranges
                0x00000000       0xb8 ./system/src/stm32f4-hal/stm32f4xx_hal.o
 .debug_aranges
                0x000000b8       0x98 ./system/src/stm32f4-hal/stm32f4xx_hal_cortex.o
 .debug_aranges
                0x00000150       0x80 ./system/src/stm32f4-hal/stm32f4xx_hal_rcc.o
 .debug_aranges
                0x000001d0       0x28 ./system/src/newlib/_exit.o
 .debug_aranges
                0x000001f8       0x40 ./system/src/newlib/_startup.o
 .debug_aranges
                0x00000238       0x30 ./system/src/newlib/_syscalls.o
 .debug_aranges
                0x00000268       0x28 ./system/src/cortexm/_initialize_hardware.o
 .debug_aranges
                0x00000290       0x20 ./system/src/cortexm/_reset_hardware.o
 .debug_aranges
                0x000002b0       0x80 ./system/src/cortexm/exception_handlers.o
 .debug_aranges
                0x00000330       0x28 ./system/src/cmsis/system_stm32f4xx.o
 .debug_aranges
                0x00000358       0x20 ./system/src/cmsis/vectors_stm32f401xc.o
 .debug_aranges
                0x00000378       0x30 ./src/MCAL/RCC/RCC_prg.o
 .debug_aranges
                0x000003a8       0x58 ./src/MCAL/GPIO/GPIO_prg.o
 .debug_aranges
                0x00000400       0x28 ./src/_initialize_hardware.o
 .debug_aranges
                0x00000428       0x20 ./src/main.o
 .debug_aranges
                0x00000448       0x80 ./src/port.o
 .debug_aranges
                0x000004c8       0x20 ./src/stm32f4xx_hal_msp.o
 .debug_aranges
                0x000004e8      0x150 ./src/tasks.o

.debug_pubnames
 *(.debug_pubnames)

.debug_info     0x00000000     0xcdbc
 *(.debug_info .gnu.linkonce.wi.*)
 .debug_info    0x00000000     0x1076 ./system/src/stm32f4-hal/stm32f4xx_hal.o
 .debug_info    0x00001076     0x15d1 ./system/src/stm32f4-hal/stm32f4xx_hal_cortex.o
 .debug_info    0x00002647     0x14a7 ./system/src/stm32f4-hal/stm32f4xx_hal_rcc.o
 .debug_info    0x00003aee      0x960 ./system/src/newlib/_exit.o
 .debug_info    0x0000444e      0x457 ./system/src/newlib/_startup.o
 .debug_info    0x000048a5      0xa15 ./system/src/newlib/_syscalls.o
 .debug_info    0x000052ba      0xada ./system/src/cortexm/_initialize_hardware.o
 .debug_info    0x00005d94      0xaec ./system/src/cortexm/_reset_hardware.o
 .debug_info    0x00006880      0xae5 ./system/src/cortexm/exception_handlers.o
 .debug_info    0x00007365      0xcfa ./system/src/cmsis/system_stm32f4xx.o
 .debug_info    0x0000805f       0xc6 ./system/src/cmsis/vectors_stm32f401xc.o
 .debug_info    0x00008125      0x1cd ./src/MCAL/RCC/RCC_prg.o
 .debug_info    0x000082f2      0x504 ./src/MCAL/GPIO/GPIO_prg.o
 .debug_info    0x000087f6      0xd30 ./src/_initialize_hardware.o
 .debug_info    0x00009526      0x152 ./src/main.o
 .debug_info    0x00009678      0x54a ./src/port.o
 .debug_info    0x00009bc2      0x8f3 ./src/stm32f4xx_hal_msp.o
 .debug_info    0x0000a4b5     0x2907 ./src/tasks.o

.debug_abbrev   0x00000000     0x26d5
 *(.debug_abbrev)
 .debug_abbrev  0x00000000      0x340 ./system/src/stm32f4-hal/stm32f4xx_hal.o
 .debug_abbrev  0x00000340      0x3d3 ./system/src/stm32f4-hal/stm32f4xx_hal_cortex.o
 .debug_abbrev  0x00000713      0x3ef ./system/src/stm32f4-hal/stm32f4xx_hal_rcc.o
 .debug_abbrev  0x00000b02      0x210 ./system/src/newlib/_exit.o
 .debug_abbrev  0x00000d12      0x1bf ./system/src/newlib/_startup.o
 .debug_abbrev  0x00000ed1      0x231 ./system/src/newlib/_syscalls.o
 .debug_abbrev  0x00001102      0x1e9 ./system/src/cortexm/_initialize_hardware.o
 .debug_abbrev  0x000012eb      0x201 ./system/src/cortexm/_reset_hardware.o
 .debug_abbrev  0x000014ec      0x1fe ./system/src/cortexm/exception_handlers.o
 .debug_abbrev  0x000016ea      0x213 ./system/src/cmsis/system_stm32f4xx.o
 .debug_abbrev  0x000018fd       0x9a ./system/src/cmsis/vectors_stm32f401xc.o
 .debug_abbrev  0x00001997       0xa5 ./src/MCAL/RCC/RCC_prg.o
 .debug_abbrev  0x00001a3c      0x15f ./src/MCAL/GPIO/GPIO_prg.o
 .debug_abbrev  0x00001b9b      0x238 ./src/_initialize_hardware.o
 .debug_abbrev  0x00001dd3       0x86 ./src/main.o
 .debug_abbrev  0x00001e59      0x229 ./src/port.o
 .debug_abbrev  0x00002082      0x1c6 ./src/stm32f4xx_hal_msp.o
 .debug_abbrev  0x00002248      0x48d ./src/tasks.o

.debug_line     0x00000000     0x2b3f
 *(.debug_line)
 .debug_line    0x00000000      0x37d ./system/src/stm32f4-hal/stm32f4xx_hal.o
 .debug_line    0x0000037d      0x3fa ./system/src/stm32f4-hal/stm32f4xx_hal_cortex.o
 .debug_line    0x00000777      0x567 ./system/src/stm32f4-hal/stm32f4xx_hal_rcc.o
 .debug_line    0x00000cde      0x1b8 ./system/src/newlib/_exit.o
 .debug_line    0x00000e96      0x131 ./system/src/newlib/_startup.o
 .debug_line    0x00000fc7      0x1d1 ./system/src/newlib/_syscalls.o
 .debug_line    0x00001198      0x194 ./system/src/cortexm/_initialize_hardware.o
 .debug_line    0x0000132c      0x19f ./system/src/cortexm/_reset_hardware.o
 .debug_line    0x000014cb      0x1e5 ./system/src/cortexm/exception_handlers.o
 .debug_line    0x000016b0      0x1c0 ./system/src/cmsis/system_stm32f4xx.o
 .debug_line    0x00001870       0x5a ./system/src/cmsis/vectors_stm32f401xc.o
 .debug_line    0x000018ca       0xb5 ./src/MCAL/RCC/RCC_prg.o
 .debug_line    0x0000197f      0x191 ./src/MCAL/GPIO/GPIO_prg.o
 .debug_line    0x00001b10      0x234 ./src/_initialize_hardware.o
 .debug_line    0x00001d44       0x7f ./src/main.o
 .debug_line    0x00001dc3      0x286 ./src/port.o
 .debug_line    0x00002049      0x16d ./src/stm32f4xx_hal_msp.o
 .debug_line    0x000021b6      0x989 ./src/tasks.o

.debug_frame    0x00000000      0xd70
 *(.debug_frame)
 .debug_frame   0x00000000      0x184 ./system/src/stm32f4-hal/stm32f4xx_hal.o
 .debug_frame   0x00000184      0x138 ./system/src/stm32f4-hal/stm32f4xx_hal_cortex.o
 .debug_frame   0x000002bc      0x140 ./system/src/stm32f4-hal/stm32f4xx_hal_rcc.o
 .debug_frame   0x000003fc       0x40 ./system/src/newlib/_exit.o
 .debug_frame   0x0000043c       0x80 ./system/src/newlib/_startup.o
 .debug_frame   0x000004bc       0x50 ./system/src/newlib/_syscalls.o
 .debug_frame   0x0000050c       0x38 ./system/src/cortexm/_initialize_hardware.o
 .debug_frame   0x00000544       0x20 ./system/src/cortexm/_reset_hardware.o
 .debug_frame   0x00000564       0xe0 ./system/src/cortexm/exception_handlers.o
 .debug_frame   0x00000644       0x38 ./system/src/cmsis/system_stm32f4xx.o
 .debug_frame   0x0000067c       0x20 ./system/src/cmsis/vectors_stm32f401xc.o
 .debug_frame   0x0000069c       0x40 ./src/MCAL/RCC/RCC_prg.o
 .debug_frame   0x000006dc       0xc0 ./src/MCAL/GPIO/GPIO_prg.o
 .debug_frame   0x0000079c       0x50 ./src/_initialize_hardware.o
 .debug_frame   0x000007ec       0x28 ./src/main.o
 .debug_frame   0x00000814       0xfc ./src/port.o
 .debug_frame   0x00000910       0x50 ./src/stm32f4xx_hal_msp.o
 .debug_frame   0x00000960      0x410 ./src/tasks.o

.debug_str      0x00000000     0x2852
 *(.debug_str)
 .debug_str     0x00000000      0xcbd ./system/src/stm32f4-hal/stm32f4xx_hal.o
                                0xd4c (size before relaxing)
 .debug_str     0x00000cbd      0x39c ./system/src/stm32f4-hal/stm32f4xx_hal_cortex.o
                                0xe94 (size before relaxing)
 .debug_str     0x00001059      0x337 ./system/src/stm32f4-hal/stm32f4xx_hal_rcc.o
                                0xad5 (size before relaxing)
 .debug_str     0x00001390       0x7a ./system/src/newlib/_exit.o
                                0x616 (size before relaxing)
 .debug_str     0x0000140a      0x1a3 ./system/src/newlib/_startup.o
                                0x37e (size before relaxing)
 .debug_str     0x000015ad       0x8a ./system/src/newlib/_syscalls.o
                                0x647 (size before relaxing)
 .debug_str     0x00001637       0x5e ./system/src/cortexm/_initialize_hardware.o
                                0x6b9 (size before relaxing)
 .debug_str     0x00001695       0x28 ./system/src/cortexm/_reset_hardware.o
                                0x67f (size before relaxing)
 .debug_str     0x000016bd      0x11f ./system/src/cortexm/exception_handlers.o
                                0x70f (size before relaxing)
 .debug_str     0x000017dc       0x31 ./system/src/cmsis/system_stm32f4xx.o
                                0x79e (size before relaxing)
 .debug_str     0x0000180d       0x59 ./system/src/cmsis/vectors_stm32f401xc.o
                                0x201 (size before relaxing)
 .debug_str     0x00001866       0xb6 ./src/MCAL/RCC/RCC_prg.o
                                0x284 (size before relaxing)
 .debug_str     0x0000191c      0x16d ./src/MCAL/GPIO/GPIO_prg.o
                                0x33b (size before relaxing)
 .debug_str     0x00001a89       0x31 ./src/_initialize_hardware.o
                                0x8c9 (size before relaxing)
 .debug_str     0x00001aba        0xe ./src/main.o
                                0x207 (size before relaxing)
 .debug_str     0x00001ac8      0x25b ./src/port.o
                                0x45b (size before relaxing)
 .debug_str     0x00001d23       0x3d ./src/stm32f4xx_hal_msp.o
                                0x61a (size before relaxing)
 .debug_str     0x00001d60      0xaf2 ./src/tasks.o
                               0x1215 (size before relaxing)

.debug_loc      0x00000000     0x2cbc
 *(.debug_loc)
 .debug_loc     0x00000000       0x92 ./system/src/stm32f4-hal/stm32f4xx_hal.o
 .debug_loc     0x00000092      0x47a ./system/src/stm32f4-hal/stm32f4xx_hal_cortex.o
 .debug_loc     0x0000050c      0x495 ./system/src/stm32f4-hal/stm32f4xx_hal_rcc.o
 .debug_loc     0x000009a1       0x21 ./system/src/newlib/_exit.o
 .debug_loc     0x000009c2      0x22d ./system/src/newlib/_startup.o
 .debug_loc     0x00000bef       0x63 ./system/src/newlib/_syscalls.o
 .debug_loc     0x00000c52      0x11c ./system/src/cmsis/system_stm32f4xx.o
 .debug_loc     0x00000d6e      0x1b0 ./src/MCAL/RCC/RCC_prg.o
 .debug_loc     0x00000f1e      0x841 ./src/MCAL/GPIO/GPIO_prg.o
 .debug_loc     0x0000175f       0xcf ./src/port.o
 .debug_loc     0x0000182e     0x148e ./src/tasks.o

.debug_macinfo
 *(.debug_macinfo)

.debug_weaknames
 *(.debug_weaknames)

.debug_funcnames
 *(.debug_funcnames)

.debug_typenames
 *(.debug_typenames)

.debug_varnames
 *(.debug_varnames)
OUTPUT(FreeRTOS_Demo.elf elf32-littlearm)

.debug_ranges   0x00000000      0x920
 .debug_ranges  0x00000000       0xa8 ./system/src/stm32f4-hal/stm32f4xx_hal.o
 .debug_ranges  0x000000a8      0x128 ./system/src/stm32f4-hal/stm32f4xx_hal_cortex.o
 .debug_ranges  0x000001d0      0x168 ./system/src/stm32f4-hal/stm32f4xx_hal_rcc.o
 .debug_ranges  0x00000338       0x18 ./system/src/newlib/_exit.o
 .debug_ranges  0x00000350       0xd0 ./system/src/newlib/_startup.o
 .debug_ranges  0x00000420       0x20 ./system/src/newlib/_syscalls.o
 .debug_ranges  0x00000440       0x18 ./system/src/cortexm/_initialize_hardware.o
 .debug_ranges  0x00000458       0x10 ./system/src/cortexm/_reset_hardware.o
 .debug_ranges  0x00000468       0x70 ./system/src/cortexm/exception_handlers.o
 .debug_ranges  0x000004d8       0x18 ./system/src/cmsis/system_stm32f4xx.o
 .debug_ranges  0x000004f0       0x10 ./system/src/cmsis/vectors_stm32f401xc.o
 .debug_ranges  0x00000500       0x20 ./src/MCAL/RCC/RCC_prg.o
 .debug_ranges  0x00000520       0x68 ./src/MCAL/GPIO/GPIO_prg.o
 .debug_ranges  0x00000588       0x18 ./src/_initialize_hardware.o
 .debug_ranges  0x000005a0       0x10 ./src/main.o
 .debug_ranges  0x000005b0       0x70 ./src/port.o
 .debug_ranges  0x00000620       0x10 ./src/stm32f4xx_hal_msp.o
 .debug_ranges  0x00000630      0x2f0 ./src/tasks.o
