Archive member included to satisfy reference by file (symbol)

f:/embedded/eclipse arm/imt_sdk_win_64/winarm/armgcc/bin/../lib/gcc/arm-none-eabi/7.2.1/thumb/v7e-m\libgcc.a(_arm_addsubsf3.o)
                              ./src/HAL/TFT/TFT_prog.o (__aeabi_fadd)
f:/embedded/eclipse arm/imt_sdk_win_64/winarm/armgcc/bin/../lib/gcc/arm-none-eabi/7.2.1/thumb/v7e-m\libgcc.a(_arm_muldivsf3.o)
                              ./src/MCAL/SYSTIC/SYSTIC_prog.o (__aeabi_fmul)
f:/embedded/eclipse arm/imt_sdk_win_64/winarm/armgcc/bin/../lib/gcc/arm-none-eabi/7.2.1/thumb/v7e-m\libgcc.a(_arm_fixunssfsi.o)
                              ./src/MCAL/SYSTIC/SYSTIC_prog.o (__aeabi_f2uiz)
f:/embedded/eclipse arm/imt_sdk_win_64/winarm/armgcc/bin/../lib/gcc/arm-none-eabi/7.2.1/thumb/v7e-m\libgcc.a(_aeabi_ldivmod.o)
                              ./src/MCAL/UART/UART_program.o (__aeabi_ldivmod)
f:/embedded/eclipse arm/imt_sdk_win_64/winarm/armgcc/bin/../lib/gcc/arm-none-eabi/7.2.1/thumb/v7e-m\libgcc.a(_aeabi_uldivmod.o)
                              ./src/MCAL/UART/UART_program.o (__aeabi_uldivmod)
f:/embedded/eclipse arm/imt_sdk_win_64/winarm/armgcc/bin/../lib/gcc/arm-none-eabi/7.2.1/thumb/v7e-m\libgcc.a(_udivmoddi4.o)
                              f:/embedded/eclipse arm/imt_sdk_win_64/winarm/armgcc/bin/../lib/gcc/arm-none-eabi/7.2.1/thumb/v7e-m\libgcc.a(_aeabi_ldivmod.o) (__udivmoddi4)
f:/embedded/eclipse arm/imt_sdk_win_64/winarm/armgcc/bin/../lib/gcc/arm-none-eabi/7.2.1/thumb/v7e-m\libgcc.a(_dvmd_tls.o)
                              f:/embedded/eclipse arm/imt_sdk_win_64/winarm/armgcc/bin/../lib/gcc/arm-none-eabi/7.2.1/thumb/v7e-m\libgcc.a(_aeabi_ldivmod.o) (__aeabi_ldiv0)
f:/embedded/eclipse arm/imt_sdk_win_64/winarm/armgcc/bin/../lib/gcc/arm-none-eabi/7.2.1/../../../../arm-none-eabi/lib/thumb/v7e-m\libg_nano.a(lib_a-errno.o)
                              ./system/src/newlib/_sbrk.o (__errno)
f:/embedded/eclipse arm/imt_sdk_win_64/winarm/armgcc/bin/../lib/gcc/arm-none-eabi/7.2.1/../../../../arm-none-eabi/lib/thumb/v7e-m\libg_nano.a(lib_a-impure.o)
                              f:/embedded/eclipse arm/imt_sdk_win_64/winarm/armgcc/bin/../lib/gcc/arm-none-eabi/7.2.1/../../../../arm-none-eabi/lib/thumb/v7e-m\libg_nano.a(lib_a-errno.o) (_impure_ptr)

Allocating common symbols
Common symbol       size              file

errno               0x4               ./system/src/newlib/_syscalls.o
uwTick              0x4               ./system/src/stm32f4-hal/stm32f4xx_hal.o
pFlash              0x20              ./system/src/stm32f4-hal/stm32f4xx_hal_flash.o
global_u8String     0xc8              ./src/MCAL/UART/UART_program.o
GS_u32GroupConf     0x4               ./src/MCAL/NVIC/NVIC_prog.o
MUSART2_CallBack    0x4               ./src/MCAL/UART/UART_program.o
MUSART6_CallBack    0x4               ./src/MCAL/UART/UART_program.o
MUSART1_CallBack    0x4               ./src/MCAL/UART/UART_program.o

Discarded input sections

 .text          0x00000000        0x0 ./system/src/stm32f4-hal/stm32f4xx_hal.o
 .data          0x00000000        0x0 ./system/src/stm32f4-hal/stm32f4xx_hal.o
 .bss           0x00000000        0x0 ./system/src/stm32f4-hal/stm32f4xx_hal.o
 .text.HAL_MspInit
                0x00000000        0x2 ./system/src/stm32f4-hal/stm32f4xx_hal.o
 .text.HAL_MspDeInit
                0x00000000        0x2 ./system/src/stm32f4-hal/stm32f4xx_hal.o
 .text.HAL_DeInit
                0x00000000       0x2c ./system/src/stm32f4-hal/stm32f4xx_hal.o
 .text.HAL_IncTick
                0x00000000       0x10 ./system/src/stm32f4-hal/stm32f4xx_hal.o
 .text.HAL_Delay
                0x00000000       0x1a ./system/src/stm32f4-hal/stm32f4xx_hal.o
 .text.HAL_SuspendTick
                0x00000000       0x10 ./system/src/stm32f4-hal/stm32f4xx_hal.o
 .text.HAL_ResumeTick
                0x00000000       0x10 ./system/src/stm32f4-hal/stm32f4xx_hal.o
 .text.HAL_GetHalVersion
                0x00000000        0x8 ./system/src/stm32f4-hal/stm32f4xx_hal.o
 .text.HAL_GetREVID
                0x00000000        0xc ./system/src/stm32f4-hal/stm32f4xx_hal.o
 .text.HAL_GetDEVID
                0x00000000       0x10 ./system/src/stm32f4-hal/stm32f4xx_hal.o
 .text.HAL_DBGMCU_EnableDBGSleepMode
                0x00000000       0x10 ./system/src/stm32f4-hal/stm32f4xx_hal.o
 .text.HAL_DBGMCU_DisableDBGSleepMode
                0x00000000       0x10 ./system/src/stm32f4-hal/stm32f4xx_hal.o
 .text.HAL_DBGMCU_EnableDBGStopMode
                0x00000000       0x10 ./system/src/stm32f4-hal/stm32f4xx_hal.o
 .text.HAL_DBGMCU_DisableDBGStopMode
                0x00000000       0x10 ./system/src/stm32f4-hal/stm32f4xx_hal.o
 .text.HAL_DBGMCU_EnableDBGStandbyMode
                0x00000000       0x10 ./system/src/stm32f4-hal/stm32f4xx_hal.o
 .text.HAL_DBGMCU_DisableDBGStandbyMode
                0x00000000       0x10 ./system/src/stm32f4-hal/stm32f4xx_hal.o
 .text.HAL_EnableCompensationCell
                0x00000000       0x18 ./system/src/stm32f4-hal/stm32f4xx_hal.o
 .text.HAL_DisableCompensationCell
                0x00000000       0x1c ./system/src/stm32f4-hal/stm32f4xx_hal.o
 .text          0x00000000        0x0 ./system/src/stm32f4-hal/stm32f4xx_hal_cortex.o
 .data          0x00000000        0x0 ./system/src/stm32f4-hal/stm32f4xx_hal_cortex.o
 .bss           0x00000000        0x0 ./system/src/stm32f4-hal/stm32f4xx_hal_cortex.o
 .text.HAL_NVIC_EnableIRQ
                0x00000000       0x18 ./system/src/stm32f4-hal/stm32f4xx_hal_cortex.o
 .text.HAL_NVIC_DisableIRQ
                0x00000000       0x1c ./system/src/stm32f4-hal/stm32f4xx_hal_cortex.o
 .text.HAL_NVIC_SystemReset
                0x00000000       0x24 ./system/src/stm32f4-hal/stm32f4xx_hal_cortex.o
 .text.HAL_MPU_ConfigRegion
                0x00000000       0x50 ./system/src/stm32f4-hal/stm32f4xx_hal_cortex.o
 .text.HAL_NVIC_GetPriorityGrouping
                0x00000000       0x10 ./system/src/stm32f4-hal/stm32f4xx_hal_cortex.o
 .text.HAL_NVIC_GetPriority
                0x00000000       0x5c ./system/src/stm32f4-hal/stm32f4xx_hal_cortex.o
 .text.HAL_NVIC_SetPendingIRQ
                0x00000000       0x1c ./system/src/stm32f4-hal/stm32f4xx_hal_cortex.o
 .text.HAL_NVIC_GetPendingIRQ
                0x00000000       0x1c ./system/src/stm32f4-hal/stm32f4xx_hal_cortex.o
 .text.HAL_NVIC_ClearPendingIRQ
                0x00000000       0x1c ./system/src/stm32f4-hal/stm32f4xx_hal_cortex.o
 .text.HAL_NVIC_GetActive
                0x00000000       0x1c ./system/src/stm32f4-hal/stm32f4xx_hal_cortex.o
 .text.HAL_SYSTICK_Callback
                0x00000000        0x2 ./system/src/stm32f4-hal/stm32f4xx_hal_cortex.o
 .text.HAL_SYSTICK_IRQHandler
                0x00000000        0x8 ./system/src/stm32f4-hal/stm32f4xx_hal_cortex.o
 .text          0x00000000        0x0 ./system/src/stm32f4-hal/stm32f4xx_hal_dfsdm.o
 .data          0x00000000        0x0 ./system/src/stm32f4-hal/stm32f4xx_hal_dfsdm.o
 .bss           0x00000000        0x0 ./system/src/stm32f4-hal/stm32f4xx_hal_dfsdm.o
 .debug_info    0x00000000      0x8bf ./system/src/stm32f4-hal/stm32f4xx_hal_dfsdm.o
 .debug_abbrev  0x00000000      0x192 ./system/src/stm32f4-hal/stm32f4xx_hal_dfsdm.o
 .debug_aranges
                0x00000000       0x18 ./system/src/stm32f4-hal/stm32f4xx_hal_dfsdm.o
 .debug_line    0x00000000      0x13e ./system/src/stm32f4-hal/stm32f4xx_hal_dfsdm.o
 .debug_str     0x00000000      0x5dc ./system/src/stm32f4-hal/stm32f4xx_hal_dfsdm.o
 .comment       0x00000000       0x7f ./system/src/stm32f4-hal/stm32f4xx_hal_dfsdm.o
 .ARM.attributes
                0x00000000       0x33 ./system/src/stm32f4-hal/stm32f4xx_hal_dfsdm.o
 .text          0x00000000        0x0 ./system/src/stm32f4-hal/stm32f4xx_hal_flash.o
 .data          0x00000000        0x0 ./system/src/stm32f4-hal/stm32f4xx_hal_flash.o
 .bss           0x00000000        0x0 ./system/src/stm32f4-hal/stm32f4xx_hal_flash.o
 .text.FLASH_Program_Word
                0x00000000       0x24 ./system/src/stm32f4-hal/stm32f4xx_hal_flash.o
 .text.FLASH_Program_HalfWord
                0x00000000       0x24 ./system/src/stm32f4-hal/stm32f4xx_hal_flash.o
 .text.FLASH_SetErrorCode
                0x00000000       0x8c ./system/src/stm32f4-hal/stm32f4xx_hal_flash.o
 .text.HAL_FLASH_Program_IT
                0x00000000       0x90 ./system/src/stm32f4-hal/stm32f4xx_hal_flash.o
 .text.HAL_FLASH_EndOfOperationCallback
                0x00000000        0x2 ./system/src/stm32f4-hal/stm32f4xx_hal_flash.o
 .text.HAL_FLASH_OperationErrorCallback
                0x00000000        0x2 ./system/src/stm32f4-hal/stm32f4xx_hal_flash.o
 .text.HAL_FLASH_IRQHandler
                0x00000000       0xc8 ./system/src/stm32f4-hal/stm32f4xx_hal_flash.o
 .text.HAL_FLASH_Unlock
                0x00000000       0x24 ./system/src/stm32f4-hal/stm32f4xx_hal_flash.o
 .text.HAL_FLASH_Lock
                0x00000000       0x14 ./system/src/stm32f4-hal/stm32f4xx_hal_flash.o
 .text.HAL_FLASH_OB_Unlock
                0x00000000       0x24 ./system/src/stm32f4-hal/stm32f4xx_hal_flash.o
 .text.HAL_FLASH_OB_Lock
                0x00000000       0x14 ./system/src/stm32f4-hal/stm32f4xx_hal_flash.o
 .text.HAL_FLASH_GetError
                0x00000000        0xc ./system/src/stm32f4-hal/stm32f4xx_hal_flash.o
 .text.FLASH_WaitForLastOperation
                0x00000000       0x5c ./system/src/stm32f4-hal/stm32f4xx_hal_flash.o
 .text.HAL_FLASH_Program
                0x00000000       0xa8 ./system/src/stm32f4-hal/stm32f4xx_hal_flash.o
 .text.HAL_FLASH_OB_Launch
                0x00000000       0x18 ./system/src/stm32f4-hal/stm32f4xx_hal_flash.o
 .debug_info    0x00000000      0xef6 ./system/src/stm32f4-hal/stm32f4xx_hal_flash.o
 .debug_abbrev  0x00000000      0x3c5 ./system/src/stm32f4-hal/stm32f4xx_hal_flash.o
 .debug_loc     0x00000000      0x2ac ./system/src/stm32f4-hal/stm32f4xx_hal_flash.o
 .debug_aranges
                0x00000000       0x88 ./system/src/stm32f4-hal/stm32f4xx_hal_flash.o
 .debug_ranges  0x00000000       0xa8 ./system/src/stm32f4-hal/stm32f4xx_hal_flash.o
 .debug_line    0x00000000      0x40c ./system/src/stm32f4-hal/stm32f4xx_hal_flash.o
 .debug_str     0x00000000      0x93a ./system/src/stm32f4-hal/stm32f4xx_hal_flash.o
 .comment       0x00000000       0x7f ./system/src/stm32f4-hal/stm32f4xx_hal_flash.o
 .debug_frame   0x00000000      0x13c ./system/src/stm32f4-hal/stm32f4xx_hal_flash.o
 .ARM.attributes
                0x00000000       0x33 ./system/src/stm32f4-hal/stm32f4xx_hal_flash.o
 COMMON         0x00000000       0x20 ./system/src/stm32f4-hal/stm32f4xx_hal_flash.o
 .text          0x00000000        0x0 ./system/src/stm32f4-hal/stm32f4xx_hal_gpio.o
 .data          0x00000000        0x0 ./system/src/stm32f4-hal/stm32f4xx_hal_gpio.o
 .bss           0x00000000        0x0 ./system/src/stm32f4-hal/stm32f4xx_hal_gpio.o
 .text.HAL_GPIO_Init
                0x00000000      0x1ac ./system/src/stm32f4-hal/stm32f4xx_hal_gpio.o
 .text.HAL_GPIO_DeInit
                0x00000000       0xec ./system/src/stm32f4-hal/stm32f4xx_hal_gpio.o
 .text.HAL_GPIO_ReadPin
                0x00000000        0xc ./system/src/stm32f4-hal/stm32f4xx_hal_gpio.o
 .text.HAL_GPIO_WritePin
                0x00000000        0xa ./system/src/stm32f4-hal/stm32f4xx_hal_gpio.o
 .text.HAL_GPIO_TogglePin
                0x00000000        0x8 ./system/src/stm32f4-hal/stm32f4xx_hal_gpio.o
 .text.HAL_GPIO_LockPin
                0x00000000       0x2a ./system/src/stm32f4-hal/stm32f4xx_hal_gpio.o
 .text.HAL_GPIO_EXTI_Callback
                0x00000000        0x2 ./system/src/stm32f4-hal/stm32f4xx_hal_gpio.o
 .text.HAL_GPIO_EXTI_IRQHandler
                0x00000000       0x18 ./system/src/stm32f4-hal/stm32f4xx_hal_gpio.o
 .debug_info    0x00000000      0xf4d ./system/src/stm32f4-hal/stm32f4xx_hal_gpio.o
 .debug_abbrev  0x00000000      0x2a2 ./system/src/stm32f4-hal/stm32f4xx_hal_gpio.o
 .debug_loc     0x00000000      0x381 ./system/src/stm32f4-hal/stm32f4xx_hal_gpio.o
 .debug_aranges
                0x00000000       0x58 ./system/src/stm32f4-hal/stm32f4xx_hal_gpio.o
 .debug_ranges  0x00000000       0x68 ./system/src/stm32f4-hal/stm32f4xx_hal_gpio.o
 .debug_line    0x00000000      0x38d ./system/src/stm32f4-hal/stm32f4xx_hal_gpio.o
 .debug_str     0x00000000      0x8f3 ./system/src/stm32f4-hal/stm32f4xx_hal_gpio.o
 .comment       0x00000000       0x7f ./system/src/stm32f4-hal/stm32f4xx_hal_gpio.o
 .debug_frame   0x00000000       0xd8 ./system/src/stm32f4-hal/stm32f4xx_hal_gpio.o
 .ARM.attributes
                0x00000000       0x33 ./system/src/stm32f4-hal/stm32f4xx_hal_gpio.o
 .text          0x00000000        0x0 ./system/src/stm32f4-hal/stm32f4xx_hal_iwdg.o
 .data          0x00000000        0x0 ./system/src/stm32f4-hal/stm32f4xx_hal_iwdg.o
 .bss           0x00000000        0x0 ./system/src/stm32f4-hal/stm32f4xx_hal_iwdg.o
 .text.HAL_IWDG_Init
                0x00000000       0x42 ./system/src/stm32f4-hal/stm32f4xx_hal_iwdg.o
 .text.HAL_IWDG_Refresh
                0x00000000        0xc ./system/src/stm32f4-hal/stm32f4xx_hal_iwdg.o
 .debug_info    0x00000000      0xa40 ./system/src/stm32f4-hal/stm32f4xx_hal_iwdg.o
 .debug_abbrev  0x00000000      0x21e ./system/src/stm32f4-hal/stm32f4xx_hal_iwdg.o
 .debug_loc     0x00000000       0x73 ./system/src/stm32f4-hal/stm32f4xx_hal_iwdg.o
 .debug_aranges
                0x00000000       0x28 ./system/src/stm32f4-hal/stm32f4xx_hal_iwdg.o
 .debug_ranges  0x00000000       0x18 ./system/src/stm32f4-hal/stm32f4xx_hal_iwdg.o
 .debug_line    0x00000000      0x226 ./system/src/stm32f4-hal/stm32f4xx_hal_iwdg.o
 .debug_str     0x00000000      0x6a4 ./system/src/stm32f4-hal/stm32f4xx_hal_iwdg.o
 .comment       0x00000000       0x7f ./system/src/stm32f4-hal/stm32f4xx_hal_iwdg.o
 .debug_frame   0x00000000       0x3c ./system/src/stm32f4-hal/stm32f4xx_hal_iwdg.o
 .ARM.attributes
                0x00000000       0x33 ./system/src/stm32f4-hal/stm32f4xx_hal_iwdg.o
 .text          0x00000000        0x0 ./system/src/stm32f4-hal/stm32f4xx_hal_pwr.o
 .data          0x00000000        0x0 ./system/src/stm32f4-hal/stm32f4xx_hal_pwr.o
 .bss           0x00000000        0x0 ./system/src/stm32f4-hal/stm32f4xx_hal_pwr.o
 .text.HAL_PWR_DeInit
                0x00000000       0x18 ./system/src/stm32f4-hal/stm32f4xx_hal_pwr.o
 .text.HAL_PWR_EnableBkUpAccess
                0x00000000       0x1c ./system/src/stm32f4-hal/stm32f4xx_hal_pwr.o
 .text.HAL_PWR_DisableBkUpAccess
                0x00000000       0x1c ./system/src/stm32f4-hal/stm32f4xx_hal_pwr.o
 .text.HAL_PWR_ConfigPVD
                0x00000000       0x70 ./system/src/stm32f4-hal/stm32f4xx_hal_pwr.o
 .text.HAL_PWR_EnablePVD
                0x00000000       0x1a ./system/src/stm32f4-hal/stm32f4xx_hal_pwr.o
 .text.HAL_PWR_DisablePVD
                0x00000000       0x1a ./system/src/stm32f4-hal/stm32f4xx_hal_pwr.o
 .text.HAL_PWR_EnableWakeUpPin
                0x00000000       0x10 ./system/src/stm32f4-hal/stm32f4xx_hal_pwr.o
 .text.HAL_PWR_DisableWakeUpPin
                0x00000000       0x10 ./system/src/stm32f4-hal/stm32f4xx_hal_pwr.o
 .text.HAL_PWR_EnterSLEEPMode
                0x00000000       0x20 ./system/src/stm32f4-hal/stm32f4xx_hal_pwr.o
 .text.HAL_PWR_EnterSTOPMode
                0x00000000       0x38 ./system/src/stm32f4-hal/stm32f4xx_hal_pwr.o
 .text.HAL_PWR_EnterSTANDBYMode
                0x00000000       0x20 ./system/src/stm32f4-hal/stm32f4xx_hal_pwr.o
 .text.HAL_PWR_PVDCallback
                0x00000000        0x2 ./system/src/stm32f4-hal/stm32f4xx_hal_pwr.o
 .text.HAL_PWR_PVD_IRQHandler
                0x00000000       0x1c ./system/src/stm32f4-hal/stm32f4xx_hal_pwr.o
 .text.HAL_PWR_EnableSleepOnExit
                0x00000000       0x10 ./system/src/stm32f4-hal/stm32f4xx_hal_pwr.o
 .text.HAL_PWR_DisableSleepOnExit
                0x00000000       0x10 ./system/src/stm32f4-hal/stm32f4xx_hal_pwr.o
 .text.HAL_PWR_EnableSEVOnPend
                0x00000000       0x10 ./system/src/stm32f4-hal/stm32f4xx_hal_pwr.o
 .text.HAL_PWR_DisableSEVOnPend
                0x00000000       0x10 ./system/src/stm32f4-hal/stm32f4xx_hal_pwr.o
 .debug_info    0x00000000     0x1098 ./system/src/stm32f4-hal/stm32f4xx_hal_pwr.o
 .debug_abbrev  0x00000000      0x2d7 ./system/src/stm32f4-hal/stm32f4xx_hal_pwr.o
 .debug_loc     0x00000000       0xd8 ./system/src/stm32f4-hal/stm32f4xx_hal_pwr.o
 .debug_aranges
                0x00000000       0xa0 ./system/src/stm32f4-hal/stm32f4xx_hal_pwr.o
 .debug_ranges  0x00000000       0x90 ./system/src/stm32f4-hal/stm32f4xx_hal_pwr.o
 .debug_line    0x00000000      0x376 ./system/src/stm32f4-hal/stm32f4xx_hal_pwr.o
 .debug_str     0x00000000      0x97b ./system/src/stm32f4-hal/stm32f4xx_hal_pwr.o
 .comment       0x00000000       0x7f ./system/src/stm32f4-hal/stm32f4xx_hal_pwr.o
 .debug_frame   0x00000000      0x128 ./system/src/stm32f4-hal/stm32f4xx_hal_pwr.o
 .ARM.attributes
                0x00000000       0x33 ./system/src/stm32f4-hal/stm32f4xx_hal_pwr.o
 .text          0x00000000        0x0 ./system/src/stm32f4-hal/stm32f4xx_hal_rcc.o
 .data          0x00000000        0x0 ./system/src/stm32f4-hal/stm32f4xx_hal_rcc.o
 .bss           0x00000000        0x0 ./system/src/stm32f4-hal/stm32f4xx_hal_rcc.o
 .text.HAL_RCC_DeInit
                0x00000000        0x2 ./system/src/stm32f4-hal/stm32f4xx_hal_rcc.o
 .text.HAL_RCC_MCOConfig
                0x00000000       0x94 ./system/src/stm32f4-hal/stm32f4xx_hal_rcc.o
 .text.HAL_RCC_EnableCSS
                0x00000000        0xc ./system/src/stm32f4-hal/stm32f4xx_hal_rcc.o
 .text.HAL_RCC_DisableCSS
                0x00000000        0xc ./system/src/stm32f4-hal/stm32f4xx_hal_rcc.o
 .text.HAL_RCC_GetPCLK1Freq
                0x00000000       0x30 ./system/src/stm32f4-hal/stm32f4xx_hal_rcc.o
 .text.HAL_RCC_GetPCLK2Freq
                0x00000000       0x30 ./system/src/stm32f4-hal/stm32f4xx_hal_rcc.o
 .text.HAL_RCC_GetOscConfig
                0x00000000       0xcc ./system/src/stm32f4-hal/stm32f4xx_hal_rcc.o
 .text.HAL_RCC_GetClockConfig
                0x00000000       0x3c ./system/src/stm32f4-hal/stm32f4xx_hal_rcc.o
 .text.HAL_RCC_CSSCallback
                0x00000000        0x2 ./system/src/stm32f4-hal/stm32f4xx_hal_rcc.o
 .text.HAL_RCC_NMI_IRQHandler
                0x00000000       0x20 ./system/src/stm32f4-hal/stm32f4xx_hal_rcc.o
 .text          0x00000000        0x0 ./system/src/newlib/_cxx.o
 .data          0x00000000        0x0 ./system/src/newlib/_cxx.o
 .bss           0x00000000        0x0 ./system/src/newlib/_cxx.o
 .text._ZN9__gnu_cxx27__verbose_terminate_handlerEv
                0x00000000        0x6 ./system/src/newlib/_cxx.o
 .text.__cxa_pure_virtual
                0x00000000        0x6 ./system/src/newlib/_cxx.o
 .debug_info    0x00000000      0xf94 ./system/src/newlib/_cxx.o
 .debug_abbrev  0x00000000      0x300 ./system/src/newlib/_cxx.o
 .debug_aranges
                0x00000000       0x20 ./system/src/newlib/_cxx.o
 .debug_ranges  0x00000000       0x10 ./system/src/newlib/_cxx.o
 .debug_line    0x00000000      0x300 ./system/src/newlib/_cxx.o
 .debug_str     0x00000000      0x820 ./system/src/newlib/_cxx.o
 .comment       0x00000000       0x7f ./system/src/newlib/_cxx.o
 .debug_frame   0x00000000       0x40 ./system/src/newlib/_cxx.o
 .ARM.attributes
                0x00000000       0x33 ./system/src/newlib/_cxx.o
 .text          0x00000000        0x0 ./system/src/newlib/_exit.o
 .data          0x00000000        0x0 ./system/src/newlib/_exit.o
 .bss           0x00000000        0x0 ./system/src/newlib/_exit.o
 .text.abort    0x00000000        0x8 ./system/src/newlib/_exit.o
 .text          0x00000000        0x0 ./system/src/newlib/_sbrk.o
 .data          0x00000000        0x0 ./system/src/newlib/_sbrk.o
 .bss           0x00000000        0x0 ./system/src/newlib/_sbrk.o
 .text._sbrk    0x00000000       0x3c ./system/src/newlib/_sbrk.o
 .bss.current_heap_end.3961
                0x00000000        0x4 ./system/src/newlib/_sbrk.o
 .debug_info    0x00000000      0x93e ./system/src/newlib/_sbrk.o
 .debug_abbrev  0x00000000      0x1f9 ./system/src/newlib/_sbrk.o
 .debug_loc     0x00000000       0x6a ./system/src/newlib/_sbrk.o
 .debug_aranges
                0x00000000       0x20 ./system/src/newlib/_sbrk.o
 .debug_ranges  0x00000000       0x10 ./system/src/newlib/_sbrk.o
 .debug_line    0x00000000      0x149 ./system/src/newlib/_sbrk.o
 .debug_str     0x00000000      0x60c ./system/src/newlib/_sbrk.o
 .comment       0x00000000       0x7f ./system/src/newlib/_sbrk.o
 .debug_frame   0x00000000       0x28 ./system/src/newlib/_sbrk.o
 .ARM.attributes
                0x00000000       0x33 ./system/src/newlib/_sbrk.o
 .text          0x00000000        0x0 ./system/src/newlib/_startup.o
 .data          0x00000000        0x0 ./system/src/newlib/_startup.o
 .bss           0x00000000        0x0 ./system/src/newlib/_startup.o
 .text.__initialize_data
                0x00000000       0x10 ./system/src/newlib/_startup.o
 .text.__initialize_bss
                0x00000000        0xe ./system/src/newlib/_startup.o
 .text.__run_init_array
                0x00000000       0x44 ./system/src/newlib/_startup.o
 .text.__run_fini_array
                0x00000000       0x24 ./system/src/newlib/_startup.o
 .text          0x00000000        0x0 ./system/src/newlib/_syscalls.o
 .data          0x00000000        0x0 ./system/src/newlib/_syscalls.o
 .bss           0x00000000        0x0 ./system/src/newlib/_syscalls.o
 .text.raise    0x00000000       0x10 ./system/src/newlib/_syscalls.o
 .text.kill     0x00000000       0x10 ./system/src/newlib/_syscalls.o
 .bss.__dso_handle
                0x00000000        0x4 ./system/src/newlib/_syscalls.o
 COMMON         0x00000000        0x4 ./system/src/newlib/_syscalls.o
 .text          0x00000000        0x0 ./system/src/newlib/assert.o
 .data          0x00000000        0x0 ./system/src/newlib/assert.o
 .bss           0x00000000        0x0 ./system/src/newlib/assert.o
 .text.__assert_func
                0x00000000        0x6 ./system/src/newlib/assert.o
 .debug_info    0x00000000      0x96b ./system/src/newlib/assert.o
 .debug_abbrev  0x00000000      0x1fe ./system/src/newlib/assert.o
 .debug_loc     0x00000000       0x84 ./system/src/newlib/assert.o
 .debug_aranges
                0x00000000       0x20 ./system/src/newlib/assert.o
 .debug_ranges  0x00000000       0x10 ./system/src/newlib/assert.o
 .debug_line    0x00000000      0x1b4 ./system/src/newlib/assert.o
 .debug_str     0x00000000      0x615 ./system/src/newlib/assert.o
 .comment       0x00000000       0x7f ./system/src/newlib/assert.o
 .debug_frame   0x00000000       0x28 ./system/src/newlib/assert.o
 .ARM.attributes
                0x00000000       0x33 ./system/src/newlib/assert.o
 .text          0x00000000        0x0 ./system/src/diag/Trace.o
 .data          0x00000000        0x0 ./system/src/diag/Trace.o
 .bss           0x00000000        0x0 ./system/src/diag/Trace.o
 .debug_line    0x00000000        0x0 ./system/src/diag/Trace.o
 .debug_str     0x00000000      0x128 ./system/src/diag/Trace.o
 .comment       0x00000000       0x7f ./system/src/diag/Trace.o
 .ARM.attributes
                0x00000000       0x33 ./system/src/diag/Trace.o
 .text          0x00000000        0x0 ./system/src/diag/trace_impl.o
 .data          0x00000000        0x0 ./system/src/diag/trace_impl.o
 .bss           0x00000000        0x0 ./system/src/diag/trace_impl.o
 .debug_line    0x00000000        0x0 ./system/src/diag/trace_impl.o
 .debug_str     0x00000000      0x12d ./system/src/diag/trace_impl.o
 .comment       0x00000000       0x7f ./system/src/diag/trace_impl.o
 .ARM.attributes
                0x00000000       0x33 ./system/src/diag/trace_impl.o
 .text          0x00000000        0x0 ./system/src/cortexm/_initialize_hardware.o
 .data          0x00000000        0x0 ./system/src/cortexm/_initialize_hardware.o
 .bss           0x00000000        0x0 ./system/src/cortexm/_initialize_hardware.o
 .text.__initialize_hardware
                0x00000000        0x4 ./system/src/cortexm/_initialize_hardware.o
 .text          0x00000000        0x0 ./system/src/cortexm/_reset_hardware.o
 .data          0x00000000        0x0 ./system/src/cortexm/_reset_hardware.o
 .bss           0x00000000        0x0 ./system/src/cortexm/_reset_hardware.o
 .text          0x00000000        0x0 ./system/src/cortexm/exception_handlers.o
 .data          0x00000000        0x0 ./system/src/cortexm/exception_handlers.o
 .bss           0x00000000        0x0 ./system/src/cortexm/exception_handlers.o
 .text          0x00000000        0x0 ./system/src/cmsis/system_stm32f4xx.o
 .data          0x00000000        0x0 ./system/src/cmsis/system_stm32f4xx.o
 .bss           0x00000000        0x0 ./system/src/cmsis/system_stm32f4xx.o
 .text          0x00000000        0x0 ./system/src/cmsis/vectors_stm32f401xc.o
 .data          0x00000000        0x0 ./system/src/cmsis/vectors_stm32f401xc.o
 .bss           0x00000000        0x0 ./system/src/cmsis/vectors_stm32f401xc.o
 .text          0x00000000        0x0 ./src/MCAL/UART/UART_conf.o
 .data          0x00000000        0x0 ./src/MCAL/UART/UART_conf.o
 .bss           0x00000000        0x0 ./src/MCAL/UART/UART_conf.o
 .text          0x00000000        0x0 ./src/MCAL/UART/UART_program.o
 .data          0x00000000        0x0 ./src/MCAL/UART/UART_program.o
 .bss           0x00000000        0x0 ./src/MCAL/UART/UART_program.o
 .text.MUART_voidDisable
                0x00000000        0xa ./src/MCAL/UART/UART_program.o
 .text.MUART_voidTransmitByte
                0x00000000       0x18 ./src/MCAL/UART/UART_program.o
 .text.MUART_voidTransmitString
                0x00000000       0x1a ./src/MCAL/UART/UART_program.o
 .text.MUART_u8ReceiveByteSynchNonBlocking
                0x00000000       0x24 ./src/MCAL/UART/UART_program.o
 .text.MUART_ptrReceiveStringSynchNonBlocking
                0x00000000       0x28 ./src/MCAL/UART/UART_program.o
 .text.MUART_voidClearFlags
                0x00000000        0x6 ./src/MCAL/UART/UART_program.o
 .text.MUART2_voidSetCallBack
                0x00000000        0xc ./src/MCAL/UART/UART_program.o
 .text.MUART6_voidSetCallBack
                0x00000000        0xc ./src/MCAL/UART/UART_program.o
 .text          0x00000000        0x0 ./src/MCAL/Timer/Timer_prog.o
 .data          0x00000000        0x0 ./src/MCAL/Timer/Timer_prog.o
 .bss           0x00000000        0x0 ./src/MCAL/Timer/Timer_prog.o
 .text          0x00000000        0x0 ./src/MCAL/SYSTIC/SYSTIC_prog.o
 .data          0x00000000        0x0 ./src/MCAL/SYSTIC/SYSTIC_prog.o
 .bss           0x00000000        0x0 ./src/MCAL/SYSTIC/SYSTIC_prog.o
 .text.MSTK_voidStopTimer
                0x00000000       0x10 ./src/MCAL/SYSTIC/SYSTIC_prog.o
 .text.MSTK_voidSetIntervalSingle
                0x00000000       0x6c ./src/MCAL/SYSTIC/SYSTIC_prog.o
 .text.MSTK_voidSetIntervalPeriodic
                0x00000000       0x68 ./src/MCAL/SYSTIC/SYSTIC_prog.o
 .text.MSTK_u32GetElapsedTime
                0x00000000       0x10 ./src/MCAL/SYSTIC/SYSTIC_prog.o
 .text.MSTK_u32GetRemaningTime
                0x00000000        0xc ./src/MCAL/SYSTIC/SYSTIC_prog.o
 .text          0x00000000        0x0 ./src/MCAL/SPI/SPI_conf.o
 .data          0x00000000        0x0 ./src/MCAL/SPI/SPI_conf.o
 .bss           0x00000000        0x0 ./src/MCAL/SPI/SPI_conf.o
 .debug_info    0x00000000       0x5d ./src/MCAL/SPI/SPI_conf.o
 .debug_abbrev  0x00000000       0x1b ./src/MCAL/SPI/SPI_conf.o
 .debug_aranges
                0x00000000       0x18 ./src/MCAL/SPI/SPI_conf.o
 .debug_line    0x00000000       0x1d ./src/MCAL/SPI/SPI_conf.o
 .debug_str     0x00000000      0x19e ./src/MCAL/SPI/SPI_conf.o
 .comment       0x00000000       0x7f ./src/MCAL/SPI/SPI_conf.o
 .ARM.attributes
                0x00000000       0x33 ./src/MCAL/SPI/SPI_conf.o
 .text          0x00000000        0x0 ./src/MCAL/SPI/SPI_prog.o
 .data          0x00000000        0x0 ./src/MCAL/SPI/SPI_prog.o
 .bss           0x00000000        0x0 ./src/MCAL/SPI/SPI_prog.o
 .text.MSPI_u8Recive
                0x00000000       0x2c ./src/MCAL/SPI/SPI_prog.o
 .text          0x00000000        0x0 ./src/MCAL/RCC/RCC_prog.o
 .data          0x00000000        0x0 ./src/MCAL/RCC/RCC_prog.o
 .bss           0x00000000        0x0 ./src/MCAL/RCC/RCC_prog.o
 .text.MRCC_voidDisablePerephiralClock
                0x00000000       0x60 ./src/MCAL/RCC/RCC_prog.o
 .text          0x00000000        0x0 ./src/MCAL/NVIC/NVIC_prog.o
 .data          0x00000000        0x0 ./src/MCAL/NVIC/NVIC_prog.o
 .bss           0x00000000        0x0 ./src/MCAL/NVIC/NVIC_prog.o
 .text.MNVIC_voidDisablePeripheral
                0x00000000       0x1c ./src/MCAL/NVIC/NVIC_prog.o
 .text.MNVIC_voidSetPendingFlag
                0x00000000       0x1c ./src/MCAL/NVIC/NVIC_prog.o
 .text.MNVIC_voidClrPendingFlag
                0x00000000       0x1c ./src/MCAL/NVIC/NVIC_prog.o
 .text.MVNIC_u8GetActiveFlagStatues
                0x00000000       0x20 ./src/MCAL/NVIC/NVIC_prog.o
 .text.MNVIC_voidSetPriorityConfig
                0x00000000       0x1c ./src/MCAL/NVIC/NVIC_prog.o
 .text.MNVIC_voidSetPriority
                0x00000000       0xa4 ./src/MCAL/NVIC/NVIC_prog.o
 COMMON         0x00000000        0x4 ./src/MCAL/NVIC/NVIC_prog.o
 .text          0x00000000        0x0 ./src/MCAL/GPIO/GPIO_conf.o
 .data          0x00000000        0x0 ./src/MCAL/GPIO/GPIO_conf.o
 .bss           0x00000000        0x0 ./src/MCAL/GPIO/GPIO_conf.o
 .bss.config_input_pin_no_pull
                0x00000000        0x5 ./src/MCAL/GPIO/GPIO_conf.o
 .data.config_input_pin_analog
                0x00000000        0x5 ./src/MCAL/GPIO/GPIO_conf.o
 .data.config_input_pin_pull_down
                0x00000000        0x5 ./src/MCAL/GPIO/GPIO_conf.o
 .data.config_input_pin_pull_up
                0x00000000        0x5 ./src/MCAL/GPIO/GPIO_conf.o
 .data.config_output_pin_open_drain
                0x00000000        0x5 ./src/MCAL/GPIO/GPIO_conf.o
 .text          0x00000000        0x0 ./src/MCAL/GPIO/GPIO_prog.o
 .data          0x00000000        0x0 ./src/MCAL/GPIO/GPIO_prog.o
 .bss           0x00000000        0x0 ./src/MCAL/GPIO/GPIO_prog.o
 .text.MGPIO_voidTogPinValue
                0x00000000       0x44 ./src/MCAL/GPIO/GPIO_prog.o
 .text.MGPIO_voidGetPinValue
                0x00000000       0x48 ./src/MCAL/GPIO/GPIO_prog.o
 .text          0x00000000        0x0 ./src/HAL/TFT/TFT_conf.o
 .data          0x00000000        0x0 ./src/HAL/TFT/TFT_conf.o
 .bss           0x00000000        0x0 ./src/HAL/TFT/TFT_conf.o
 .text          0x00000000        0x0 ./src/HAL/TFT/TFT_prog.o
 .data          0x00000000        0x0 ./src/HAL/TFT/TFT_prog.o
 .bss           0x00000000        0x0 ./src/HAL/TFT/TFT_prog.o
 .text.HTFT_voidFillRectangle
                0x00000000       0x98 ./src/HAL/TFT/TFT_prog.o
 .text.HTFT_voidFillBackGround
                0x00000000       0x7a ./src/HAL/TFT/TFT_prog.o
 .text.HTFT_voidDL_u8RowLine
                0x00000000       0x78 ./src/HAL/TFT/TFT_prog.o
 .text.HTFT_voidDL_u8RowVertcalLine
                0x00000000       0x18 ./src/HAL/TFT/TFT_prog.o
 .text.HTFT_voidDL_u8RowHorizontalLine
                0x00000000       0x1e ./src/HAL/TFT/TFT_prog.o
 .text          0x00000000        0x0 ./src/HAL/PWM_DCmotor/PWM_DCmotor_conf.o
 .data          0x00000000        0x0 ./src/HAL/PWM_DCmotor/PWM_DCmotor_conf.o
 .bss           0x00000000        0x0 ./src/HAL/PWM_DCmotor/PWM_DCmotor_conf.o
 .text          0x00000000        0x0 ./src/HAL/PWM_DCmotor/PWM_DCmotor_prog.o
 .data          0x00000000        0x0 ./src/HAL/PWM_DCmotor/PWM_DCmotor_prog.o
 .bss           0x00000000        0x0 ./src/HAL/PWM_DCmotor/PWM_DCmotor_prog.o
 .text          0x00000000        0x0 ./src/HAL/LED/LED_prog.o
 .data          0x00000000        0x0 ./src/HAL/LED/LED_prog.o
 .bss           0x00000000        0x0 ./src/HAL/LED/LED_prog.o
 .text.HLED_voidLedToggle
                0x00000000       0x3a ./src/HAL/LED/LED_prog.o
 .text          0x00000000        0x0 ./src/_initialize_hardware.o
 .data          0x00000000        0x0 ./src/_initialize_hardware.o
 .bss           0x00000000        0x0 ./src/_initialize_hardware.o
 .text          0x00000000        0x0 ./src/_write.o
 .data          0x00000000        0x0 ./src/_write.o
 .bss           0x00000000        0x0 ./src/_write.o
 .debug_line    0x00000000        0x0 ./src/_write.o
 .debug_str     0x00000000      0x11d ./src/_write.o
 .comment       0x00000000       0x7f ./src/_write.o
 .ARM.attributes
                0x00000000       0x33 ./src/_write.o
 .text          0x00000000        0x0 ./src/main.o
 .data          0x00000000        0x0 ./src/main.o
 .bss           0x00000000        0x0 ./src/main.o
 .text          0x00000000        0x0 ./src/stm32f4xx_hal_msp.o
 .data          0x00000000        0x0 ./src/stm32f4xx_hal_msp.o
 .bss           0x00000000        0x0 ./src/stm32f4xx_hal_msp.o
 .text.HAL_MspDeInit
                0x00000000        0x2 ./src/stm32f4xx_hal_msp.o
 .text.HAL_PPP_MspInit
                0x00000000        0x2 ./src/stm32f4xx_hal_msp.o
 .text.HAL_PPP_MspDeInit
                0x00000000        0x2 ./src/stm32f4xx_hal_msp.o
 .data          0x00000000        0x0 f:/embedded/eclipse arm/imt_sdk_win_64/winarm/armgcc/bin/../lib/gcc/arm-none-eabi/7.2.1/thumb/v7e-m\libgcc.a(_arm_addsubsf3.o)
 .bss           0x00000000        0x0 f:/embedded/eclipse arm/imt_sdk_win_64/winarm/armgcc/bin/../lib/gcc/arm-none-eabi/7.2.1/thumb/v7e-m\libgcc.a(_arm_addsubsf3.o)
 .data          0x00000000        0x0 f:/embedded/eclipse arm/imt_sdk_win_64/winarm/armgcc/bin/../lib/gcc/arm-none-eabi/7.2.1/thumb/v7e-m\libgcc.a(_arm_muldivsf3.o)
 .bss           0x00000000        0x0 f:/embedded/eclipse arm/imt_sdk_win_64/winarm/armgcc/bin/../lib/gcc/arm-none-eabi/7.2.1/thumb/v7e-m\libgcc.a(_arm_muldivsf3.o)
 .data          0x00000000        0x0 f:/embedded/eclipse arm/imt_sdk_win_64/winarm/armgcc/bin/../lib/gcc/arm-none-eabi/7.2.1/thumb/v7e-m\libgcc.a(_arm_fixunssfsi.o)
 .bss           0x00000000        0x0 f:/embedded/eclipse arm/imt_sdk_win_64/winarm/armgcc/bin/../lib/gcc/arm-none-eabi/7.2.1/thumb/v7e-m\libgcc.a(_arm_fixunssfsi.o)
 .text          0x00000000       0xa0 f:/embedded/eclipse arm/imt_sdk_win_64/winarm/armgcc/bin/../lib/gcc/arm-none-eabi/7.2.1/thumb/v7e-m\libgcc.a(_aeabi_ldivmod.o)
 .data          0x00000000        0x0 f:/embedded/eclipse arm/imt_sdk_win_64/winarm/armgcc/bin/../lib/gcc/arm-none-eabi/7.2.1/thumb/v7e-m\libgcc.a(_aeabi_ldivmod.o)
 .bss           0x00000000        0x0 f:/embedded/eclipse arm/imt_sdk_win_64/winarm/armgcc/bin/../lib/gcc/arm-none-eabi/7.2.1/thumb/v7e-m\libgcc.a(_aeabi_ldivmod.o)
 .debug_frame   0x00000000       0x44 f:/embedded/eclipse arm/imt_sdk_win_64/winarm/armgcc/bin/../lib/gcc/arm-none-eabi/7.2.1/thumb/v7e-m\libgcc.a(_aeabi_ldivmod.o)
 .ARM.attributes
                0x00000000       0x1e f:/embedded/eclipse arm/imt_sdk_win_64/winarm/armgcc/bin/../lib/gcc/arm-none-eabi/7.2.1/thumb/v7e-m\libgcc.a(_aeabi_ldivmod.o)
 .data          0x00000000        0x0 f:/embedded/eclipse arm/imt_sdk_win_64/winarm/armgcc/bin/../lib/gcc/arm-none-eabi/7.2.1/thumb/v7e-m\libgcc.a(_aeabi_uldivmod.o)
 .bss           0x00000000        0x0 f:/embedded/eclipse arm/imt_sdk_win_64/winarm/armgcc/bin/../lib/gcc/arm-none-eabi/7.2.1/thumb/v7e-m\libgcc.a(_aeabi_uldivmod.o)
 .data          0x00000000        0x0 f:/embedded/eclipse arm/imt_sdk_win_64/winarm/armgcc/bin/../lib/gcc/arm-none-eabi/7.2.1/thumb/v7e-m\libgcc.a(_udivmoddi4.o)
 .bss           0x00000000        0x0 f:/embedded/eclipse arm/imt_sdk_win_64/winarm/armgcc/bin/../lib/gcc/arm-none-eabi/7.2.1/thumb/v7e-m\libgcc.a(_udivmoddi4.o)
 .ARM.extab     0x00000000        0x0 f:/embedded/eclipse arm/imt_sdk_win_64/winarm/armgcc/bin/../lib/gcc/arm-none-eabi/7.2.1/thumb/v7e-m\libgcc.a(_udivmoddi4.o)
 .data          0x00000000        0x0 f:/embedded/eclipse arm/imt_sdk_win_64/winarm/armgcc/bin/../lib/gcc/arm-none-eabi/7.2.1/thumb/v7e-m\libgcc.a(_dvmd_tls.o)
 .bss           0x00000000        0x0 f:/embedded/eclipse arm/imt_sdk_win_64/winarm/armgcc/bin/../lib/gcc/arm-none-eabi/7.2.1/thumb/v7e-m\libgcc.a(_dvmd_tls.o)
 .text          0x00000000        0x0 f:/embedded/eclipse arm/imt_sdk_win_64/winarm/armgcc/bin/../lib/gcc/arm-none-eabi/7.2.1/../../../../arm-none-eabi/lib/thumb/v7e-m\libg_nano.a(lib_a-errno.o)
 .data          0x00000000        0x0 f:/embedded/eclipse arm/imt_sdk_win_64/winarm/armgcc/bin/../lib/gcc/arm-none-eabi/7.2.1/../../../../arm-none-eabi/lib/thumb/v7e-m\libg_nano.a(lib_a-errno.o)
 .bss           0x00000000        0x0 f:/embedded/eclipse arm/imt_sdk_win_64/winarm/armgcc/bin/../lib/gcc/arm-none-eabi/7.2.1/../../../../arm-none-eabi/lib/thumb/v7e-m\libg_nano.a(lib_a-errno.o)
 .text.__errno  0x00000000        0xc f:/embedded/eclipse arm/imt_sdk_win_64/winarm/armgcc/bin/../lib/gcc/arm-none-eabi/7.2.1/../../../../arm-none-eabi/lib/thumb/v7e-m\libg_nano.a(lib_a-errno.o)
 .debug_frame   0x00000000       0x20 f:/embedded/eclipse arm/imt_sdk_win_64/winarm/armgcc/bin/../lib/gcc/arm-none-eabi/7.2.1/../../../../arm-none-eabi/lib/thumb/v7e-m\libg_nano.a(lib_a-errno.o)
 .ARM.attributes
                0x00000000       0x2e f:/embedded/eclipse arm/imt_sdk_win_64/winarm/armgcc/bin/../lib/gcc/arm-none-eabi/7.2.1/../../../../arm-none-eabi/lib/thumb/v7e-m\libg_nano.a(lib_a-errno.o)
 .text          0x00000000        0x0 f:/embedded/eclipse arm/imt_sdk_win_64/winarm/armgcc/bin/../lib/gcc/arm-none-eabi/7.2.1/../../../../arm-none-eabi/lib/thumb/v7e-m\libg_nano.a(lib_a-impure.o)
 .data          0x00000000        0x0 f:/embedded/eclipse arm/imt_sdk_win_64/winarm/armgcc/bin/../lib/gcc/arm-none-eabi/7.2.1/../../../../arm-none-eabi/lib/thumb/v7e-m\libg_nano.a(lib_a-impure.o)
 .bss           0x00000000        0x0 f:/embedded/eclipse arm/imt_sdk_win_64/winarm/armgcc/bin/../lib/gcc/arm-none-eabi/7.2.1/../../../../arm-none-eabi/lib/thumb/v7e-m\libg_nano.a(lib_a-impure.o)
 .data._impure_ptr
                0x00000000        0x4 f:/embedded/eclipse arm/imt_sdk_win_64/winarm/armgcc/bin/../lib/gcc/arm-none-eabi/7.2.1/../../../../arm-none-eabi/lib/thumb/v7e-m\libg_nano.a(lib_a-impure.o)
 .data.impure_data
                0x00000000       0x60 f:/embedded/eclipse arm/imt_sdk_win_64/winarm/armgcc/bin/../lib/gcc/arm-none-eabi/7.2.1/../../../../arm-none-eabi/lib/thumb/v7e-m\libg_nano.a(lib_a-impure.o)
 .rodata._global_impure_ptr
                0x00000000        0x4 f:/embedded/eclipse arm/imt_sdk_win_64/winarm/armgcc/bin/../lib/gcc/arm-none-eabi/7.2.1/../../../../arm-none-eabi/lib/thumb/v7e-m\libg_nano.a(lib_a-impure.o)
 .ARM.attributes
                0x00000000       0x2e f:/embedded/eclipse arm/imt_sdk_win_64/winarm/armgcc/bin/../lib/gcc/arm-none-eabi/7.2.1/../../../../arm-none-eabi/lib/thumb/v7e-m\libg_nano.a(lib_a-impure.o)

Memory Configuration

Name             Origin             Length             Attributes
RAM              0x20000000         0x00010000         xrw
CCMRAM           0x10000000         0x00000000         xrw
FLASH            0x08000000         0x00040000         xr
FLASHB1          0x00000000         0x00000000         xr
EXTMEMB0         0x00000000         0x00000000         xr
EXTMEMB1         0x00000000         0x00000000         xr
EXTMEMB2         0x00000000         0x00000000         xr
EXTMEMB3         0x00000000         0x00000000         xr
*default*        0x00000000         0xffffffff

Linker script and memory map

LOAD ./system/src/stm32f4-hal/stm32f4xx_hal.o
LOAD ./system/src/stm32f4-hal/stm32f4xx_hal_cortex.o
LOAD ./system/src/stm32f4-hal/stm32f4xx_hal_dfsdm.o
LOAD ./system/src/stm32f4-hal/stm32f4xx_hal_flash.o
LOAD ./system/src/stm32f4-hal/stm32f4xx_hal_gpio.o
LOAD ./system/src/stm32f4-hal/stm32f4xx_hal_iwdg.o
LOAD ./system/src/stm32f4-hal/stm32f4xx_hal_pwr.o
LOAD ./system/src/stm32f4-hal/stm32f4xx_hal_rcc.o
LOAD ./system/src/newlib/_cxx.o
LOAD ./system/src/newlib/_exit.o
LOAD ./system/src/newlib/_sbrk.o
LOAD ./system/src/newlib/_startup.o
LOAD ./system/src/newlib/_syscalls.o
LOAD ./system/src/newlib/assert.o
LOAD ./system/src/diag/Trace.o
LOAD ./system/src/diag/trace_impl.o
LOAD ./system/src/cortexm/_initialize_hardware.o
LOAD ./system/src/cortexm/_reset_hardware.o
LOAD ./system/src/cortexm/exception_handlers.o
LOAD ./system/src/cmsis/system_stm32f4xx.o
LOAD ./system/src/cmsis/vectors_stm32f401xc.o
LOAD ./src/MCAL/UART/UART_conf.o
LOAD ./src/MCAL/UART/UART_program.o
LOAD ./src/MCAL/Timer/Timer_prog.o
LOAD ./src/MCAL/SYSTIC/SYSTIC_prog.o
LOAD ./src/MCAL/SPI/SPI_conf.o
LOAD ./src/MCAL/SPI/SPI_prog.o
LOAD ./src/MCAL/RCC/RCC_prog.o
LOAD ./src/MCAL/NVIC/NVIC_prog.o
LOAD ./src/MCAL/GPIO/GPIO_conf.o
LOAD ./src/MCAL/GPIO/GPIO_prog.o
LOAD ./src/HAL/TFT/TFT_conf.o
LOAD ./src/HAL/TFT/TFT_prog.o
LOAD ./src/HAL/PWM_DCmotor/PWM_DCmotor_conf.o
LOAD ./src/HAL/PWM_DCmotor/PWM_DCmotor_prog.o
LOAD ./src/HAL/LED/LED_prog.o
LOAD ./src/_initialize_hardware.o
LOAD ./src/_write.o
LOAD ./src/main.o
LOAD ./src/stm32f4xx_hal_msp.o
LOAD f:/embedded/eclipse arm/imt_sdk_win_64/winarm/armgcc/bin/../lib/gcc/arm-none-eabi/7.2.1/../../../../arm-none-eabi/lib/thumb/v7e-m\libstdc++_nano.a
LOAD f:/embedded/eclipse arm/imt_sdk_win_64/winarm/armgcc/bin/../lib/gcc/arm-none-eabi/7.2.1/../../../../arm-none-eabi/lib/thumb/v7e-m\libm.a
START GROUP
LOAD f:/embedded/eclipse arm/imt_sdk_win_64/winarm/armgcc/bin/../lib/gcc/arm-none-eabi/7.2.1/thumb/v7e-m\libgcc.a
LOAD f:/embedded/eclipse arm/imt_sdk_win_64/winarm/armgcc/bin/../lib/gcc/arm-none-eabi/7.2.1/../../../../arm-none-eabi/lib/thumb/v7e-m\libg_nano.a
LOAD f:/embedded/eclipse arm/imt_sdk_win_64/winarm/armgcc/bin/../lib/gcc/arm-none-eabi/7.2.1/../../../../arm-none-eabi/lib/thumb/v7e-m\libc_nano.a
END GROUP
START GROUP
LOAD f:/embedded/eclipse arm/imt_sdk_win_64/winarm/armgcc/bin/../lib/gcc/arm-none-eabi/7.2.1/thumb/v7e-m\libgcc.a
LOAD f:/embedded/eclipse arm/imt_sdk_win_64/winarm/armgcc/bin/../lib/gcc/arm-none-eabi/7.2.1/../../../../arm-none-eabi/lib/thumb/v7e-m\libc_nano.a
END GROUP
                0x20010000                __stack = (ORIGIN (RAM) + LENGTH (RAM))
                0x20010000                _estack = __stack
                0x00000400                __Main_Stack_Size = 0x400
                [!provide]                PROVIDE (_Main_Stack_Size, __Main_Stack_Size)
                0x2000fc00                __Main_Stack_Limit = (__stack - __Main_Stack_Size)
                [!provide]                PROVIDE (_Main_Stack_Limit, __Main_Stack_Limit)
                0x00000100                _Minimum_Stack_Size = 0x100
                0x20000130                PROVIDE (_Heap_Begin, _end_noinit)
                0x2000fc00                PROVIDE (_Heap_Limit, (__stack - __Main_Stack_Size))

.isr_vector     0x08000000      0x2c6
 FILL mask 0xff
                0x08000000                __vectors_start = ABSOLUTE (.)
                0x08000000                __vectors_start__ = ABSOLUTE (.)
 *(.isr_vector)
 .isr_vector    0x08000000      0x194 ./system/src/cmsis/vectors_stm32f401xc.o
                0x08000000                __isr_vectors
 *(.cfmconfig)
 *(.after_vectors .after_vectors.*)
 .after_vectors
                0x08000194       0xcc ./system/src/newlib/_startup.o
                0x08000194                _start
 .after_vectors
                0x08000260       0x64 ./system/src/cortexm/exception_handlers.o
                0x08000260                Reset_Handler
                0x08000264                NMI_Handler
                0x08000266                HardFault_Handler
                0x0800027a                HardFault_Handler_C
                0x0800027c                MemManage_Handler
                0x0800027e                BusFault_Handler
                0x08000292                BusFault_Handler_C
                0x08000294                UsageFault_Handler
                0x080002a8                UsageFault_Handler_C
                0x080002aa                SVC_Handler
                0x080002ac                DebugMon_Handler
                0x080002ae                PendSV_Handler
 .after_vectors
                0x080002c4        0x2 ./system/src/cmsis/vectors_stm32f401xc.o
                0x080002c4                RTC_Alarm_IRQHandler
                0x080002c4                EXTI2_IRQHandler
                0x080002c4                SPI4_IRQHandler
                0x080002c4                TIM1_CC_IRQHandler
                0x080002c4                DMA2_Stream5_IRQHandler
                0x080002c4                DMA1_Stream5_IRQHandler
                0x080002c4                PVD_IRQHandler
                0x080002c4                SDIO_IRQHandler
                0x080002c4                TAMP_STAMP_IRQHandler
                0x080002c4                EXTI3_IRQHandler
                0x080002c4                TIM1_UP_TIM10_IRQHandler
                0x080002c4                I2C3_ER_IRQHandler
                0x080002c4                EXTI0_IRQHandler
                0x080002c4                I2C2_EV_IRQHandler
                0x080002c4                DMA1_Stream2_IRQHandler
                0x080002c4                FPU_IRQHandler
                0x080002c4                DMA2_Stream2_IRQHandler
                0x080002c4                SPI1_IRQHandler
                0x080002c4                TIM1_BRK_TIM9_IRQHandler
                0x080002c4                DMA2_Stream3_IRQHandler
                0x080002c4                DMA2_Stream0_IRQHandler
                0x080002c4                TIM4_IRQHandler
                0x080002c4                I2C1_EV_IRQHandler
                0x080002c4                DMA1_Stream6_IRQHandler
                0x080002c4                DMA1_Stream1_IRQHandler
                0x080002c4                TIM3_IRQHandler
                0x080002c4                RCC_IRQHandler
                0x080002c4                Default_Handler
                0x080002c4                EXTI15_10_IRQHandler
                0x080002c4                ADC_IRQHandler
                0x080002c4                DMA1_Stream7_IRQHandler
                0x080002c4                TIM5_IRQHandler
                0x080002c4                DMA2_Stream7_IRQHandler
                0x080002c4                I2C3_EV_IRQHandler
                0x080002c4                EXTI9_5_IRQHandler
                0x080002c4                RTC_WKUP_IRQHandler
                0x080002c4                SPI2_IRQHandler
                0x080002c4                DMA1_Stream0_IRQHandler
                0x080002c4                EXTI4_IRQHandler
                0x080002c4                WWDG_IRQHandler
                0x080002c4                TIM2_IRQHandler
                0x080002c4                OTG_FS_WKUP_IRQHandler
                0x080002c4                TIM1_TRG_COM_TIM11_IRQHandler
                0x080002c4                EXTI1_IRQHandler
                0x080002c4                I2C2_ER_IRQHandler
                0x080002c4                DMA2_Stream1_IRQHandler
                0x080002c4                FLASH_IRQHandler
                0x080002c4                DMA2_Stream4_IRQHandler
                0x080002c4                OTG_FS_IRQHandler
                0x080002c4                SPI3_IRQHandler
                0x080002c4                DMA1_Stream4_IRQHandler
                0x080002c4                I2C1_ER_IRQHandler
                0x080002c4                DMA2_Stream6_IRQHandler
                0x080002c4                DMA1_Stream3_IRQHandler

.inits          0x080002c8       0x28
                0x080002c8                __data_regions_array_start = .
                0x080002c8        0x4 LONG 0x800ccc4 LOADADDR (.data)
                0x080002cc        0x4 LONG 0x20000000 ADDR (.data)
                0x080002d0        0x4 LONG 0x20000038 (ADDR (.data) + SIZEOF (.data))
                0x080002d4        0x4 LONG 0x800ccc4 LOADADDR (.data_CCMRAM)
                0x080002d8        0x4 LONG 0x10000000 ADDR (.data_CCMRAM)
                0x080002dc        0x4 LONG 0x10000000 (ADDR (.data_CCMRAM) + SIZEOF (.data_CCMRAM))
                0x080002e0                __data_regions_array_end = .
                0x080002e0                __bss_regions_array_start = .
                0x080002e0        0x4 LONG 0x20000038 ADDR (.bss)
                0x080002e4        0x4 LONG 0x20000130 (ADDR (.bss) + SIZEOF (.bss))
                0x080002e8        0x4 LONG 0x10000000 ADDR (.bss_CCMRAM)
                0x080002ec        0x4 LONG 0x10000000 (ADDR (.bss_CCMRAM) + SIZEOF (.bss_CCMRAM))
                0x080002f0                __bss_regions_array_end = .
 *(.init)
 *(.fini)
                0x080002f0                . = ALIGN (0x4)
                0x080002f0                PROVIDE (__preinit_array_start, .)
 *(.preinit_array_sysinit .preinit_array_sysinit.*)
 *(.preinit_array_platform .preinit_array_platform.*)
 *(.preinit_array .preinit_array.*)
                0x080002f0                PROVIDE (__preinit_array_end, .)
                0x080002f0                . = ALIGN (0x4)
                0x080002f0                PROVIDE (__init_array_start, .)
 *(SORT_BY_NAME(.init_array.*))
 *(.init_array)
                0x080002f0                PROVIDE (__init_array_end, .)
                0x080002f0                . = ALIGN (0x4)
                0x080002f0                PROVIDE (__fini_array_start, .)
 *(SORT_BY_NAME(.fini_array.*))
 *(.fini_array)
                0x080002f0                PROVIDE (__fini_array_end, .)

.flashtext
 *(.flashtext .flashtext.*)

.text           0x080002f0     0xc9cb
 *(.text .text.*)
 .text.HAL_InitTick
                0x080002f0       0x28 ./system/src/stm32f4-hal/stm32f4xx_hal.o
                0x080002f0                HAL_InitTick
 .text.HAL_Init
                0x08000318       0x34 ./system/src/stm32f4-hal/stm32f4xx_hal.o
                0x08000318                HAL_Init
 .text.HAL_GetTick
                0x0800034c        0xc ./system/src/stm32f4-hal/stm32f4xx_hal.o
                0x0800034c                HAL_GetTick
 .text.HAL_NVIC_SetPriorityGrouping
                0x08000358       0x24 ./system/src/stm32f4-hal/stm32f4xx_hal_cortex.o
                0x08000358                HAL_NVIC_SetPriorityGrouping
 .text.HAL_NVIC_SetPriority
                0x0800037c       0x68 ./system/src/stm32f4-hal/stm32f4xx_hal_cortex.o
                0x0800037c                HAL_NVIC_SetPriority
 .text.HAL_SYSTICK_Config
                0x080003e4       0x2c ./system/src/stm32f4-hal/stm32f4xx_hal_cortex.o
                0x080003e4                HAL_SYSTICK_Config
 .text.HAL_SYSTICK_CLKSourceConfig
                0x08000410       0x18 ./system/src/stm32f4-hal/stm32f4xx_hal_cortex.o
                0x08000410                HAL_SYSTICK_CLKSourceConfig
 .text.HAL_RCC_OscConfig
                0x08000428      0x2d8 ./system/src/stm32f4-hal/stm32f4xx_hal_rcc.o
                0x08000428                HAL_RCC_OscConfig
 .text.HAL_RCC_GetSysClockFreq
                0x08000700       0x74 ./system/src/stm32f4-hal/stm32f4xx_hal_rcc.o
                0x08000700                HAL_RCC_GetSysClockFreq
 .text.HAL_RCC_ClockConfig
                0x08000774      0x168 ./system/src/stm32f4-hal/stm32f4xx_hal_rcc.o
                0x08000774                HAL_RCC_ClockConfig
 .text.HAL_RCC_GetHCLKFreq
                0x080008dc        0xc ./system/src/stm32f4-hal/stm32f4xx_hal_rcc.o
                0x080008dc                HAL_RCC_GetHCLKFreq
 .text._exit    0x080008e8        0x6 ./system/src/newlib/_exit.o
                0x080008e8                _exit
 *fill*         0x080008ee        0x2 
 .text.__initialize_args
                0x080008f0       0x10 ./system/src/newlib/_syscalls.o
                0x080008f0                __initialize_args
 .text.__initialize_hardware_early
                0x08000900       0x18 ./system/src/cortexm/_initialize_hardware.o
                0x08000900                __initialize_hardware_early
 .text.__reset_hardware
                0x08000918       0x24 ./system/src/cortexm/_reset_hardware.o
                0x08000918                __reset_hardware
 .text.SystemInit
                0x0800093c       0x40 ./system/src/cmsis/system_stm32f4xx.o
                0x0800093c                SystemInit
 .text.SystemCoreClockUpdate
                0x0800097c       0x74 ./system/src/cmsis/system_stm32f4xx.o
                0x0800097c                SystemCoreClockUpdate
 .text.MUART_voidInit
                0x080009f0      0x1c0 ./src/MCAL/UART/UART_program.o
                0x080009f0                MUART_voidInit
 .text.MUART_voidEnable
                0x08000bb0        0xa ./src/MCAL/UART/UART_program.o
                0x08000bb0                MUART_voidEnable
 .text.MUART_RxIntSetStatus
                0x08000bba       0x18 ./src/MCAL/UART/UART_program.o
                0x08000bba                MUART_RxIntSetStatus
 .text.MUART_u8ReadDataRegister
                0x08000bd2        0x6 ./src/MCAL/UART/UART_program.o
                0x08000bd2                MUART_u8ReadDataRegister
 .text.MUART1_voidSetCallBack
                0x08000bd8        0xc ./src/MCAL/UART/UART_program.o
                0x08000bd8                MUART1_voidSetCallBack
 .text.USART1_IRQHandler
                0x08000be4       0x18 ./src/MCAL/UART/UART_program.o
                0x08000be4                USART1_IRQHandler
 .text.USART2_IRQHandler
                0x08000bfc       0x18 ./src/MCAL/UART/UART_program.o
                0x08000bfc                USART2_IRQHandler
 .text.USART6_IRQHandler
                0x08000c14       0x18 ./src/MCAL/UART/UART_program.o
                0x08000c14                USART6_IRQHandler
 .text.MTimer_voidInit
                0x08000c2c      0x290 ./src/MCAL/Timer/Timer_prog.o
                0x08000c2c                MTimer_voidInit
 .text.MTimer_voidPWM
                0x08000ebc      0x2bc ./src/MCAL/Timer/Timer_prog.o
                0x08000ebc                MTimer_voidPWM
 .text.MSTK_voidInit
                0x08001178       0x18 ./src/MCAL/SYSTIC/SYSTIC_prog.o
                0x08001178                MSTK_voidInit
 .text.MSTK_voidSetBusyWait
                0x08001190       0x80 ./src/MCAL/SYSTIC/SYSTIC_prog.o
                0x08001190                MSTK_voidSetBusyWait
 .text.SysTick_Handler
                0x08001210       0x68 ./src/MCAL/SYSTIC/SYSTIC_prog.o
                0x08001210                SysTick_Handler
 .text.MSPI_voidInit
                0x08001278      0x1a4 ./src/MCAL/SPI/SPI_prog.o
                0x08001278                MSPI_voidInit
 .text.MSPI_voidTransmite
                0x0800141c       0x48 ./src/MCAL/SPI/SPI_prog.o
                0x0800141c                MSPI_voidTransmite
 .text.MRCC_voidInit
                0x08001464       0x90 ./src/MCAL/RCC/RCC_prog.o
                0x08001464                MRCC_voidInit
 .text.MRCC_voidEnablePerephiralClock
                0x080014f4       0x58 ./src/MCAL/RCC/RCC_prog.o
                0x080014f4                MRCC_voidEnablePerephiralClock
 .text.MNVIC_voidEnablePeripheral
                0x0800154c       0x18 ./src/MCAL/NVIC/NVIC_prog.o
                0x0800154c                MNVIC_voidEnablePeripheral
 .text.MGPIO_voidSetPinMode
                0x08001564       0x5c ./src/MCAL/GPIO/GPIO_prog.o
                0x08001564                MGPIO_voidSetPinMode
 .text.MGPIO_voidSetPinOutputType
                0x080015c0       0x84 ./src/MCAL/GPIO/GPIO_prog.o
                0x080015c0                MGPIO_voidSetPinOutputType
 .text.MGPIO_voidSetPinOutputSpeed
                0x08001644       0x5c ./src/MCAL/GPIO/GPIO_prog.o
                0x08001644                MGPIO_voidSetPinOutputSpeed
 .text.MGPIO_voidSetPinInputPull
                0x080016a0       0x5c ./src/MCAL/GPIO/GPIO_prog.o
                0x080016a0                MGPIO_voidSetPinInputPull
 .text.MGPIO_voidSetPinValue
                0x080016fc       0x84 ./src/MCAL/GPIO/GPIO_prog.o
                0x080016fc                MGPIO_voidSetPinValue
 .text.MGPIO_voidSetAltFun
                0x08001780       0xdc ./src/MCAL/GPIO/GPIO_prog.o
                0x08001780                MGPIO_voidSetAltFun
 .text.MGPIO_voidInit
                0x0800185c       0x52 ./src/MCAL/GPIO/GPIO_prog.o
                0x0800185c                MGPIO_voidInit
 *fill*         0x080018ae        0x2 
 .text.HTFT_voidWriteData
                0x080018b0       0x24 ./src/HAL/TFT/TFT_prog.o
 .text.HTFT_voidWriteCmd
                0x080018d4       0x24 ./src/HAL/TFT/TFT_prog.o
 .text.HTFT_voidInit
                0x080018f8       0xb8 ./src/HAL/TFT/TFT_prog.o
                0x080018f8                HTFT_voidInit
 .text.HTFT_voidDisplayImage
                0x080019b0       0x84 ./src/HAL/TFT/TFT_prog.o
                0x080019b0                HTFT_voidDisplayImage
 .text.HTFT_voidDisplayChar
                0x08001a34       0xe8 ./src/HAL/TFT/TFT_prog.o
                0x08001a34                HTFT_voidDisplayChar
 .text.HTFT_voidDisplayString
                0x08001b1c       0x34 ./src/HAL/TFT/TFT_prog.o
                0x08001b1c                HTFT_voidDisplayString
 .text.HDC_init
                0x08001b50       0x24 ./src/HAL/PWM_DCmotor/PWM_DCmotor_prog.o
                0x08001b50                HDC_init
 .text.HDC_CounterClockWise
                0x08001b74       0x24 ./src/HAL/PWM_DCmotor/PWM_DCmotor_prog.o
                0x08001b74                HDC_CounterClockWise
 .text.HDC_ClockWise
                0x08001b98       0x26 ./src/HAL/PWM_DCmotor/PWM_DCmotor_prog.o
                0x08001b98                HDC_ClockWise
 .text.HDC_Stop
                0x08001bbe       0x24 ./src/HAL/PWM_DCmotor/PWM_DCmotor_prog.o
                0x08001bbe                HDC_Stop
 *fill*         0x08001be2        0x2 
 .text.HLED_voidLedInitial
                0x08001be4       0x40 ./src/HAL/LED/LED_prog.o
                0x08001be4                HLED_voidLedInitial
 .text.HLED_voidLedOn
                0x08001c24       0x4a ./src/HAL/LED/LED_prog.o
                0x08001c24                HLED_voidLedOn
 .text.HLED_voidLedOff
                0x08001c6e       0x4a ./src/HAL/LED/LED_prog.o
                0x08001c6e                HLED_voidLedOff
 .text.SystemClock_Config
                0x08001cb8       0x94 ./src/_initialize_hardware.o
                0x08001cb8                SystemClock_Config
 .text.__initialize_hardware
                0x08001d4c       0x12 ./src/_initialize_hardware.o
                0x08001d4c                __initialize_hardware
 *fill*         0x08001d5e        0x2 
 .text.myfun    0x08001d60       0x18 ./src/main.o
                0x08001d60                myfun
 .text.startup.main
                0x08001d78      0x398 ./src/main.o
                0x08001d78                main
 .text.HAL_MspInit
                0x08002110        0x2 ./src/stm32f4xx_hal_msp.o
                0x08002110                HAL_MspInit
 *fill*         0x08002112        0x2 
 .text          0x08002114      0x21c f:/embedded/eclipse arm/imt_sdk_win_64/winarm/armgcc/bin/../lib/gcc/arm-none-eabi/7.2.1/thumb/v7e-m\libgcc.a(_arm_addsubsf3.o)
                0x08002114                __aeabi_frsub
                0x0800211c                __subsf3
                0x0800211c                __aeabi_fsub
                0x08002120                __aeabi_fadd
                0x08002120                __addsf3
                0x08002280                __aeabi_ui2f
                0x08002280                __floatunsisf
                0x08002288                __aeabi_i2f
                0x08002288                __floatsisf
                0x080022a4                __aeabi_ul2f
                0x080022a4                __floatundisf
                0x080022b4                __aeabi_l2f
                0x080022b4                __floatdisf
 .text          0x08002330      0x2a0 f:/embedded/eclipse arm/imt_sdk_win_64/winarm/armgcc/bin/../lib/gcc/arm-none-eabi/7.2.1/thumb/v7e-m\libgcc.a(_arm_muldivsf3.o)
                0x08002330                __mulsf3
                0x08002330                __aeabi_fmul
                0x08002498                __aeabi_fdiv
                0x08002498                __divsf3
 .text          0x080025d0       0x40 f:/embedded/eclipse arm/imt_sdk_win_64/winarm/armgcc/bin/../lib/gcc/arm-none-eabi/7.2.1/thumb/v7e-m\libgcc.a(_arm_fixunssfsi.o)
                0x080025d0                __fixunssfsi
                0x080025d0                __aeabi_f2uiz
 .text          0x08002610       0x30 f:/embedded/eclipse arm/imt_sdk_win_64/winarm/armgcc/bin/../lib/gcc/arm-none-eabi/7.2.1/thumb/v7e-m\libgcc.a(_aeabi_uldivmod.o)
                0x08002610                __aeabi_uldivmod
 .text          0x08002640      0x2cc f:/embedded/eclipse arm/imt_sdk_win_64/winarm/armgcc/bin/../lib/gcc/arm-none-eabi/7.2.1/thumb/v7e-m\libgcc.a(_udivmoddi4.o)
                0x08002640                __udivmoddi4
 .text          0x0800290c        0x4 f:/embedded/eclipse arm/imt_sdk_win_64/winarm/armgcc/bin/../lib/gcc/arm-none-eabi/7.2.1/thumb/v7e-m\libgcc.a(_dvmd_tls.o)
                0x0800290c                __aeabi_idiv0
                0x0800290c                __aeabi_ldiv0
 *(.rodata .rodata.* .constdata .constdata.*)
 .rodata.APBAHBPrescTable
                0x08002910       0x10 ./system/src/stm32f4-hal/stm32f4xx_hal_rcc.o
                0x08002910                APBAHBPrescTable
 .rodata.AHBPrescTable
                0x08002920       0x10 ./system/src/cmsis/system_stm32f4xx.o
                0x08002920                AHBPrescTable
 .rodata.FONT_CHARS
                0x08002930      0x2a0 ./src/HAL/TFT/TFT_prog.o
                0x08002930                FONT_CHARS
 .rodata.car    0x08002bd0     0xa000 ./src/main.o
                0x08002bd0                car
 .rodata.main.str1.1
                0x0800cbd0       0xeb ./src/main.o
 *(vtable)
 *(.eh_frame*)
 *(.glue_7)
 .glue_7        0x0800ccbb        0x0 linker stubs
 *(.glue_7t)
 .glue_7t       0x0800ccbb        0x0 linker stubs

.vfp11_veneer   0x0800ccbc        0x0
 .vfp11_veneer  0x0800ccbc        0x0 linker stubs

.v4_bx          0x0800ccbc        0x0
 .v4_bx         0x0800ccbc        0x0 linker stubs

.iplt           0x0800ccbc        0x0
 .iplt          0x0800ccbc        0x0 ./system/src/stm32f4-hal/stm32f4xx_hal.o

.ARM.extab
 *(.ARM.extab* .gnu.linkonce.armextab.*)
                0x0800ccbc                . = ALIGN (0x4)
                0x0800ccbc                __exidx_start = .

.ARM.exidx      0x0800ccbc        0x8
 *(.ARM.exidx* .gnu.linkonce.armexidx.*)
 .ARM.exidx     0x0800ccbc        0x8 f:/embedded/eclipse arm/imt_sdk_win_64/winarm/armgcc/bin/../lib/gcc/arm-none-eabi/7.2.1/thumb/v7e-m\libgcc.a(_udivmoddi4.o)
                0x0800ccc4                __exidx_end = .

.rel.dyn        0x0800ccc4        0x0
 .rel.iplt      0x0800ccc4        0x0 ./system/src/stm32f4-hal/stm32f4xx_hal.o
                0x0800ccc4                . = ALIGN (0x4)
                0x0800ccc4                _etext = .
                0x0800ccc4                __etext = .

.data_CCMRAM    0x10000000        0x0 load address 0x0800ccc4
 FILL mask 0xff
 *(.data.CCMRAM .data.CCMRAM.*)
                0x10000000                . = ALIGN (0x4)
                0x0800ccc4                _sidata = LOADADDR (.data)

.data           0x20000000       0x38 load address 0x0800ccc4
 FILL mask 0xff
                0x20000000                _sdata = .
                0x20000000                __data_start__ = .
 *(.data_begin .data_begin.*)
 *(.data .data.*)
 .data.argv.4310
                0x20000000        0x8 ./system/src/newlib/_syscalls.o
 .data.SystemCoreClock
                0x20000008        0x4 ./system/src/cmsis/system_stm32f4xx.o
                0x20000008                SystemCoreClock
 .data.MUART_Init
                0x2000000c        0xc ./src/MCAL/UART/UART_conf.o
                0x2000000c                MUART_Init
 .data.config_output_pin_push_pull
                0x20000018        0x5 ./src/MCAL/GPIO/GPIO_conf.o
                0x20000018                config_output_pin_push_pull
 .data.config_pin_Alt_fun
                0x2000001d        0x5 ./src/MCAL/GPIO/GPIO_conf.o
                0x2000001d                config_pin_Alt_fun
 .data.config_TFT_pins
                0x20000022        0x4 ./src/HAL/TFT/TFT_conf.o
                0x20000022                config_TFT_pins
 .data.M1       0x20000026        0x4 ./src/HAL/PWM_DCmotor/PWM_DCmotor_conf.o
                0x20000026                M1
 .data.M2       0x2000002a        0x4 ./src/HAL/PWM_DCmotor/PWM_DCmotor_conf.o
                0x2000002a                M2
 .data.M3       0x2000002e        0x4 ./src/HAL/PWM_DCmotor/PWM_DCmotor_conf.o
                0x2000002e                M3
 .data.M4       0x20000032        0x4 ./src/HAL/PWM_DCmotor/PWM_DCmotor_conf.o
                0x20000032                M4
 *(.data_end .data_end.*)
                0x20000038                . = ALIGN (0x4)
 *fill*         0x20000036        0x2 ff
                0x20000038                _edata = .
                0x20000038                __data_end__ = .

.igot.plt       0x20000038        0x0 load address 0x0800ccfc
 .igot.plt      0x20000038        0x0 ./system/src/stm32f4-hal/stm32f4xx_hal.o

.bss_CCMRAM     0x10000000        0x0
 *(.bss.CCMRAM .bss.CCMRAM.*)

.bss            0x20000038       0xf8
                0x20000038                __bss_start__ = .
                0x20000038                _sbss = .
 *(.bss_begin .bss_begin.*)
 *(.bss .bss.*)
 .bss.name.4309
                0x20000038        0x1 ./system/src/newlib/_syscalls.o
 .bss.MUART_clock
                0x20000039        0x4 ./src/MCAL/UART/UART_conf.o
                0x20000039                MUART_clock
 *fill*         0x2000003d        0x3 
 .bss.GS_u32FullOverFlowCounts
                0x20000040        0x4 ./src/MCAL/SYSTIC/SYSTIC_prog.o
 .bss.GS_u32PartOverFlowCounts
                0x20000044        0x4 ./src/MCAL/SYSTIC/SYSTIC_prog.o
 .bss.GS_u32ResumeFullOverFlowCounts
                0x20000048        0x4 ./src/MCAL/SYSTIC/SYSTIC_prog.o
 .bss.GS_u8SingleFlag
                0x2000004c        0x1 ./src/MCAL/SYSTIC/SYSTIC_prog.o
 *fill*         0x2000004d        0x3 
 .bss.G_u32SysTickSetCallBack
                0x20000050        0x4 ./src/MCAL/SYSTIC/SYSTIC_prog.o
 .bss.L_u8ReciveData
                0x20000054        0x1 ./src/main.o
                0x20000054                L_u8ReciveData
 *(COMMON)
 *fill*         0x20000055        0x3 
 COMMON         0x20000058        0x4 ./system/src/stm32f4-hal/stm32f4xx_hal.o
                0x20000058                uwTick
 COMMON         0x2000005c       0xd4 ./src/MCAL/UART/UART_program.o
                0x2000005c                global_u8String
                0x20000124                MUSART2_CallBack
                0x20000128                MUSART6_CallBack
                0x2000012c                MUSART1_CallBack
 *(.bss_end .bss_end.*)
                0x20000130                . = ALIGN (0x4)
                0x20000130                __bss_end__ = .
                0x20000130                _ebss = .

.noinit_CCMRAM
 *(.noinit.CCMRAM .noinit.CCMRAM.*)

.noinit         0x20000130        0x0
                0x20000130                _noinit = .
 *(.noinit .noinit.*)
                0x20000130                . = ALIGN (0x4)
                0x20000130                _end_noinit = .
                [!provide]                PROVIDE (end, _end_noinit)
                [!provide]                PROVIDE (_end, _end_noinit)
                [!provide]                PROVIDE (__end, _end_noinit)
                [!provide]                PROVIDE (__end__, _end_noinit)

._check_stack   0x20000130      0x100
                0x20000230                . = (. + _Minimum_Stack_Size)
 *fill*         0x20000130      0x100 

.b1text
 *(.b1text)
 *(.b1rodata)
 *(.b1rodata.*)

.eb0text
 *(.eb0text)
 *(.eb0rodata)
 *(.eb0rodata.*)

.eb1text
 *(.eb1text)
 *(.eb1rodata)
 *(.eb1rodata.*)

.eb2text
 *(.eb2text)
 *(.eb2rodata)
 *(.eb2rodata.*)

.eb3text
 *(.eb3text)
 *(.eb3rodata)
 *(.eb3rodata.*)

.stab
 *(.stab)

.stabstr
 *(.stabstr)

.stab.excl
 *(.stab.excl)

.stab.exclstr
 *(.stab.exclstr)

.stab.index
 *(.stab.index)

.stab.indexstr
 *(.stab.indexstr)

.comment        0x00000000       0x7e
 *(.comment)
 .comment       0x00000000       0x7e ./system/src/stm32f4-hal/stm32f4xx_hal.o
                                 0x7f (size before relaxing)
 .comment       0x0000007e       0x7f ./system/src/stm32f4-hal/stm32f4xx_hal_cortex.o
 .comment       0x0000007e       0x7f ./system/src/stm32f4-hal/stm32f4xx_hal_rcc.o
 .comment       0x0000007e       0x7f ./system/src/newlib/_exit.o
 .comment       0x0000007e       0x7f ./system/src/newlib/_startup.o
 .comment       0x0000007e       0x7f ./system/src/newlib/_syscalls.o
 .comment       0x0000007e       0x7f ./system/src/cortexm/_initialize_hardware.o
 .comment       0x0000007e       0x7f ./system/src/cortexm/_reset_hardware.o
 .comment       0x0000007e       0x7f ./system/src/cortexm/exception_handlers.o
 .comment       0x0000007e       0x7f ./system/src/cmsis/system_stm32f4xx.o
 .comment       0x0000007e       0x7f ./system/src/cmsis/vectors_stm32f401xc.o
 .comment       0x0000007e       0x7f ./src/MCAL/UART/UART_conf.o
 .comment       0x0000007e       0x7f ./src/MCAL/UART/UART_program.o
 .comment       0x0000007e       0x7f ./src/MCAL/Timer/Timer_prog.o
 .comment       0x0000007e       0x7f ./src/MCAL/SYSTIC/SYSTIC_prog.o
 .comment       0x0000007e       0x7f ./src/MCAL/SPI/SPI_prog.o
 .comment       0x0000007e       0x7f ./src/MCAL/RCC/RCC_prog.o
 .comment       0x0000007e       0x7f ./src/MCAL/NVIC/NVIC_prog.o
 .comment       0x0000007e       0x7f ./src/MCAL/GPIO/GPIO_conf.o
 .comment       0x0000007e       0x7f ./src/MCAL/GPIO/GPIO_prog.o
 .comment       0x0000007e       0x7f ./src/HAL/TFT/TFT_conf.o
 .comment       0x0000007e       0x7f ./src/HAL/TFT/TFT_prog.o
 .comment       0x0000007e       0x7f ./src/HAL/PWM_DCmotor/PWM_DCmotor_conf.o
 .comment       0x0000007e       0x7f ./src/HAL/PWM_DCmotor/PWM_DCmotor_prog.o
 .comment       0x0000007e       0x7f ./src/HAL/LED/LED_prog.o
 .comment       0x0000007e       0x7f ./src/_initialize_hardware.o
 .comment       0x0000007e       0x7f ./src/main.o
 .comment       0x0000007e       0x7f ./src/stm32f4xx_hal_msp.o

.ARM.attributes
                0x00000000       0x33
 .ARM.attributes
                0x00000000       0x33 ./system/src/stm32f4-hal/stm32f4xx_hal.o
 .ARM.attributes
                0x00000033       0x33 ./system/src/stm32f4-hal/stm32f4xx_hal_cortex.o
 .ARM.attributes
                0x00000066       0x33 ./system/src/stm32f4-hal/stm32f4xx_hal_rcc.o
 .ARM.attributes
                0x00000099       0x33 ./system/src/newlib/_exit.o
 .ARM.attributes
                0x000000cc       0x33 ./system/src/newlib/_startup.o
 .ARM.attributes
                0x000000ff       0x33 ./system/src/newlib/_syscalls.o
 .ARM.attributes
                0x00000132       0x33 ./system/src/cortexm/_initialize_hardware.o
 .ARM.attributes
                0x00000165       0x33 ./system/src/cortexm/_reset_hardware.o
 .ARM.attributes
                0x00000198       0x33 ./system/src/cortexm/exception_handlers.o
 .ARM.attributes
                0x000001cb       0x33 ./system/src/cmsis/system_stm32f4xx.o
 .ARM.attributes
                0x000001fe       0x33 ./system/src/cmsis/vectors_stm32f401xc.o
 .ARM.attributes
                0x00000231       0x33 ./src/MCAL/UART/UART_conf.o
 .ARM.attributes
                0x00000264       0x33 ./src/MCAL/UART/UART_program.o
 .ARM.attributes
                0x00000297       0x33 ./src/MCAL/Timer/Timer_prog.o
 .ARM.attributes
                0x000002ca       0x33 ./src/MCAL/SYSTIC/SYSTIC_prog.o
 .ARM.attributes
                0x000002fd       0x33 ./src/MCAL/SPI/SPI_prog.o
 .ARM.attributes
                0x00000330       0x33 ./src/MCAL/RCC/RCC_prog.o
 .ARM.attributes
                0x00000363       0x33 ./src/MCAL/NVIC/NVIC_prog.o
 .ARM.attributes
                0x00000396       0x33 ./src/MCAL/GPIO/GPIO_conf.o
 .ARM.attributes
                0x000003c9       0x33 ./src/MCAL/GPIO/GPIO_prog.o
 .ARM.attributes
                0x000003fc       0x33 ./src/HAL/TFT/TFT_conf.o
 .ARM.attributes
                0x0000042f       0x33 ./src/HAL/TFT/TFT_prog.o
 .ARM.attributes
                0x00000462       0x33 ./src/HAL/PWM_DCmotor/PWM_DCmotor_conf.o
 .ARM.attributes
                0x00000495       0x33 ./src/HAL/PWM_DCmotor/PWM_DCmotor_prog.o
 .ARM.attributes
                0x000004c8       0x33 ./src/HAL/LED/LED_prog.o
 .ARM.attributes
                0x000004fb       0x33 ./src/_initialize_hardware.o
 .ARM.attributes
                0x0000052e       0x33 ./src/main.o
 .ARM.attributes
                0x00000561       0x33 ./src/stm32f4xx_hal_msp.o
 .ARM.attributes
                0x00000594       0x1e f:/embedded/eclipse arm/imt_sdk_win_64/winarm/armgcc/bin/../lib/gcc/arm-none-eabi/7.2.1/thumb/v7e-m\libgcc.a(_arm_addsubsf3.o)
 .ARM.attributes
                0x000005b2       0x1e f:/embedded/eclipse arm/imt_sdk_win_64/winarm/armgcc/bin/../lib/gcc/arm-none-eabi/7.2.1/thumb/v7e-m\libgcc.a(_arm_muldivsf3.o)
 .ARM.attributes
                0x000005d0       0x1e f:/embedded/eclipse arm/imt_sdk_win_64/winarm/armgcc/bin/../lib/gcc/arm-none-eabi/7.2.1/thumb/v7e-m\libgcc.a(_arm_fixunssfsi.o)
 .ARM.attributes
                0x000005ee       0x1e f:/embedded/eclipse arm/imt_sdk_win_64/winarm/armgcc/bin/../lib/gcc/arm-none-eabi/7.2.1/thumb/v7e-m\libgcc.a(_aeabi_uldivmod.o)
 .ARM.attributes
                0x0000060c       0x2e f:/embedded/eclipse arm/imt_sdk_win_64/winarm/armgcc/bin/../lib/gcc/arm-none-eabi/7.2.1/thumb/v7e-m\libgcc.a(_udivmoddi4.o)
 .ARM.attributes
                0x0000063a       0x1e f:/embedded/eclipse arm/imt_sdk_win_64/winarm/armgcc/bin/../lib/gcc/arm-none-eabi/7.2.1/thumb/v7e-m\libgcc.a(_dvmd_tls.o)

.debug
 *(.debug)

.line
 *(.line)

.debug_srcinfo
 *(.debug_srcinfo)

.debug_sfnames
 *(.debug_sfnames)

.debug_aranges  0x00000000      0x750
 *(.debug_aranges)
 .debug_aranges
                0x00000000       0xb8 ./system/src/stm32f4-hal/stm32f4xx_hal.o
 .debug_aranges
                0x000000b8       0x98 ./system/src/stm32f4-hal/stm32f4xx_hal_cortex.o
 .debug_aranges
                0x00000150       0x80 ./system/src/stm32f4-hal/stm32f4xx_hal_rcc.o
 .debug_aranges
                0x000001d0       0x28 ./system/src/newlib/_exit.o
 .debug_aranges
                0x000001f8       0x40 ./system/src/newlib/_startup.o
 .debug_aranges
                0x00000238       0x30 ./system/src/newlib/_syscalls.o
 .debug_aranges
                0x00000268       0x28 ./system/src/cortexm/_initialize_hardware.o
 .debug_aranges
                0x00000290       0x20 ./system/src/cortexm/_reset_hardware.o
 .debug_aranges
                0x000002b0       0x80 ./system/src/cortexm/exception_handlers.o
 .debug_aranges
                0x00000330       0x28 ./system/src/cmsis/system_stm32f4xx.o
 .debug_aranges
                0x00000358       0x20 ./system/src/cmsis/vectors_stm32f401xc.o
 .debug_aranges
                0x00000378       0x18 ./src/MCAL/UART/UART_conf.o
 .debug_aranges
                0x00000390       0x98 ./src/MCAL/UART/UART_program.o
 .debug_aranges
                0x00000428       0x28 ./src/MCAL/Timer/Timer_prog.o
 .debug_aranges
                0x00000450       0x58 ./src/MCAL/SYSTIC/SYSTIC_prog.o
 .debug_aranges
                0x000004a8       0x30 ./src/MCAL/SPI/SPI_prog.o
 .debug_aranges
                0x000004d8       0x30 ./src/MCAL/RCC/RCC_prog.o
 .debug_aranges
                0x00000508       0x50 ./src/MCAL/NVIC/NVIC_prog.o
 .debug_aranges
                0x00000558       0x18 ./src/MCAL/GPIO/GPIO_conf.o
 .debug_aranges
                0x00000570       0x60 ./src/MCAL/GPIO/GPIO_prog.o
 .debug_aranges
                0x000005d0       0x18 ./src/HAL/TFT/TFT_conf.o
 .debug_aranges
                0x000005e8       0x70 ./src/HAL/TFT/TFT_prog.o
 .debug_aranges
                0x00000658       0x18 ./src/HAL/PWM_DCmotor/PWM_DCmotor_conf.o
 .debug_aranges
                0x00000670       0x38 ./src/HAL/PWM_DCmotor/PWM_DCmotor_prog.o
 .debug_aranges
                0x000006a8       0x38 ./src/HAL/LED/LED_prog.o
 .debug_aranges
                0x000006e0       0x28 ./src/_initialize_hardware.o
 .debug_aranges
                0x00000708       0x28 ./src/main.o
 .debug_aranges
                0x00000730       0x20 ./src/stm32f4xx_hal_msp.o

.debug_pubnames
 *(.debug_pubnames)

.debug_info     0x00000000     0xe4de
 *(.debug_info .gnu.linkonce.wi.*)
 .debug_info    0x00000000     0x1076 ./system/src/stm32f4-hal/stm32f4xx_hal.o
 .debug_info    0x00001076     0x15d1 ./system/src/stm32f4-hal/stm32f4xx_hal_cortex.o
 .debug_info    0x00002647     0x14a7 ./system/src/stm32f4-hal/stm32f4xx_hal_rcc.o
 .debug_info    0x00003aee      0x960 ./system/src/newlib/_exit.o
 .debug_info    0x0000444e      0x457 ./system/src/newlib/_startup.o
 .debug_info    0x000048a5      0xa15 ./system/src/newlib/_syscalls.o
 .debug_info    0x000052ba      0xada ./system/src/cortexm/_initialize_hardware.o
 .debug_info    0x00005d94      0xaec ./system/src/cortexm/_reset_hardware.o
 .debug_info    0x00006880      0xae5 ./system/src/cortexm/exception_handlers.o
 .debug_info    0x00007365      0xcfa ./system/src/cmsis/system_stm32f4xx.o
 .debug_info    0x0000805f       0xc6 ./system/src/cmsis/vectors_stm32f401xc.o
 .debug_info    0x00008125      0x14c ./src/MCAL/UART/UART_conf.o
 .debug_info    0x00008271      0x73a ./src/MCAL/UART/UART_program.o
 .debug_info    0x000089ab      0xd20 ./src/MCAL/Timer/Timer_prog.o
 .debug_info    0x000096cb      0x268 ./src/MCAL/SYSTIC/SYSTIC_prog.o
 .debug_info    0x00009933      0x4b8 ./src/MCAL/SPI/SPI_prog.o
 .debug_info    0x00009deb      0x2a0 ./src/MCAL/RCC/RCC_prog.o
 .debug_info    0x0000a08b      0x345 ./src/MCAL/NVIC/NVIC_prog.o
 .debug_info    0x0000a3d0      0x12e ./src/MCAL/GPIO/GPIO_conf.o
 .debug_info    0x0000a4fe      0x53d ./src/MCAL/GPIO/GPIO_prog.o
 .debug_info    0x0000aa3b       0xbc ./src/HAL/TFT/TFT_conf.o
 .debug_info    0x0000aaf7     0x16f5 ./src/HAL/TFT/TFT_prog.o
 .debug_info    0x0000c1ec       0xeb ./src/HAL/PWM_DCmotor/PWM_DCmotor_conf.o
 .debug_info    0x0000c2d7      0x227 ./src/HAL/PWM_DCmotor/PWM_DCmotor_prog.o
 .debug_info    0x0000c4fe      0x1a3 ./src/HAL/LED/LED_prog.o
 .debug_info    0x0000c6a1      0xd30 ./src/_initialize_hardware.o
 .debug_info    0x0000d3d1      0x81a ./src/main.o
 .debug_info    0x0000dbeb      0x8f3 ./src/stm32f4xx_hal_msp.o

.debug_abbrev   0x00000000     0x2e18
 *(.debug_abbrev)
 .debug_abbrev  0x00000000      0x340 ./system/src/stm32f4-hal/stm32f4xx_hal.o
 .debug_abbrev  0x00000340      0x3d3 ./system/src/stm32f4-hal/stm32f4xx_hal_cortex.o
 .debug_abbrev  0x00000713      0x3ef ./system/src/stm32f4-hal/stm32f4xx_hal_rcc.o
 .debug_abbrev  0x00000b02      0x210 ./system/src/newlib/_exit.o
 .debug_abbrev  0x00000d12      0x1bf ./system/src/newlib/_startup.o
 .debug_abbrev  0x00000ed1      0x231 ./system/src/newlib/_syscalls.o
 .debug_abbrev  0x00001102      0x1e9 ./system/src/cortexm/_initialize_hardware.o
 .debug_abbrev  0x000012eb      0x201 ./system/src/cortexm/_reset_hardware.o
 .debug_abbrev  0x000014ec      0x1fe ./system/src/cortexm/exception_handlers.o
 .debug_abbrev  0x000016ea      0x213 ./system/src/cmsis/system_stm32f4xx.o
 .debug_abbrev  0x000018fd       0x9a ./system/src/cmsis/vectors_stm32f401xc.o
 .debug_abbrev  0x00001997       0x62 ./src/MCAL/UART/UART_conf.o
 .debug_abbrev  0x000019f9      0x190 ./src/MCAL/UART/UART_program.o
 .debug_abbrev  0x00001b89      0x138 ./src/MCAL/Timer/Timer_prog.o
 .debug_abbrev  0x00001cc1      0x114 ./src/MCAL/SYSTIC/SYSTIC_prog.o
 .debug_abbrev  0x00001dd5      0x139 ./src/MCAL/SPI/SPI_prog.o
 .debug_abbrev  0x00001f0e       0xa5 ./src/MCAL/RCC/RCC_prog.o
 .debug_abbrev  0x00001fb3      0x12d ./src/MCAL/NVIC/NVIC_prog.o
 .debug_abbrev  0x000020e0       0x62 ./src/MCAL/GPIO/GPIO_conf.o
 .debug_abbrev  0x00002142      0x198 ./src/MCAL/GPIO/GPIO_prog.o
 .debug_abbrev  0x000022da       0x62 ./src/HAL/TFT/TFT_conf.o
 .debug_abbrev  0x0000233c      0x3b0 ./src/HAL/TFT/TFT_prog.o
 .debug_abbrev  0x000026ec       0x62 ./src/HAL/PWM_DCmotor/PWM_DCmotor_conf.o
 .debug_abbrev  0x0000274e       0xde ./src/HAL/PWM_DCmotor/PWM_DCmotor_prog.o
 .debug_abbrev  0x0000282c       0xae ./src/HAL/LED/LED_prog.o
 .debug_abbrev  0x000028da      0x238 ./src/_initialize_hardware.o
 .debug_abbrev  0x00002b12      0x140 ./src/main.o
 .debug_abbrev  0x00002c52      0x1c6 ./src/stm32f4xx_hal_msp.o

.debug_line     0x00000000     0x3204
 *(.debug_line)
 .debug_line    0x00000000      0x37d ./system/src/stm32f4-hal/stm32f4xx_hal.o
 .debug_line    0x0000037d      0x3fa ./system/src/stm32f4-hal/stm32f4xx_hal_cortex.o
 .debug_line    0x00000777      0x567 ./system/src/stm32f4-hal/stm32f4xx_hal_rcc.o
 .debug_line    0x00000cde      0x1b8 ./system/src/newlib/_exit.o
 .debug_line    0x00000e96      0x131 ./system/src/newlib/_startup.o
 .debug_line    0x00000fc7      0x1d1 ./system/src/newlib/_syscalls.o
 .debug_line    0x00001198      0x193 ./system/src/cortexm/_initialize_hardware.o
 .debug_line    0x0000132b      0x19f ./system/src/cortexm/_reset_hardware.o
 .debug_line    0x000014ca      0x1e5 ./system/src/cortexm/exception_handlers.o
 .debug_line    0x000016af      0x1bf ./system/src/cmsis/system_stm32f4xx.o
 .debug_line    0x0000186e       0x5a ./system/src/cmsis/vectors_stm32f401xc.o
 .debug_line    0x000018c8       0x7b ./src/MCAL/UART/UART_conf.o
 .debug_line    0x00001943      0x295 ./src/MCAL/UART/UART_program.o
 .debug_line    0x00001bd8      0x240 ./src/MCAL/Timer/Timer_prog.o
 .debug_line    0x00001e18      0x19a ./src/MCAL/SYSTIC/SYSTIC_prog.o
 .debug_line    0x00001fb2      0x15f ./src/MCAL/SPI/SPI_prog.o
 .debug_line    0x00002111       0xd7 ./src/MCAL/RCC/RCC_prog.o
 .debug_line    0x000021e8      0x10b ./src/MCAL/NVIC/NVIC_prog.o
 .debug_line    0x000022f3       0x76 ./src/MCAL/GPIO/GPIO_conf.o
 .debug_line    0x00002369      0x21f ./src/MCAL/GPIO/GPIO_prog.o
 .debug_line    0x00002588       0x70 ./src/HAL/TFT/TFT_conf.o
 .debug_line    0x000025f8      0x3f5 ./src/HAL/TFT/TFT_prog.o
 .debug_line    0x000029ed       0x93 ./src/HAL/PWM_DCmotor/PWM_DCmotor_conf.o
 .debug_line    0x00002a80      0x120 ./src/HAL/PWM_DCmotor/PWM_DCmotor_prog.o
 .debug_line    0x00002ba0      0x123 ./src/HAL/LED/LED_prog.o
 .debug_line    0x00002cc3      0x234 ./src/_initialize_hardware.o
 .debug_line    0x00002ef7      0x1a0 ./src/main.o
 .debug_line    0x00003097      0x16d ./src/stm32f4xx_hal_msp.o

.debug_frame    0x00000000      0xf34
 *(.debug_frame)
 .debug_frame   0x00000000      0x184 ./system/src/stm32f4-hal/stm32f4xx_hal.o
 .debug_frame   0x00000184      0x138 ./system/src/stm32f4-hal/stm32f4xx_hal_cortex.o
 .debug_frame   0x000002bc      0x140 ./system/src/stm32f4-hal/stm32f4xx_hal_rcc.o
 .debug_frame   0x000003fc       0x40 ./system/src/newlib/_exit.o
 .debug_frame   0x0000043c       0x80 ./system/src/newlib/_startup.o
 .debug_frame   0x000004bc       0x50 ./system/src/newlib/_syscalls.o
 .debug_frame   0x0000050c       0x38 ./system/src/cortexm/_initialize_hardware.o
 .debug_frame   0x00000544       0x20 ./system/src/cortexm/_reset_hardware.o
 .debug_frame   0x00000564       0xe0 ./system/src/cortexm/exception_handlers.o
 .debug_frame   0x00000644       0x38 ./system/src/cmsis/system_stm32f4xx.o
 .debug_frame   0x0000067c       0x20 ./system/src/cmsis/vectors_stm32f401xc.o
 .debug_frame   0x0000069c      0x138 ./src/MCAL/UART/UART_program.o
 .debug_frame   0x000007d4       0x40 ./src/MCAL/Timer/Timer_prog.o
 .debug_frame   0x00000814       0xbc ./src/MCAL/SYSTIC/SYSTIC_prog.o
 .debug_frame   0x000008d0       0x48 ./src/MCAL/SPI/SPI_prog.o
 .debug_frame   0x00000918       0x40 ./src/MCAL/RCC/RCC_prog.o
 .debug_frame   0x00000958       0x88 ./src/MCAL/NVIC/NVIC_prog.o
 .debug_frame   0x000009e0       0xec ./src/MCAL/GPIO/GPIO_prog.o
 .debug_frame   0x00000acc      0x190 ./src/HAL/TFT/TFT_prog.o
 .debug_frame   0x00000c5c       0x90 ./src/HAL/PWM_DCmotor/PWM_DCmotor_prog.o
 .debug_frame   0x00000cec       0x50 ./src/HAL/LED/LED_prog.o
 .debug_frame   0x00000d3c       0x50 ./src/_initialize_hardware.o
 .debug_frame   0x00000d8c       0x50 ./src/main.o
 .debug_frame   0x00000ddc       0x50 ./src/stm32f4xx_hal_msp.o
 .debug_frame   0x00000e2c       0x4c f:/embedded/eclipse arm/imt_sdk_win_64/winarm/armgcc/bin/../lib/gcc/arm-none-eabi/7.2.1/thumb/v7e-m\libgcc.a(_arm_addsubsf3.o)
 .debug_frame   0x00000e78       0x38 f:/embedded/eclipse arm/imt_sdk_win_64/winarm/armgcc/bin/../lib/gcc/arm-none-eabi/7.2.1/thumb/v7e-m\libgcc.a(_arm_muldivsf3.o)
 .debug_frame   0x00000eb0       0x24 f:/embedded/eclipse arm/imt_sdk_win_64/winarm/armgcc/bin/../lib/gcc/arm-none-eabi/7.2.1/thumb/v7e-m\libgcc.a(_arm_fixunssfsi.o)
 .debug_frame   0x00000ed4       0x2c f:/embedded/eclipse arm/imt_sdk_win_64/winarm/armgcc/bin/../lib/gcc/arm-none-eabi/7.2.1/thumb/v7e-m\libgcc.a(_aeabi_uldivmod.o)
 .debug_frame   0x00000f00       0x34 f:/embedded/eclipse arm/imt_sdk_win_64/winarm/armgcc/bin/../lib/gcc/arm-none-eabi/7.2.1/thumb/v7e-m\libgcc.a(_udivmoddi4.o)

.debug_str      0x00000000     0x293c
 *(.debug_str)
 .debug_str     0x00000000      0xca6 ./system/src/stm32f4-hal/stm32f4xx_hal.o
                                0xd35 (size before relaxing)
 .debug_str     0x00000ca6      0x39c ./system/src/stm32f4-hal/stm32f4xx_hal_cortex.o
                                0xe7d (size before relaxing)
 .debug_str     0x00001042      0x337 ./system/src/stm32f4-hal/stm32f4xx_hal_rcc.o
                                0xabe (size before relaxing)
 .debug_str     0x00001379       0x7a ./system/src/newlib/_exit.o
                                0x5ff (size before relaxing)
 .debug_str     0x000013f3      0x1a3 ./system/src/newlib/_startup.o
                                0x367 (size before relaxing)
 .debug_str     0x00001596       0x8a ./system/src/newlib/_syscalls.o
                                0x630 (size before relaxing)
 .debug_str     0x00001620       0x5e ./system/src/cortexm/_initialize_hardware.o
                                0x6a2 (size before relaxing)
 .debug_str     0x0000167e       0x28 ./system/src/cortexm/_reset_hardware.o
                                0x668 (size before relaxing)
 .debug_str     0x000016a6      0x11f ./system/src/cortexm/exception_handlers.o
                                0x6f8 (size before relaxing)
 .debug_str     0x000017c5       0x31 ./system/src/cmsis/system_stm32f4xx.o
                                0x787 (size before relaxing)
 .debug_str     0x000017f6       0x59 ./system/src/cmsis/vectors_stm32f401xc.o
                                0x1ea (size before relaxing)
 .debug_str     0x0000184f      0x105 ./src/MCAL/UART/UART_conf.o
                                0x282 (size before relaxing)
 .debug_str     0x00001954      0x2fa ./src/MCAL/UART/UART_program.o
                                0x57b (size before relaxing)
 .debug_str     0x00001c4e      0x104 ./src/MCAL/Timer/Timer_prog.o
                                0x340 (size before relaxing)
 .debug_str     0x00001d52      0x186 ./src/MCAL/SYSTIC/SYSTIC_prog.o
                                0x329 (size before relaxing)
 .debug_str     0x00001ed8       0xcc ./src/MCAL/SPI/SPI_prog.o
                                0x2f7 (size before relaxing)
 .debug_str     0x00001fa4       0xb5 ./src/MCAL/RCC/RCC_prog.o
                                0x342 (size before relaxing)
 .debug_str     0x00002059      0x188 ./src/MCAL/NVIC/NVIC_prog.o
                                0x376 (size before relaxing)
 .debug_str     0x000021e1       0xa2 ./src/MCAL/GPIO/GPIO_conf.o
                                0x28e (size before relaxing)
 .debug_str     0x00002283      0x17a ./src/MCAL/GPIO/GPIO_prog.o
                                0x3af (size before relaxing)
 .debug_str     0x000023fd       0x5c ./src/HAL/TFT/TFT_conf.o
                                0x1df (size before relaxing)
 .debug_str     0x00002459      0x2ce ./src/HAL/TFT/TFT_prog.o
                                0x969 (size before relaxing)
 .debug_str     0x00002727       0x7d ./src/HAL/PWM_DCmotor/PWM_DCmotor_conf.o
                                0x200 (size before relaxing)
 .debug_str     0x000027a4       0x7b ./src/HAL/PWM_DCmotor/PWM_DCmotor_prog.o
                                0x270 (size before relaxing)
 .debug_str     0x0000281f       0x6b ./src/HAL/LED/LED_prog.o
                                0x282 (size before relaxing)
 .debug_str     0x0000288a       0x31 ./src/_initialize_hardware.o
                                0x8b2 (size before relaxing)
 .debug_str     0x000028bb       0x44 ./src/main.o
                                0x423 (size before relaxing)
 .debug_str     0x000028ff       0x3d ./src/stm32f4xx_hal_msp.o
                                0x603 (size before relaxing)

.debug_loc      0x00000000     0x2aa7
 *(.debug_loc)
 .debug_loc     0x00000000       0x92 ./system/src/stm32f4-hal/stm32f4xx_hal.o
 .debug_loc     0x00000092      0x47a ./system/src/stm32f4-hal/stm32f4xx_hal_cortex.o
 .debug_loc     0x0000050c      0x495 ./system/src/stm32f4-hal/stm32f4xx_hal_rcc.o
 .debug_loc     0x000009a1       0x21 ./system/src/newlib/_exit.o
 .debug_loc     0x000009c2      0x22d ./system/src/newlib/_startup.o
 .debug_loc     0x00000bef       0x63 ./system/src/newlib/_syscalls.o
 .debug_loc     0x00000c52      0x11c ./system/src/cmsis/system_stm32f4xx.o
 .debug_loc     0x00000d6e      0x1ec ./src/MCAL/UART/UART_program.o
 .debug_loc     0x00000f5a      0x7ab ./src/MCAL/Timer/Timer_prog.o
 .debug_loc     0x00001705       0xd3 ./src/MCAL/SYSTIC/SYSTIC_prog.o
 .debug_loc     0x000017d8       0xe7 ./src/MCAL/SPI/SPI_prog.o
 .debug_loc     0x000018bf      0x134 ./src/MCAL/RCC/RCC_prog.o
 .debug_loc     0x000019f3      0x1ba ./src/MCAL/NVIC/NVIC_prog.o
 .debug_loc     0x00001bad      0x6ba ./src/MCAL/GPIO/GPIO_prog.o
 .debug_loc     0x00002267      0x6df ./src/HAL/TFT/TFT_prog.o
 .debug_loc     0x00002946       0x92 ./src/HAL/PWM_DCmotor/PWM_DCmotor_prog.o
 .debug_loc     0x000029d8       0x84 ./src/HAL/LED/LED_prog.o
 .debug_loc     0x00002a5c       0x4b ./src/main.o

.debug_macinfo
 *(.debug_macinfo)

.debug_weaknames
 *(.debug_weaknames)

.debug_funcnames
 *(.debug_funcnames)

.debug_typenames
 *(.debug_typenames)

.debug_varnames
 *(.debug_varnames)
OUTPUT(llllllllll.elf elf32-littlearm)

.debug_ranges   0x00000000      0x900
 .debug_ranges  0x00000000       0xa8 ./system/src/stm32f4-hal/stm32f4xx_hal.o
 .debug_ranges  0x000000a8      0x128 ./system/src/stm32f4-hal/stm32f4xx_hal_cortex.o
 .debug_ranges  0x000001d0      0x168 ./system/src/stm32f4-hal/stm32f4xx_hal_rcc.o
 .debug_ranges  0x00000338       0x18 ./system/src/newlib/_exit.o
 .debug_ranges  0x00000350       0xd0 ./system/src/newlib/_startup.o
 .debug_ranges  0x00000420       0x20 ./system/src/newlib/_syscalls.o
 .debug_ranges  0x00000440       0x18 ./system/src/cortexm/_initialize_hardware.o
 .debug_ranges  0x00000458       0x10 ./system/src/cortexm/_reset_hardware.o
 .debug_ranges  0x00000468       0x70 ./system/src/cortexm/exception_handlers.o
 .debug_ranges  0x000004d8       0x18 ./system/src/cmsis/system_stm32f4xx.o
 .debug_ranges  0x000004f0       0x10 ./system/src/cmsis/vectors_stm32f401xc.o
 .debug_ranges  0x00000500       0x88 ./src/MCAL/UART/UART_program.o
 .debug_ranges  0x00000588       0xa0 ./src/MCAL/Timer/Timer_prog.o
 .debug_ranges  0x00000628       0x48 ./src/MCAL/SYSTIC/SYSTIC_prog.o
 .debug_ranges  0x00000670       0x20 ./src/MCAL/SPI/SPI_prog.o
 .debug_ranges  0x00000690       0x20 ./src/MCAL/RCC/RCC_prog.o
 .debug_ranges  0x000006b0       0x40 ./src/MCAL/NVIC/NVIC_prog.o
 .debug_ranges  0x000006f0       0xb0 ./src/MCAL/GPIO/GPIO_prog.o
 .debug_ranges  0x000007a0       0xd0 ./src/HAL/TFT/TFT_prog.o
 .debug_ranges  0x00000870       0x28 ./src/HAL/PWM_DCmotor/PWM_DCmotor_prog.o
 .debug_ranges  0x00000898       0x28 ./src/HAL/LED/LED_prog.o
 .debug_ranges  0x000008c0       0x18 ./src/_initialize_hardware.o
 .debug_ranges  0x000008d8       0x18 ./src/main.o
 .debug_ranges  0x000008f0       0x10 ./src/stm32f4xx_hal_msp.o
