22:12:35 **** Incremental Build of configuration Release for project 12-I2C ****
make all 
Building file: ../src/main.c
Invoking: Cross ARM GNU C Compiler
arm-none-eabi-gcc -mcpu=cortex-m4 -mthumb -mfloat-abi=soft -Os -fmessage-length=0 -fsigned-char -ffunction-sections -fdata-sections -ffreestanding -Wall -Wextra  -g -DNDEBUG -DSTM32F401xC -DUSE_HAL_DRIVER -DHSE_VALUE=18000000 -I"../include" -I"../system/include" -I"../system/include/cmsis" -I"../system/include/stm32f4-hal" -std=gnu11 -MMD -MP -MF"src/main.d" -MT"src/main.o" -c -o "src/main.o" "../src/main.c"
Finished building: ../src/main.c
 
Building target: 12-I2C.elf
Invoking: Cross ARM GNU C++ Linker
arm-none-eabi-g++ -mcpu=cortex-m4 -mthumb -mfloat-abi=soft -Os -fmessage-length=0 -fsigned-char -ffunction-sections -fdata-sections -ffreestanding -Wall -Wextra  -g -T mem.ld -T libs.ld -T sections.ld -nostartfiles -Xlinker --gc-sections -L"../ldscripts" -Wl,-Map,"12-I2C.map" --specs=nano.specs -o "12-I2C.elf"  ./system/src/stm32f4-hal/stm32f4xx_hal.o ./system/src/stm32f4-hal/stm32f4xx_hal_cortex.o ./system/src/stm32f4-hal/stm32f4xx_hal_dfsdm.o ./system/src/stm32f4-hal/stm32f4xx_hal_flash.o ./system/src/stm32f4-hal/stm32f4xx_hal_gpio.o ./system/src/stm32f4-hal/stm32f4xx_hal_iwdg.o ./system/src/stm32f4-hal/stm32f4xx_hal_pwr.o ./system/src/stm32f4-hal/stm32f4xx_hal_rcc.o  ./system/src/newlib/_cxx.o ./system/src/newlib/_exit.o ./system/src/newlib/_sbrk.o ./system/src/newlib/_startup.o ./system/src/newlib/_syscalls.o ./system/src/newlib/assert.o  ./system/src/diag/Trace.o ./system/src/diag/trace_impl.o  ./system/src/cortexm/_initialize_hardware.o ./system/src/cortexm/_reset_hardware.o ./system/src/cortexm/exception_handlers.o  ./system/src/cmsis/system_stm32f4xx.o ./system/src/cmsis/vectors_stm32f401xc.o  ./src/MCAL/STK/STK_prg.o  ./src/MCAL/SPI/SPI_cfg.o ./src/MCAL/SPI/SPI_prg.o  ./src/MCAL/RCC/RCC_prg.o  ./src/MCAL/NVIC/NVIC_prg.o  ./src/MCAL/GPIO/GPIO_prg.o  ./src/MCAL/EXTI/EXTI_prg.o  ./src/HAL/TFT/TFT_prg.o  ./src/HAL/SSD/SSD_prg.o  ./src/HAL/S2P/S2P_prg.o ./src/HAL/S2P/s2p_cfg.o  ./src/HAL/LEDMTX/LEDMTX_cfg.o ./src/HAL/LEDMTX/LEDMTX_prg.o  ./src/_initialize_hardware.o ./src/main.o ./src/stm32f4xx_hal_msp.o   
Finished building target: 12-I2C.elf
 
Invoking: Cross ARM GNU Create Flash Image
arm-none-eabi-objcopy -O ihex "12-I2C.elf"  "12-I2C.hex"
Finished building: 12-I2C.hex
 
Invoking: Cross ARM GNU Print Size
arm-none-eabi-size --format=berkeley "12-I2C.elf"
   text	   data	    bss	    dec	    hex	filename
  45416	    108	    272	  45796	   b2e4	12-I2C.elf
Finished building: 12-I2C.siz
 

22:12:44 Build Finished (took 9s.1ms)

