22:29:07 **** Incremental Build of configuration Release for project 13-Flash_Driver ****
make all 
Building target: 13-Flash_Driver.elf
Invoking: Cross ARM GNU C++ Linker
arm-none-eabi-g++ -mcpu=cortex-m4 -mthumb -mfloat-abi=soft -Os -fmessage-length=0 -fsigned-char -ffunction-sections -fdata-sections -ffreestanding -Wall -Wextra  -g -T mem.ld -T libs.ld -T sections.ld -nostartfiles -Xlinker --gc-sections -L"../ldscripts" -Wl,-Map,"13-Flash_Driver.map" --specs=nano.specs -o "13-Flash_Driver.elf"  ./system/src/stm32f4-hal/stm32f4xx_hal.o ./system/src/stm32f4-hal/stm32f4xx_hal_cortex.o ./system/src/stm32f4-hal/stm32f4xx_hal_dfsdm.o ./system/src/stm32f4-hal/stm32f4xx_hal_flash.o ./system/src/stm32f4-hal/stm32f4xx_hal_gpio.o ./system/src/stm32f4-hal/stm32f4xx_hal_iwdg.o ./system/src/stm32f4-hal/stm32f4xx_hal_pwr.o ./system/src/stm32f4-hal/stm32f4xx_hal_rcc.o  ./system/src/newlib/_cxx.o ./system/src/newlib/_exit.o ./system/src/newlib/_sbrk.o ./system/src/newlib/_startup.o ./system/src/newlib/_syscalls.o ./system/src/newlib/assert.o  ./system/src/diag/Trace.o ./system/src/diag/trace_impl.o  ./system/src/cortexm/_initialize_hardware.o ./system/src/cortexm/_reset_hardware.o ./system/src/cortexm/exception_handlers.o  ./system/src/cmsis/system_stm32f4xx.o ./system/src/cmsis/vectors_stm32f401xc.o  ./src/MCAL/UART/UART_prg.o  ./src/MCAL/STK/STK_prg.o  ./src/MCAL/RCC/RCC_prg.o  ./src/MCAL/NVAC/NVIC_prg.o  ./src/MCAL/GPIO/GPIO_prg.o  ./src/MCAL/FMI/FMI_prg.o  ./src/MCAL/EXTI/EXTI_prg.o  ./src/MCAL/DMA/DMA_prg.o  ./src/HAL/SSD/SSD_prg.o  ./src/HAL/S2P/S2P_prg.o ./src/HAL/S2P/s2p_cfg.o  ./src/HAL/LEDMTX/LEDMTX_cfg.o ./src/HAL/LEDMTX/LEDMTX_prg.o  ./src/_initialize_hardware.o ./src/main.o ./src/stm32f4xx_hal_msp.o   
Finished building target: 13-Flash_Driver.elf
 
Invoking: Cross ARM GNU Create Flash Image
arm-none-eabi-objcopy -O ihex "13-Flash_Driver.elf"  "13-Flash_Driver.hex"
Finished building: 13-Flash_Driver.hex
 
Invoking: Cross ARM GNU Print Size
arm-none-eabi-size --format=berkeley "13-Flash_Driver.elf"
   text	   data	    bss	    dec	    hex	filename
   3118	     52	    304	   3474	    d92	13-Flash_Driver.elf
Finished building: 13-Flash_Driver.siz
 

22:29:08 Build Finished (took 1s.367ms)

