21:30:43 **** Incremental Build of configuration Release for project llllllllll ****
make all 
Building file: ../src/HAL/TFT/TFT_prog.c
Invoking: Cross ARM GNU C Compiler
arm-none-eabi-gcc -mcpu=cortex-m4 -mthumb -mfloat-abi=soft -Os -fmessage-length=0 -fsigned-char -ffunction-sections -fdata-sections -ffreestanding -Wall -Wextra  -g -DNDEBUG -DSTM32F401xC -DUSE_HAL_DRIVER -DHSE_VALUE=18000000 -I"../include" -I"../system/include" -I"../system/include/cmsis" -I"../system/include/stm32f4-hal" -std=gnu11 -MMD -MP -MF"src/HAL/TFT/TFT_prog.d" -MT"src/HAL/TFT/TFT_prog.o" -c -o "src/HAL/TFT/TFT_prog.o" "../src/HAL/TFT/TFT_prog.c"
Finished building: ../src/HAL/TFT/TFT_prog.c
 
Building target: llllllllll.elf
Invoking: Cross ARM GNU C++ Linker
arm-none-eabi-g++ -mcpu=cortex-m4 -mthumb -mfloat-abi=soft -Os -fmessage-length=0 -fsigned-char -ffunction-sections -fdata-sections -ffreestanding -Wall -Wextra  -g -T mem.ld -T libs.ld -T sections.ld -nostartfiles -Xlinker --gc-sections -L"../ldscripts" -Wl,-Map,"llllllllll.map" --specs=nano.specs -o "llllllllll.elf"  ./system/src/stm32f4-hal/stm32f4xx_hal.o ./system/src/stm32f4-hal/stm32f4xx_hal_cortex.o ./system/src/stm32f4-hal/stm32f4xx_hal_dfsdm.o ./system/src/stm32f4-hal/stm32f4xx_hal_flash.o ./system/src/stm32f4-hal/stm32f4xx_hal_gpio.o ./system/src/stm32f4-hal/stm32f4xx_hal_iwdg.o ./system/src/stm32f4-hal/stm32f4xx_hal_pwr.o ./system/src/stm32f4-hal/stm32f4xx_hal_rcc.o  ./system/src/newlib/_cxx.o ./system/src/newlib/_exit.o ./system/src/newlib/_sbrk.o ./system/src/newlib/_startup.o ./system/src/newlib/_syscalls.o ./system/src/newlib/assert.o  ./system/src/diag/Trace.o ./system/src/diag/trace_impl.o  ./system/src/cortexm/_initialize_hardware.o ./system/src/cortexm/_reset_hardware.o ./system/src/cortexm/exception_handlers.o  ./system/src/cmsis/system_stm32f4xx.o ./system/src/cmsis/vectors_stm32f401xc.o  ./src/MCAL/UART/UART_conf.o ./src/MCAL/UART/UART_program.o  ./src/MCAL/Timer/Timer_prog.o  ./src/MCAL/SYSTIC/SYSTIC_prog.o  ./src/MCAL/SPI/SPI_conf.o ./src/MCAL/SPI/SPI_prog.o  ./src/MCAL/RCC/RCC_prog.o  ./src/MCAL/NVIC/NVIC_prog.o  ./src/MCAL/GPIO/GPIO_conf.o ./src/MCAL/GPIO/GPIO_prog.o  ./src/HAL/TFT/TFT_conf.o ./src/HAL/TFT/TFT_prog.o  ./src/HAL/PWM_DCmotor/PWM_DCmotor_conf.o ./src/HAL/PWM_DCmotor/PWM_DCmotor_prog.o  ./src/HAL/LED/LED_prog.o  ./src/_initialize_hardware.o ./src/_write.o ./src/main.o ./src/stm32f4xx_hal_msp.o   
Finished building target: llllllllll.elf
 
Invoking: Cross ARM GNU Create Flash Image
arm-none-eabi-objcopy -O ihex "llllllllll.elf"  "llllllllll.hex"
Finished building: llllllllll.hex
 
Invoking: Cross ARM GNU Print Size
arm-none-eabi-size --format=berkeley "llllllllll.elf"
   text	   data	    bss	    dec	    hex	filename
  52377	     96	    504	  52977	   cef1	llllllllll.elf
Finished building: llllllllll.siz
 

21:30:44 Build Finished (took 891ms)

