21:33:27 **** Incremental Build of configuration Release for project ssssssssss ****
make all 
Building file: ../src/MCAL/GPIO/GPIO_prg.c
Invoking: Cross ARM GNU C Compiler
arm-none-eabi-gcc -mcpu=cortex-m4 -mthumb -mfloat-abi=soft -Os -fmessage-length=0 -fsigned-char -ffunction-sections -fdata-sections -ffreestanding -Wall -Wextra  -g -DNDEBUG -DSTM32F401xC -DUSE_HAL_DRIVER -DHSE_VALUE=8000000 -I"../include" -I"../system/include" -I"../system/include/cmsis" -I"../system/include/stm32f4-hal" -std=gnu11 -MMD -MP -MF"src/MCAL/GPIO/GPIO_prg.d" -MT"src/MCAL/GPIO/GPIO_prg.o" -c -o "src/MCAL/GPIO/GPIO_prg.o" "../src/MCAL/GPIO/GPIO_prg.c"
Finished building: ../src/MCAL/GPIO/GPIO_prg.c
 
Building target: ssssssssss.elf
Invoking: Cross ARM GNU C++ Linker
arm-none-eabi-g++ -mcpu=cortex-m4 -mthumb -mfloat-abi=soft -Os -fmessage-length=0 -fsigned-char -ffunction-sections -fdata-sections -ffreestanding -Wall -Wextra  -g -T mem.ld -T libs.ld -T sections.ld -nostartfiles -Xlinker --gc-sections -L"../ldscripts" -Wl,-Map,"ssssssssss.map" --specs=nano.specs -o "ssssssssss.elf"  ./system/src/stm32f4-hal/stm32f4xx_hal.o ./system/src/stm32f4-hal/stm32f4xx_hal_cortex.o ./system/src/stm32f4-hal/stm32f4xx_hal_dfsdm.o ./system/src/stm32f4-hal/stm32f4xx_hal_flash.o ./system/src/stm32f4-hal/stm32f4xx_hal_gpio.o ./system/src/stm32f4-hal/stm32f4xx_hal_iwdg.o ./system/src/stm32f4-hal/stm32f4xx_hal_pwr.o ./system/src/stm32f4-hal/stm32f4xx_hal_rcc.o  ./system/src/newlib/_cxx.o ./system/src/newlib/_exit.o ./system/src/newlib/_sbrk.o ./system/src/newlib/_startup.o ./system/src/newlib/_syscalls.o ./system/src/newlib/assert.o  ./system/src/diag/Trace.o ./system/src/diag/trace_impl.o  ./system/src/cortexm/_initialize_hardware.o ./system/src/cortexm/_reset_hardware.o ./system/src/cortexm/exception_handlers.o  ./system/src/cmsis/system_stm32f4xx.o ./system/src/cmsis/vectors_stm32f401xc.o  ./src/MCAL/STK/STK_prog.o  ./src/MCAL/RCC/RCC_Prog.o  ./src/MCAL/NVIC/NVIC_prg.o  ./src/MCAL/GPIO/GPIO_prg.o  ./src/_initialize_hardware.o ./src/_write.o ./src/main.o ./src/stm32f4xx_hal_msp.o   
Finished building target: ssssssssss.elf
 
Invoking: Cross ARM GNU Create Flash Image
arm-none-eabi-objcopy -O ihex "ssssssssss.elf"  "ssssssssss.hex"
Finished building: ssssssssss.hex
 
Invoking: Cross ARM GNU Print Size
arm-none-eabi-size --format=berkeley "ssssssssss.elf"
   text	   data	    bss	    dec	    hex	filename
   3348	     52	    272	   3672	    e58	ssssssssss.elf
Finished building: ssssssssss.siz
 

21:33:30 Build Finished (took 2s.618ms)

